Component: Arm Compiler for Embedded 6.22 Tool: armlink [5ee90200]

==============================================================================

Section Cross References

    ec_rccar_manualmode.o(.text.main) refers to ec_rccar_manualmode.o(.text.setup) for setup
    ec_rccar_manualmode.o(.ARM.exidx.text.main) refers to ec_rccar_manualmode.o(.text.main) for [Anonymous Symbol]
    ec_rccar_manualmode.o(.text.setup) refers to ecrcc2.o(.text.RCC_PLL_init) for RCC_PLL_init
    ec_rccar_manualmode.o(.text.setup) refers to ecsystick2.o(.text.SysTick_init) for SysTick_init
    ec_rccar_manualmode.o(.text.setup) refers to ecuart2.o(.text.UART2_init) for UART2_init
    ec_rccar_manualmode.o(.text.setup) refers to ecuart2.o(.text.UART1_init) for UART1_init
    ec_rccar_manualmode.o(.text.setup) refers to ectim2.o(.text.TIM_UI_init) for TIM_UI_init
    ec_rccar_manualmode.o(.text.setup) refers to ecgpio2_student.o(.text.GPIO_init) for GPIO_init
    ec_rccar_manualmode.o(.text.setup) refers to ecgpio2_student.o(.text.GPIO_otype) for GPIO_otype
    ec_rccar_manualmode.o(.text.setup) refers to ecpwm2.o(.text.PWM_init) for PWM_init
    ec_rccar_manualmode.o(.text.setup) refers to ecpwm2.o(.text.PWM_period) for PWM_period
    ec_rccar_manualmode.o(.ARM.exidx.text.setup) refers to ec_rccar_manualmode.o(.text.setup) for [Anonymous Symbol]
    ec_rccar_manualmode.o(.text.TIM3_IRQHandler) refers to ectim2.o(.text.is_UIF) for is_UIF
    ec_rccar_manualmode.o(.text.TIM3_IRQHandler) refers to ec_rccar_manualmode.o(.bss.k) for k
    ec_rccar_manualmode.o(.text.TIM3_IRQHandler) refers to ec_rccar_manualmode.o(.bss.currentState) for currentState
    ec_rccar_manualmode.o(.text.TIM3_IRQHandler) refers to ec_rccar_manualmode.o(.bss.BT_string) for BT_string
    ec_rccar_manualmode.o(.text.TIM3_IRQHandler) refers to ec_rccar_manualmode.o(.rodata.str1.1) for .L.str
    ec_rccar_manualmode.o(.text.TIM3_IRQHandler) refers to sprintf.o(.text) for sprintf
    ec_rccar_manualmode.o(.text.TIM3_IRQHandler) refers to ecuart2.o(.text.USART_write) for USART_write
    ec_rccar_manualmode.o(.text.TIM3_IRQHandler) refers to ectim2.o(.text.clear_UIF) for clear_UIF
    ec_rccar_manualmode.o(.ARM.exidx.text.TIM3_IRQHandler) refers to ec_rccar_manualmode.o(.text.TIM3_IRQHandler) for [Anonymous Symbol]
    ec_rccar_manualmode.o(.text.USART1_IRQHandler) refers to ecuart2.o(.text.is_USART1_RXNE) for is_USART1_RXNE
    ec_rccar_manualmode.o(.text.USART1_IRQHandler) refers to ecuart2.o(.text.USART1_read) for USART1_read
    ec_rccar_manualmode.o(.text.USART1_IRQHandler) refers to ec_rccar_manualmode.o(.bss.BT_Data) for BT_Data
    ec_rccar_manualmode.o(.text.USART1_IRQHandler) refers to ec_rccar_manualmode.o(.bss.k) for k
    ec_rccar_manualmode.o(.text.USART1_IRQHandler) refers to ec_rccar_manualmode.o(.bss.currentState) for currentState
    ec_rccar_manualmode.o(.text.USART1_IRQHandler) refers to ec_rccar_manualmode.o(.text.STATE_S2) for STATE_S2
    ec_rccar_manualmode.o(.text.USART1_IRQHandler) refers to ec_rccar_manualmode.o(.text.STATE_S5) for STATE_S5
    ec_rccar_manualmode.o(.text.USART1_IRQHandler) refers to ec_rccar_manualmode.o(.text.STATE_S3) for STATE_S3
    ec_rccar_manualmode.o(.text.USART1_IRQHandler) refers to ec_rccar_manualmode.o(.text.STATE_S4) for STATE_S4
    ec_rccar_manualmode.o(.text.USART1_IRQHandler) refers to ec_rccar_manualmode.o(.text.STATE_S6) for STATE_S6
    ec_rccar_manualmode.o(.text.USART1_IRQHandler) refers to ec_rccar_manualmode.o(.text.STATE_S7) for STATE_S7
    ec_rccar_manualmode.o(.text.USART1_IRQHandler) refers to ec_rccar_manualmode.o(.bss.BT_string) for BT_string
    ec_rccar_manualmode.o(.text.USART1_IRQHandler) refers to ec_rccar_manualmode.o(.rodata.str1.1) for .L.str.1
    ec_rccar_manualmode.o(.text.USART1_IRQHandler) refers to sprintf.o(.text) for sprintf
    ec_rccar_manualmode.o(.text.USART1_IRQHandler) refers to ecuart2.o(.text.USART_write) for USART_write
    ec_rccar_manualmode.o(.text.USART1_IRQHandler) refers to ec_rccar_manualmode.o(.text.STATE_S0) for STATE_S0
    ec_rccar_manualmode.o(.text.USART1_IRQHandler) refers to ec_rccar_manualmode.o(.text.STATE_S1) for STATE_S1
    ec_rccar_manualmode.o(.text.USART1_IRQHandler) refers to ec_rccar_manualmode.o(.text.STATE_S8) for STATE_S8
    ec_rccar_manualmode.o(.text.USART1_IRQHandler) refers to ec_rccar_manualmode.o(.text.STATE_S14) for STATE_S14
    ec_rccar_manualmode.o(.text.USART1_IRQHandler) refers to ec_rccar_manualmode.o(.text.STATE_S9) for STATE_S9
    ec_rccar_manualmode.o(.text.USART1_IRQHandler) refers to ec_rccar_manualmode.o(.text.STATE_S10) for STATE_S10
    ec_rccar_manualmode.o(.text.USART1_IRQHandler) refers to ec_rccar_manualmode.o(.text.STATE_S11) for STATE_S11
    ec_rccar_manualmode.o(.text.USART1_IRQHandler) refers to ec_rccar_manualmode.o(.text.STATE_S12) for STATE_S12
    ec_rccar_manualmode.o(.text.USART1_IRQHandler) refers to ec_rccar_manualmode.o(.text.STATE_S15) for STATE_S15
[...]
    .text                                    0x08001278   Section        8  rt_locale_intlibspace.o(.text)
    .text                                    0x08001280   Section        0  _printf_fp_infnan.o(.text)
    .text                                    0x08001300   Section        0  bigflt0.o(.text)
    .text                                    0x080013e4   Section        0  exit.o(.text)
    .text                                    0x080013f8   Section        8  libspace.o(.text)
    .text                                    0x08001400   Section      124  strcmpv7em.o(.text)
    .text                                    0x0800147c   Section        0  sys_exit.o(.text)
    .text                                    0x08001488   Section        2  use_no_semi.o(.text)
    .text                                    0x0800148a   Section        0  indicate_semi.o(.text)
    [Anonymous Symbol]                       0x0800148c   Section        0  ecgpio2_student.o(.text.GPIO_init)
    [Anonymous Symbol]                       0x080014f0   Section        0  ecgpio2_student.o(.text.GPIO_mode)
    [Anonymous Symbol]                       0x08001530   Section        0  ecgpio2_student.o(.text.GPIO_ospeed)
    [Anonymous Symbol]                       0x08001570   Section        0  ecgpio2_student.o(.text.GPIO_otype)
    [Anonymous Symbol]                       0x080015ac   Section        0  ecgpio2_student.o(.text.GPIO_pupd)
    [Anonymous Symbol]                       0x080015ec   Section        0  ecgpio2_student.o(.text.GPIO_write)
    [Anonymous Symbol]                       0x08001628   Section        0  ecpwm2.o(.text.PWM_duty)
    [Anonymous Symbol]                       0x080016b4   Section        0  ecpwm2.o(.text.PWM_init)
    [Anonymous Symbol]                       0x08001a08   Section        0  ecpwm2.o(.text.PWM_period)
    [Anonymous Symbol]                       0x08001a20   Section        0  ecpwm2.o(.text.PWM_period_ms)
    [Anonymous Symbol]                       0x08001a50   Section        0  ecpwm2.o(.text.PWM_pinmap)
    [Anonymous Symbol]                       0x08001c6c   Section        0  ecrcc2.o(.text.RCC_GPIOA_enable)
    [Anonymous Symbol]                       0x08001c80   Section        0  ecrcc2.o(.text.RCC_GPIOB_enable)
    [Anonymous Symbol]                       0x08001c94   Section        0  ecrcc2.o(.text.RCC_GPIOC_enable)
    [Anonymous Symbol]                       0x08001ca8   Section        0  ecrcc2.o(.text.RCC_PLL_init)
    [Anonymous Symbol]                       0x08001dbc   Section        0  ec_rccar_manualmode.o(.text.STATE_S0)
    [Anonymous Symbol]                       0x08001ebc   Section        0  ec_rccar_manualmode.o(.text.STATE_S1)
    [Anonymous Symbol]                       0x08001fbc   Section        0  ec_rccar_manualmode.o(.text.STATE_S10)
    [Anonymous Symbol]                       0x080020b8   Section        0  ec_rccar_manualmode.o(.text.STATE_S11)
    [Anonymous Symbol]                       0x080021b4   Section        0  ec_rccar_manualmode.o(.text.STATE_S12)
    [Anonymous Symbol]                       0x080022ac   Section        0  ec_rccar_manualmode.o(.text.STATE_S13)
    [Anonymous Symbol]                       0x080023a8   Section        0  ec_rccar_manualmode.o(.text.STATE_S14)
    [Anonymous Symbol]                       0x080024a4   Section        0  ec_rccar_manualmode.o(.text.STATE_S15)
    [Anonymous Symbol]                       0x080025a0   Section        0  ec_rccar_manualmode.o(.text.STATE_S16)
    [Anonymous Symbol]                       0x0800269c   Section        0  ec_rccar_manualmode.o(.text.STATE_S17)
    [Anonymous Symbol]                       0x08002798   Section        0  ec_rccar_manualmode.o(.text.STATE_S18)
    [Anonymous Symbol]                       0x08002894   Section        0  ec_rccar_manualmode.o(.text.STATE_S19)
    [Anonymous Symbol]                       0x08002990   Section        0  ec_rccar_manualmode.o(.text.STATE_S2)
    [Anonymous Symbol]                       0x08002a8c   Section        0  ec_rccar_manualmode.o(.text.STATE_S3)
    [Anonymous Symbol]                       0x08002b88   Section        0  ec_rccar_manualmode.o(.text.STATE_S4)
    [Anonymous Symbol]                       0x08002c84   Section        0  ec_rccar_manualmode.o(.text.STATE_S5)
    [Anonymous Symbol]                       0x08002d80   Section        0  ec_rccar_manualmode.o(.text.STATE_S6)
    [Anonymous Symbol]                       0x08002e7c   Section        0  ec_rccar_manualmode.o(.text.STATE_S7)
    [Anonymous Symbol]                       0x08002f78   Section        0  ec_rccar_manualmode.o(.text.STATE_S8)
    [Anonymous Symbol]                       0x08003074   Section        0  ec_rccar_manualmode.o(.text.STATE_S9)
    [Anonymous Symbol]                       0x08003170   Section        0  ecsystick2.o(.text.SysTick_Handler)
    [Anonymous Symbol]                       0x08003178   Section        0  ecsystick2.o(.text.SysTick_counter)
    [Anonymous Symbol]                       0x08003188   Section        0  ecsystick2.o(.text.SysTick_init)
    [Anonymous Symbol]                       0x080031e4   Section        0  system_stm32f4xx.o(.text.SystemInit)
    [Anonymous Symbol]                       0x080031f8   Section        0  ec_rccar_manualmode.o(.text.TIM3_IRQHandler)
    [Anonymous Symbol]                       0x08003590   Section        0  ectim2.o(.text.TIM_UI_enable)
    [Anonymous Symbol]                       0x080035a4   Section        0  ectim2.o(.text.TIM_UI_init)
    [Anonymous Symbol]                       0x0800368c   Section        0  ectim2.o(.text.TIM_init)
    [Anonymous Symbol]                       0x080037cc   Section        0  ectim2.o(.text.TIM_period_ms)
    [Anonymous Symbol]                       0x08003894   Section        0  ecuart2.o(.text.UART1_init)
    [Anonymous Symbol]                       0x080038ac   Section        0  ecuart2.o(.text.UART2_init)
    [Anonymous Symbol]                       0x080038c4   Section        0  ecuart2.o(.text.UART_baud)
    [Anonymous Symbol]                       0x0800397c   Section        0  ec_rccar_manualmode.o(.text.USART1_IRQHandler)
    [Anonymous Symbol]                       0x080048fc   Section        0  ecuart2.o(.text.USART1_read)
    [Anonymous Symbol]                       0x0800490c   Section        0  ecuart2.o(.text.USART_delay)
    [Anonymous Symbol]                       0x08004940   Section        0  ecuart2.o(.text.USART_read)
    [Anonymous Symbol]                       0x08004960   Section        0  ecuart2.o(.text.USART_setting)
    [Anonymous Symbol]                       0x08004be0   Section        0  ecuart2.o(.text.USART_write)
    __NVIC_EnableIRQ                         0x08004c45   Thumb Code    48  ectim2.o(.text.__NVIC_EnableIRQ)
    [Anonymous Symbol]                       0x08004c44   Section        0  ectim2.o(.text.__NVIC_EnableIRQ)
    __NVIC_EnableIRQ                         0x08004c75   Thumb Code    48  ecsystick2.o(.text.__NVIC_EnableIRQ)
    [Anonymous Symbol]                       0x08004c74   Section        0  ecsystick2.o(.text.__NVIC_EnableIRQ)
    __NVIC_EnableIRQ                         0x08004ca5   Thumb Code    48  ecuart2.o(.text.__NVIC_EnableIRQ)
    [Anonymous Symbol]                       0x08004ca4   Section        0  ecuart2.o(.text.__NVIC_EnableIRQ)
    __NVIC_SetPriority                       0x08004cd5   Thumb Code    66  ectim2.o(.text.__NVIC_SetPriority)
    [Anonymous Symbol]                       0x08004cd4   Section        0  ectim2.o(.text.__NVIC_SetPriority)
    __NVIC_SetPriority                       0x08004d19   Thumb Code    66  ecsystick2.o(.text.__NVIC_SetPriority)
    [Anonymous Symbol]                       0x08004d18   Section        0  ecsystick2.o(.text.__NVIC_SetPriority)
    __NVIC_SetPriority                       0x08004d5d   Thumb Code    66  ecuart2.o(.text.__NVIC_SetPriority)
    [Anonymous Symbol]                       0x08004d5c   Section        0  ecuart2.o(.text.__NVIC_SetPriority)
    [Anonymous Symbol]                       0x08004da0   Section        0  ectim2.o(.text.clear_UIF)
    [Anonymous Symbol]                       0x08004db4   Section        0  ecpinnames.o(.text.ecPinmap)
    [Anonymous Symbol]                       0x08004e58   Section        0  ectim2.o(.text.is_UIF)
    [Anonymous Symbol]                       0x08004e68   Section        0  ecuart2.o(.text.is_USART1_RXNE)
    [Anonymous Symbol]                       0x08004e78   Section        0  ecuart2.o(.text.is_USART_RXNE)
    [Anonymous Symbol]                       0x08004e88   Section        0  ec_rccar_manualmode.o(.text.main)
    [Anonymous Symbol]                       0x08004e98   Section        0  ec_rccar_manualmode.o(.text.setup)
    CL$$btod_d2e                             0x08004f04   Section       62  btod.o(CL$$btod_d2e)
    CL$$btod_d2e_denorm_low                  0x08004f42   Section       70  btod.o(CL$$btod_d2e_denorm_low)
    CL$$btod_d2e_norm_op1                    0x08004f88   Section       96  btod.o(CL$$btod_d2e_norm_op1)
    CL$$btod_div_common                      0x08004fe8   Section      824  btod.o(CL$$btod_div_common)
    CL$$btod_e2e                             0x08005320   Section      220  btod.o(CL$$btod_e2e)
    CL$$btod_ediv                            0x080053fc   Section       42  btod.o(CL$$btod_ediv)
    CL$$btod_emul                            0x08005426   Section       42  btod.o(CL$$btod_emul)
    CL$$btod_mult_common                     0x08005450   Section      580  btod.o(CL$$btod_mult_common)
    i.__ARM_fpclassify                       0x08005694   Section        0  fpclassify.o(i.__ARM_fpclassify)
    i.__hardfp_round                         0x080056c8   Section        0  round.o(i.__hardfp_round)
    i._is_digit                              0x080057a8   Section        0  __printf_wp.o(i._is_digit)
    locale$$code                             0x080057b8   Section       44  lc_numeric_c.o(locale$$code)
    locale$$code                             0x080057e4   Section       44  lc_ctype_c.o(locale$$code)
    $v0                                      0x08005810   Number         0  d2f.o(x$fpl$d2f)
    x$fpl$d2f                                0x08005810   Section       98  d2f.o(x$fpl$d2f)
    $v0                                      0x08005874   Number         0  daddsub_clz.o(x$fpl$dadd)
    x$fpl$dadd                               0x08005874   Section      336  daddsub_clz.o(x$fpl$dadd)
    _dadd1                                   0x08005885   Thumb Code     0  daddsub_clz.o(x$fpl$dadd)
    $v0                                      0x080059c4   Number         0  dcmpi.o(x$fpl$dcmpinf)
    x$fpl$dcmpinf                            0x080059c4   Section       24  dcmpi.o(x$fpl$dcmpinf)
    $v0                                      0x080059dc   Number         0  dfixu.o(x$fpl$dfixu)
    x$fpl$dfixu                              0x080059dc   Section       90  dfixu.o(x$fpl$dfixu)
    $v0                                      0x08005a38   Number         0  dleqf.o(x$fpl$dleqf)
    x$fpl$dleqf                              0x08005a38   Section      120  dleqf.o(x$fpl$dleqf)
    $v0                                      0x08005ab0   Number         0  dnaninf.o(x$fpl$dnaninf)
    x$fpl$dnaninf                            0x08005ab0   Section      156  dnaninf.o(x$fpl$dnaninf)
    $v0                                      0x08005b4c   Number         0  dretinf.o(x$fpl$dretinf)
    x$fpl$dretinf                            0x08005b4c   Section       12  dretinf.o(x$fpl$dretinf)
    $v0                                      0x08005b58   Number         0  drleqf.o(x$fpl$drleqf)
    x$fpl$drleqf                             0x08005b58   Section      108  drleqf.o(x$fpl$drleqf)
    $v0                                      0x08005bc4   Number         0  drnd.o(x$fpl$drnd)
    x$fpl$drnd                               0x08005bc4   Section      180  drnd.o(x$fpl$drnd)
    $v0                                      0x08005c78   Number         0  daddsub_clz.o(x$fpl$dsub)
    x$fpl$dsub                               0x08005c78   Section      476  daddsub_clz.o(x$fpl$dsub)
    _dsub1                                   0x08005c89   Thumb Code     0  daddsub_clz.o(x$fpl$dsub)
    $v0                                      0x08005e54   Number         0  f2d.o(x$fpl$f2d)
    x$fpl$f2d                                0x08005e54   Section       86  f2d.o(x$fpl$f2d)
    $v0                                      0x08005eaa   Number         0  fnaninf.o(x$fpl$fnaninf)
    x$fpl$fnaninf                            0x08005eaa   Section      140  fnaninf.o(x$fpl$fnaninf)
    $v0                                      0x08005f36   Number         0  fpinit.o(x$fpl$fpinit)
    x$fpl$fpinit                             0x08005f36   Section       26  fpinit.o(x$fpl$fpinit)
    $v0                                      0x08005f50   Number         0  fretinf.o(x$fpl$fretinf)
    x$fpl$fretinf                            0x08005f50   Section       10  fretinf.o(x$fpl$fretinf)
    $v0                                      0x08005f5a   Number         0  printf1.o(x$fpl$printf1)
    x$fpl$printf1                            0x08005f5a   Section        4  printf1.o(x$fpl$printf1)
    $v0                                      0x08005f5e   Number         0  printf2.o(x$fpl$printf2)
    x$fpl$printf2                            0x08005f5e   Section        4  printf2.o(x$fpl$printf2)
    x$fpl$usenofp                            0x08005f62   Section        0  usenofp.o(x$fpl$usenofp)
    initial_mbstate                          0x08005f64   Data           8  _printf_wctomb.o(.constdata)
    .constdata                               0x08005f64   Section        8  _printf_wctomb.o(.constdata)
    uc_hextab                                0x08005f6c   Data          20  _printf_hex_int_ll_ptr.o(.constdata)
    .constdata                               0x08005f6c   Section       40  _printf_hex_int_ll_ptr.o(.constdata)
    lc_hextab                                0x08005f80   Data          20  _printf_hex_int_ll_ptr.o(.constdata)
    maptable                                 0x08005f94   Data          17  __printf_flags_ss_wp.o(.constdata)
    .constdata                               0x08005f94   Section       17  __printf_flags_ss_wp.o(.constdata)
    lc_hextab                                0x08005fa5   Data          19  _printf_fp_hex.o(.constdata)
    .constdata                               0x08005fa5   Section       38  _printf_fp_hex.o(.constdata)
    uc_hextab                                0x08005fb8   Data          19  _printf_fp_hex.o(.constdata)
    tenpwrs_x                                0x08005fcc   Data          60  bigflt0.o(.constdata)
    .constdata                               0x08005fcc   Section      148  bigflt0.o(.constdata)
    tenpwrs_i                                0x08006008   Data          64  bigflt0.o(.constdata)
    .L.str                                   0x08006060   Data          32  ec_rccar_manualmode.o(.rodata.str1.1)
    [Anonymous Symbol]                       0x08006060   Section        0  ec_rccar_manualmode.o(.rodata.str1.1)
    .L.str.1                                 0x08006080   Data          16  ec_rccar_manualmode.o(.rodata.str1.1)
    .L.str.3                                 0x08006090   Data          15  ec_rccar_manualmode.o(.rodata.str1.1)
    .L.str.9                                 0x0800609f   Data          27  ec_rccar_manualmode.o(.rodata.str1.1)
    .L.str.8                                 0x080060ba   Data          26  ec_rccar_manualmode.o(.rodata.str1.1)
    .L.str.2                                 0x080060d4   Data          33  ec_rccar_manualmode.o(.rodata.str1.1)
    .L.str.5                                 0x080060f5   Data          32  ec_rccar_manualmode.o(.rodata.str1.1)
    .L.str.4                                 0x08006115   Data          33  ec_rccar_manualmode.o(.rodata.str1.1)
    .L.str.7                                 0x08006136   Data          34  ec_rccar_manualmode.o(.rodata.str1.1)
    .L.str.6                                 0x08006158   Data          34  ec_rccar_manualmode.o(.rodata.str1.1)
    locale$$data                             0x0800619c   Section       28  lc_numeric_c.o(locale$$data)
    __lcnum_c_name                           0x080061a0   Data           2  lc_numeric_c.o(locale$$data)
    __lcnum_c_start                          0x080061a8   Data           0  lc_numeric_c.o(locale$$data)
    __lcnum_c_point                          0x080061b4   Data           0  lc_numeric_c.o(locale$$data)
    __lcnum_c_thousands                      0x080061b6   Data           0  lc_numeric_c.o(locale$$data)
    __lcnum_c_grouping                       0x080061b7   Data           0  lc_numeric_c.o(locale$$data)
    __lcnum_c_end                            0x080061b8   Data           0  lc_numeric_c.o(locale$$data)
    locale$$data                             0x080061b8   Section      272  lc_ctype_c.o(locale$$data)
    __lcctype_c_name                         0x080061bc   Data           2  lc_ctype_c.o(locale$$data)
    __lcctype_c_start                        0x080061c4   Data           0  lc_ctype_c.o(locale$$data)
    __lcctype_c_end                          0x080062c8   Data           0  lc_ctype_c.o(locale$$data)
    .bss                                     0x20000160   Section       96  libspace.o(.bss)
    Heap_Mem                                 0x20000238   Data         512  startup_stm32f411xe.o(HEAP)
    HEAP                                     0x20000238   Section      512  startup_stm32f411xe.o(HEAP)
    Stack_Mem                                0x20000438   Data        1024  startup_stm32f411xe.o(STACK)
    STACK                                    0x20000438   Section     1024  startup_stm32f411xe.o(STACK)
    __initial_sp                             0x20000838   Data           0  startup_stm32f411xe.o(STACK)

    Global Symbols

    Symbol Name                              Value     Ov Type        Size  Object(Section)

    BuildAttributes$$THM_ISAv4$E$P$D$K$B$S$7EM$VFPi3$EXTD16$VFPS$VFMA$PE$A:L22UL41UL21$X:L11$S22US41US21$IEEE1$IW$~IW$USESV6$~STKCKD$USESV7$~SHL$OTIME$ROPI$IEEEJ$EBA8$UX$STANDARDLIB$REQ8$PRES8$EABIv2 0x00000000   Number         0  anon$$obj.o ABSOLUTE
    _printf_flags                            0x00000000   Number         0  printf_stubs.o ABSOLUTE
    _printf_return_value                     0x00000000   Number         0  printf_stubs.o ABSOLUTE
    _printf_sizespec                         0x00000000   Number         0  printf_stubs.o ABSOLUTE
    _printf_widthprec                        0x00000000   Number         0  printf_stubs.o ABSOLUTE
    __ARM_exceptions_init                     - Undefined Weak Reference
    __alloca_initialize                       - Undefined Weak Reference
    __arm_preinit_                            - Undefined Weak Reference
    __arm_relocate_pie_                       - Undefined Weak Reference
    __cpp_initialize__aeabi_                  - Undefined Weak Reference
    __cxa_finalize                            - Undefined Weak Reference
    __sigvec_lookup                           - Undefined Weak Reference
    _atexit_init                              - Undefined Weak Reference
    _call_atexit_fns                          - Undefined Weak Reference
    _clock_init                               - Undefined Weak Reference
    _fp_trap_init                             - Undefined Weak Reference
    _fp_trap_shutdown                         - Undefined Weak Reference
    _get_lc_collate                           - Undefined Weak Reference
    _get_lc_monetary                          - Undefined Weak Reference
    _get_lc_time                              - Undefined Weak Reference
    _getenv_init                              - Undefined Weak Reference
    _handle_redirection                       - Undefined Weak Reference
    _init_alloc                               - Undefined Weak Reference
    _init_user_alloc                          - Undefined Weak Reference
    _initio                                   - Undefined Weak Reference
    _printf_mbtowc                            - Undefined Weak Reference
    _printf_wc                                - Undefined Weak Reference
    _rand_init                                - Undefined Weak Reference
    _signal_finish                            - Undefined Weak Reference
    _signal_init                              - Undefined Weak Reference
    _terminate_alloc                          - Undefined Weak Reference
    _terminate_user_alloc                     - Undefined Weak Reference
    _terminateio                              - Undefined Weak Reference
    __Vectors_Size                           0x00000198   Number         0  startup_stm32f411xe.o ABSOLUTE
    __Vectors                                0x08000000   Data           4  startup_stm32f411xe.o(RESET)
    __Vectors_End                            0x08000198   Data           0  startup_stm32f411xe.o(RESET)
    __main                                   0x08000199   Thumb Code     8  __main.o(!!!main)
    __scatterload                            0x080001a1   Thumb Code     0  __scatter.o(!!!scatter)
    __scatterload_rt2                        0x080001a1   Thumb Code    84  __scatter.o(!!!scatter)
    __scatterload_rt2_thumb_only             0x080001a1   Thumb Code     0  __scatter.o(!!!scatter)
    __scatterload_loop                       0x080001ab   Thumb Code     0  __scatter.o(!!!scatter)
    __decompress                             0x080001fd   Thumb Code    90  __dczerorl2.o(!!dczerorl2)
    __decompress1                            0x080001fd   Thumb Code     0  __dczerorl2.o(!!dczerorl2)
    __scatterload_null                       0x08000259   Thumb Code     2  __scatter.o(!!handler_null)
    __scatterload_zeroinit                   0x0800025d   Thumb Code    28  __scatter_zi.o(!!handler_zi)
    _printf_n                                0x08000279   Thumb Code     0  _printf_n.o(.ARM.Collect$$_printf_percent$$00000001)
    _printf_percent                          0x08000279   Thumb Code     0  _printf_percent.o(.ARM.Collect$$_printf_percent$$00000000)
    _printf_p                                0x0800027f   Thumb Code     0  _printf_p.o(.ARM.Collect$$_printf_percent$$00000002)
    _printf_f                                0x08000285   Thumb Code     0  _printf_f.o(.ARM.Collect$$_printf_percent$$00000003)
    _printf_e                                0x0800028b   Thumb Code     0  _printf_e.o(.ARM.Collect$$_printf_percent$$00000004)
    _printf_g                                0x08000291   Thumb Code     0  _printf_g.o(.ARM.Collect$$_printf_percent$$00000005)
    _printf_a                                0x08000297   Thumb Code     0  _printf_a.o(.ARM.Collect$$_printf_percent$$00000006)
    _printf_ll                               0x0800029d   Thumb Code     0  _printf_ll.o(.ARM.Collect$$_printf_percent$$00000007)
    _printf_i                                0x080002a7   Thumb Code     0  _printf_i.o(.ARM.Collect$$_printf_percent$$00000008)
    _printf_d                                0x080002ad   Thumb Code     0  _printf_d.o(.ARM.Collect$$_printf_percent$$00000009)
    _printf_u                                0x080002b3   Thumb Code     0  _printf_u.o(.ARM.Collect$$_printf_percent$$0000000A)
    _printf_o                                0x080002b9   Thumb Code     0  _printf_o.o(.ARM.Collect$$_printf_percent$$0000000B)
    _printf_x                                0x080002bf   Thumb Code     0  _printf_x.o(.ARM.Collect$$_printf_percent$$0000000C)
    _printf_lli                              0x080002c5   Thumb Code     0  _printf_lli.o(.ARM.Collect$$_printf_percent$$0000000D)
    _printf_lld                              0x080002cb   Thumb Code     0  _printf_lld.o(.ARM.Collect$$_printf_percent$$0000000E)
    _printf_llu                              0x080002d1   Thumb Code     0  _printf_llu.o(.ARM.Collect$$_printf_percent$$0000000F)
    _printf_llo                              0x080002d7   Thumb Code     0  _printf_llo.o(.ARM.Collect$$_printf_percent$$00000010)
    _printf_llx                              0x080002dd   Thumb Code     0  _printf_llx.o(.ARM.Collect$$_printf_percent$$00000011)
    _printf_l                                0x080002e3   Thumb Code     0  _printf_l.o(.ARM.Collect$$_printf_percent$$00000012)
    _printf_c                                0x080002ed   Thumb Code     0  _printf_c.o(.ARM.Collect$$_printf_percent$$00000013)
    _printf_s                                0x080002f3   Thumb Code     0  _printf_s.o(.ARM.Collect$$_printf_percent$$00000014)
    _printf_lc                               0x080002f9   Thumb Code     0  _printf_lc.o(.ARM.Collect$$_printf_percent$$00000015)
    _printf_ls                               0x080002ff   Thumb Code     0  _printf_ls.o(.ARM.Collect$$_printf_percent$$00000016)
    _printf_percent_end                      0x08000305   Thumb Code     0  _printf_percent_end.o(.ARM.Collect$$_printf_percent$$00000017)
    __rt_lib_init                            0x08000309   Thumb Code     0  libinit.o(.ARM.Collect$$libinit$$00000000)
    __rt_lib_init_fp_1                       0x0800030b   Thumb Code     0  libinit2.o(.ARM.Collect$$libinit$$00000001)
    __rt_lib_init_heap_1                     0x0800030f   Thumb Code     0  libinit2.o(.ARM.Collect$$libinit$$0000000C)
    __rt_lib_init_lc_common                  0x0800030f   Thumb Code     0  libinit2.o(.ARM.Collect$$libinit$$00000011)
    __rt_lib_init_preinit_1                  0x0800030f   Thumb Code     0  libinit2.o(.ARM.Collect$$libinit$$00000006)
    __rt_lib_init_rand_1                     0x0800030f   Thumb Code     0  libinit2.o(.ARM.Collect$$libinit$$00000010)
    __rt_lib_init_relocate_pie_1             0x0800030f   Thumb Code     0  libinit2.o(.ARM.Collect$$libinit$$00000004)
    __rt_lib_init_user_alloc_1               0x0800030f   Thumb Code     0  libinit2.o(.ARM.Collect$$libinit$$0000000E)
    __rt_lib_init_lc_collate_1               0x08000315   Thumb Code     0  libinit2.o(.ARM.Collect$$libinit$$00000013)
    __rt_lib_init_lc_ctype_2                 0x08000315   Thumb Code     0  libinit2.o(.ARM.Collect$$libinit$$00000014)
    __rt_lib_init_lc_ctype_1                 0x08000321   Thumb Code     0  libinit2.o(.ARM.Collect$$libinit$$00000015)
    __rt_lib_init_lc_monetary_1              0x08000321   Thumb Code     0  libinit2.o(.ARM.Collect$$libinit$$00000017)
    __rt_lib_init_lc_numeric_2               0x08000321   Thumb Code     0  libinit2.o(.ARM.Collect$$libinit$$00000018)
    __rt_lib_init_alloca_1                   0x0800032b   Thumb Code     0  libinit2.o(.ARM.Collect$$libinit$$00000030)
    __rt_lib_init_argv_1                     0x0800032b   Thumb Code     0  libinit2.o(.ARM.Collect$$libinit$$0000002E)
    __rt_lib_init_atexit_1                   0x0800032b   Thumb Code     0  libinit2.o(.ARM.Collect$$libinit$$0000001D)
    __rt_lib_init_clock_1                    0x0800032b   Thumb Code     0  libinit2.o(.ARM.Collect$$libinit$$00000023)
    __rt_lib_init_cpp_1                      0x0800032b   Thumb Code     0  libinit2.o(.ARM.Collect$$libinit$$00000034)
    __rt_lib_init_exceptions_1               0x0800032b   Thumb Code     0  libinit2.o(.ARM.Collect$$libinit$$00000032)
    __rt_lib_init_fp_trap_1                  0x0800032b   Thumb Code     0  libinit2.o(.ARM.Collect$$libinit$$00000021)
    __rt_lib_init_getenv_1                   0x0800032b   Thumb Code     0  libinit2.o(.ARM.Collect$$libinit$$00000025)
    __rt_lib_init_lc_numeric_1               0x0800032b   Thumb Code     0  libinit2.o(.ARM.Collect$$libinit$$00000019)
    __rt_lib_init_lc_time_1                  0x0800032b   Thumb Code     0  libinit2.o(.ARM.Collect$$libinit$$0000001B)
    __rt_lib_init_return                     0x0800032b   Thumb Code     0  libinit2.o(.ARM.Collect$$libinit$$00000035)
    __rt_lib_init_signal_1                   0x0800032b   Thumb Code     0  libinit2.o(.ARM.Collect$$libinit$$0000001F)
    __rt_lib_init_stdio_1                    0x0800032b   Thumb Code     0  libinit2.o(.ARM.Collect$$libinit$$00000027)
    __rt_lib_shutdown                        0x0800032d   Thumb Code     0  libshutdown.o(.ARM.Collect$$libshutdown$$00000000)
    __rt_lib_shutdown_cpp_1                  0x0800032f   Thumb Code     0  libshutdown2.o(.ARM.Collect$$libshutdown$$00000002)
    __rt_lib_shutdown_fp_trap_1              0x0800032f   Thumb Code     0  libshutdown2.o(.ARM.Collect$$libshutdown$$00000007)
    __rt_lib_shutdown_heap_1                 0x0800032f   Thumb Code     0  libshutdown2.o(.ARM.Collect$$libshutdown$$0000000F)
    __rt_lib_shutdown_return                 0x0800032f   Thumb Code     0  libshutdown2.o(.ARM.Collect$$libshutdown$$00000010)
    __rt_lib_shutdown_signal_1               0x0800032f   Thumb Code     0  libshutdown2.o(.ARM.Collect$$libshutdown$$0000000A)
    __rt_lib_shutdown_stdio_1                0x0800032f   Thumb Code     0  libshutdown2.o(.ARM.Collect$$libshutdown$$00000004)
    __rt_lib_shutdown_user_alloc_1           0x0800032f   Thumb Code     0  libshutdown2.o(.ARM.Collect$$libshutdown$$0000000C)
    __rt_entry                               0x08000331   Thumb Code     0  __rtentry.o(.ARM.Collect$$rtentry$$00000000)
    __rt_entry_presh_1                       0x08000331   Thumb Code     0  __rtentry2.o(.ARM.Collect$$rtentry$$00000002)
    __rt_entry_sh                            0x08000331   Thumb Code     0  __rtentry4.o(.ARM.Collect$$rtentry$$00000004)
    __rt_entry_li                            0x08000337   Thumb Code     0  __rtentry2.o(.ARM.Collect$$rtentry$$0000000A)
    __rt_entry_postsh_1                      0x08000337   Thumb Code     0  __rtentry2.o(.ARM.Collect$$rtentry$$00000009)
    __rt_entry_main                          0x0800033b   Thumb Code     0  __rtentry2.o(.ARM.Collect$$rtentry$$0000000D)
    __rt_entry_postli_1                      0x0800033b   Thumb Code     0  __rtentry2.o(.ARM.Collect$$rtentry$$0000000C)
    __rt_exit                                0x08000343   Thumb Code     0  rtexit.o(.ARM.Collect$$rtexit$$00000000)
    __rt_exit_ls                             0x08000345   Thumb Code     0  rtexit2.o(.ARM.Collect$$rtexit$$00000003)
    __rt_exit_prels_1                        0x08000345   Thumb Code     0  rtexit2.o(.ARM.Collect$$rtexit$$00000002)
    __rt_exit_exit                           0x08000349   Thumb Code     0  rtexit2.o(.ARM.Collect$$rtexit$$00000004)
    Reset_Handler                            0x08000351   Thumb Code     8  startup_stm32f411xe.o(.text)
    NMI_Handler                              0x08000359   Thumb Code     2  startup_stm32f411xe.o(.text)
    HardFault_Handler                        0x0800035b   Thumb Code     2  startup_stm32f411xe.o(.text)
    MemManage_Handler                        0x0800035d   Thumb Code     2  startup_stm32f411xe.o(.text)
    BusFault_Handler                         0x0800035f   Thumb Code     2  startup_stm32f411xe.o(.text)
    UsageFault_Handler                       0x08000361   Thumb Code     2  startup_stm32f411xe.o(.text)
    SVC_Handler                              0x08000363   Thumb Code     2  startup_stm32f411xe.o(.text)
    DebugMon_Handler                         0x08000365   Thumb Code     2  startup_stm32f411xe.o(.text)
    PendSV_Handler                           0x08000367   Thumb Code     2  startup_stm32f411xe.o(.text)
    ADC_IRQHandler                           0x0800036b   Thumb Code     0  startup_stm32f411xe.o(.text)
    DMA1_Stream0_IRQHandler                  0x0800036b   Thumb Code     0  startup_stm32f411xe.o(.text)
    DMA1_Stream1_IRQHandler                  0x0800036b   Thumb Code     0  startup_stm32f411xe.o(.text)
    DMA1_Stream2_IRQHandler                  0x0800036b   Thumb Code     0  startup_stm32f411xe.o(.text)
    DMA1_Stream3_IRQHandler                  0x0800036b   Thumb Code     0  startup_stm32f411xe.o(.text)
    DMA1_Stream4_IRQHandler                  0x0800036b   Thumb Code     0  startup_stm32f411xe.o(.text)
    DMA1_Stream5_IRQHandler                  0x0800036b   Thumb Code     0  startup_stm32f411xe.o(.text)
    DMA1_Stream6_IRQHandler                  0x0800036b   Thumb Code     0  startup_stm32f411xe.o(.text)
    DMA1_Stream7_IRQHandler                  0x0800036b   Thumb Code     0  startup_stm32f411xe.o(.text)
    DMA2_Stream0_IRQHandler                  0x0800036b   Thumb Code     0  startup_stm32f411xe.o(.text)
    DMA2_Stream1_IRQHandler                  0x0800036b   Thumb Code     0  startup_stm32f411xe.o(.text)
    DMA2_Stream2_IRQHandler                  0x0800036b   Thumb Code     0  startup_stm32f411xe.o(.text)
    DMA2_Stream3_IRQHandler                  0x0800036b   Thumb Code     0  startup_stm32f411xe.o(.text)
    DMA2_Stream4_IRQHandler                  0x0800036b   Thumb Code     0  startup_stm32f411xe.o(.text)
    DMA2_Stream5_IRQHandler                  0x0800036b   Thumb Code     0  startup_stm32f411xe.o(.text)
    DMA2_Stream6_IRQHandler                  0x0800036b   Thumb Code     0  startup_stm32f411xe.o(.text)
    DMA2_Stream7_IRQHandler                  0x0800036b   Thumb Code     0  startup_stm32f411xe.o(.text)
    EXTI0_IRQHandler                         0x0800036b   Thumb Code     0  startup_stm32f411xe.o(.text)
    EXTI15_10_IRQHandler                     0x0800036b   Thumb Code     0  startup_stm32f411xe.o(.text)
    EXTI1_IRQHandler                         0x0800036b   Thumb Code     0  startup_stm32f411xe.o(.text)
    EXTI2_IRQHandler                         0x0800036b   Thumb Code     0  startup_stm32f411xe.o(.text)
    EXTI3_IRQHandler                         0x0800036b   Thumb Code     0  startup_stm32f411xe.o(.text)
    EXTI4_IRQHandler                         0x0800036b   Thumb Code     0  startup_stm32f411xe.o(.text)
    EXTI9_5_IRQHandler                       0x0800036b   Thumb Code     0  startup_stm32f411xe.o(.text)
    FLASH_IRQHandler                         0x0800036b   Thumb Code     0  startup_stm32f411xe.o(.text)
    FPU_IRQHandler                           0x0800036b   Thumb Code     0  startup_stm32f411xe.o(.text)
    I2C1_ER_IRQHandler                       0x0800036b   Thumb Code     0  startup_stm32f411xe.o(.text)
    I2C1_EV_IRQHandler                       0x0800036b   Thumb Code     0  startup_stm32f411xe.o(.text)
    I2C2_ER_IRQHandler                       0x0800036b   Thumb Code     0  startup_stm32f411xe.o(.text)
    I2C2_EV_IRQHandler                       0x0800036b   Thumb Code     0  startup_stm32f411xe.o(.text)
    I2C3_ER_IRQHandler                       0x0800036b   Thumb Code     0  startup_stm32f411xe.o(.text)
    I2C3_EV_IRQHandler                       0x0800036b   Thumb Code     0  startup_stm32f411xe.o(.text)
    OTG_FS_IRQHandler                        0x0800036b   Thumb Code     0  startup_stm32f411xe.o(.text)
    OTG_FS_WKUP_IRQHandler                   0x0800036b   Thumb Code     0  startup_stm32f411xe.o(.text)
    PVD_IRQHandler                           0x0800036b   Thumb Code     0  startup_stm32f411xe.o(.text)
    RCC_IRQHandler                           0x0800036b   Thumb Code     0  startup_stm32f411xe.o(.text)
    RTC_Alarm_IRQHandler                     0x0800036b   Thumb Code     0  startup_stm32f411xe.o(.text)
    RTC_WKUP_IRQHandler                      0x0800036b   Thumb Code     0  startup_stm32f411xe.o(.text)
    SDIO_IRQHandler                          0x0800036b   Thumb Code     0  startup_stm32f411xe.o(.text)
    SPI1_IRQHandler                          0x0800036b   Thumb Code     0  startup_stm32f411xe.o(.text)
    SPI2_IRQHandler                          0x0800036b   Thumb Code     0  startup_stm32f411xe.o(.text)
    SPI3_IRQHandler                          0x0800036b   Thumb Code     0  startup_stm32f411xe.o(.text)
    SPI4_IRQHandler                          0x0800036b   Thumb Code     0  startup_stm32f411xe.o(.text)
    SPI5_IRQHandler                          0x0800036b   Thumb Code     0  startup_stm32f411xe.o(.text)
    TAMP_STAMP_IRQHandler                    0x0800036b   Thumb Code     0  startup_stm32f411xe.o(.text)
    TIM1_BRK_TIM9_IRQHandler                 0x0800036b   Thumb Code     0  startup_stm32f411xe.o(.text)
    TIM1_CC_IRQHandler                       0x0800036b   Thumb Code     0  startup_stm32f411xe.o(.text)
    TIM1_TRG_COM_TIM11_IRQHandler            0x0800036b   Thumb Code     0  startup_stm32f411xe.o(.text)
    TIM1_UP_TIM10_IRQHandler                 0x0800036b   Thumb Code     0  startup_stm32f411xe.o(.text)
    TIM2_IRQHandler                          0x0800036b   Thumb Code     0  startup_stm32f411xe.o(.text)
    TIM4_IRQHandler                          0x0800036b   Thumb Code     0  startup_stm32f411xe.o(.text)
    TIM5_IRQHandler                          0x0800036b   Thumb Code     0  startup_stm32f411xe.o(.text)
    USART2_IRQHandler                        0x0800036b   Thumb Code     0  startup_stm32f411xe.o(.text)
    USART6_IRQHandler                        0x0800036b   Thumb Code     0  startup_stm32f411xe.o(.text)
    WWDG_IRQHandler                          0x0800036b   Thumb Code     0  startup_stm32f411xe.o(.text)
    __user_initial_stackheap                 0x0800036d   Thumb Code     0  startup_stm32f411xe.o(.text)
    sprintf                                  0x08000391   Thumb Code    38  sprintf.o(.text)
    __use_two_region_memory                  0x080003bd   Thumb Code     2  heapauxi.o(.text)
    __rt_heap_escrow$2region                 0x080003bf   Thumb Code     2  heapauxi.o(.text)
    __rt_heap_expand$2region                 0x080003c1   Thumb Code     2  heapauxi.o(.text)
    _printf_pre_padding                      0x080003c3   Thumb Code    44  _printf_pad.o(.text)
    _printf_post_padding                     0x080003ef   Thumb Code    34  _printf_pad.o(.text)
    _printf_truncate_signed                  0x08000411   Thumb Code    18  _printf_truncate.o(.text)
    _printf_truncate_unsigned                0x08000423   Thumb Code    18  _printf_truncate.o(.text)
    _printf_str                              0x08000435   Thumb Code    82  _printf_str.o(.text)
    _printf_int_dec                          0x08000489   Thumb Code   104  _printf_dec.o(.text)
    _printf_charcount                        0x08000501   Thumb Code    40  _printf_charcount.o(.text)
    _printf_char_common                      0x08000533   Thumb Code    32  _printf_char_common.o(.text)
    _sputc                                   0x08000559   Thumb Code    10  _sputc.o(.text)
    _printf_wctomb                           0x08000565   Thumb Code   182  _printf_wctomb.o(.text)
    _printf_longlong_dec                     0x08000621   Thumb Code   108  _printf_longlong_dec.o(.text)
    _printf_longlong_oct                     0x0800069d   Thumb Code    68  _printf_oct_int_ll.o(.text)
    _printf_int_oct                          0x080006e1   Thumb Code    24  _printf_oct_int_ll.o(.text)
    _printf_ll_oct                           0x080006f9   Thumb Code    12  _printf_oct_int_ll.o(.text)
    _printf_longlong_hex                     0x0800070d   Thumb Code    86  _printf_hex_int_ll_ptr.o(.text)
    _printf_int_hex                          0x08000763   Thumb Code    28  _printf_hex_int_ll_ptr.o(.text)
    _printf_ll_hex                           0x0800077f   Thumb Code    12  _printf_hex_int_ll_ptr.o(.text)
    _printf_hex_ptr                          0x0800078b   Thumb Code    18  _printf_hex_int_ll_ptr.o(.text)
    __printf                                 0x080007a1   Thumb Code   388  __printf_flags_ss_wp.o(.text)
    _ll_udiv10                               0x08000929   Thumb Code   138  lludiv10.o(.text)
    _printf_int_common                       0x080009b3   Thumb Code   178  _printf_intcommon.o(.text)
    _printf_fp_dec_real                      0x08000c15   Thumb Code   620  _printf_fp_dec.o(.text)
    _printf_fp_hex_real                      0x08000e81   Thumb Code   756  _printf_fp_hex.o(.text)
    _printf_cs_common                        0x0800117d   Thumb Code    20  _printf_char.o(.text)
    _printf_char                             0x08001191   Thumb Code    16  _printf_char.o(.text)
    _printf_string                           0x080011a1   Thumb Code     8  _printf_char.o(.text)
    _printf_lcs_common                       0x080011a9   Thumb Code    20  _printf_wchar.o(.text)
    _printf_wchar                            0x080011bd   Thumb Code    16  _printf_wchar.o(.text)
    _printf_wstring                          0x080011cd   Thumb Code     8  _printf_wchar.o(.text)
    _c16rtomb                                0x080011d5   Thumb Code    72  _c16rtomb.o(.text)
    _wcrtomb                                 0x080011d5   Thumb Code     0  _c16rtomb.o(.text)
    __user_setup_stackheap                   0x0800121d   Thumb Code    74  sys_stackheap_outer.o(.text)
    __rt_ctype_table                         0x08001269   Thumb Code    16  rt_ctype_table.o(.text)
    __rt_locale                              0x08001279   Thumb Code     8  rt_locale_intlibspace.o(.text)
    _printf_fp_infnan                        0x08001281   Thumb Code   112  _printf_fp_infnan.o(.text)
    _btod_etento                             0x08001301   Thumb Code   224  bigflt0.o(.text)
    exit                                     0x080013e5   Thumb Code    18  exit.o(.text)
    __user_libspace                          0x080013f9   Thumb Code     8  libspace.o(.text)
    __user_perproc_libspace                  0x080013f9   Thumb Code     0  libspace.o(.text)
    __user_perthread_libspace                0x080013f9   Thumb Code     0  libspace.o(.text)
    strcmp                                   0x08001401   Thumb Code   124  strcmpv7em.o(.text)
    _sys_exit                                0x0800147d   Thumb Code     8  sys_exit.o(.text)
    __I$use$semihosting                      0x08001489   Thumb Code     0  use_no_semi.o(.text)
    __use_no_semihosting_swi                 0x08001489   Thumb Code     2  use_no_semi.o(.text)
    __semihosting_library_function           0x0800148b   Thumb Code     0  indicate_semi.o(.text)
    GPIO_init                                0x0800148d   Thumb Code   100  ecgpio2_student.o(.text.GPIO_init)
    GPIO_mode                                0x080014f1   Thumb Code    62  ecgpio2_student.o(.text.GPIO_mode)
    GPIO_ospeed                              0x08001531   Thumb Code    62  ecgpio2_student.o(.text.GPIO_ospeed)
    GPIO_otype                               0x08001571   Thumb Code    58  ecgpio2_student.o(.text.GPIO_otype)
    GPIO_pupd                                0x080015ad   Thumb Code    62  ecgpio2_student.o(.text.GPIO_pupd)
    GPIO_write                               0x080015ed   Thumb Code    58  ecgpio2_student.o(.text.GPIO_write)
    PWM_duty                                 0x08001629   Thumb Code   138  ecpwm2.o(.text.PWM_duty)
    PWM_init                                 0x080016b5   Thumb Code   852  ecpwm2.o(.text.PWM_init)
    PWM_period                               0x08001a09   Thumb Code    24  ecpwm2.o(.text.PWM_period)
    PWM_period_ms                            0x08001a21   Thumb Code    46  ecpwm2.o(.text.PWM_period_ms)
    PWM_pinmap                               0x08001a51   Thumb Code   538  ecpwm2.o(.text.PWM_pinmap)
    RCC_GPIOA_enable                         0x08001c6d   Thumb Code    18  ecrcc2.o(.text.RCC_GPIOA_enable)
    RCC_GPIOB_enable                         0x08001c81   Thumb Code    18  ecrcc2.o(.text.RCC_GPIOB_enable)
    RCC_GPIOC_enable                         0x08001c95   Thumb Code    18  ecrcc2.o(.text.RCC_GPIOC_enable)
    RCC_PLL_init                             0x08001ca9   Thumb Code   276  ecrcc2.o(.text.RCC_PLL_init)
    STATE_S0                                 0x08001dbd   Thumb Code   254  ec_rccar_manualmode.o(.text.STATE_S0)
    STATE_S1                                 0x08001ebd   Thumb Code   254  ec_rccar_manualmode.o(.text.STATE_S1)
    STATE_S10                                0x08001fbd   Thumb Code   250  ec_rccar_manualmode.o(.text.STATE_S10)
    STATE_S11                                0x080020b9   Thumb Code   252  ec_rccar_manualmode.o(.text.STATE_S11)
    STATE_S12                                0x080021b5   Thumb Code   248  ec_rccar_manualmode.o(.text.STATE_S12)
    STATE_S13                                0x080022ad   Thumb Code   250  ec_rccar_manualmode.o(.text.STATE_S13)
    STATE_S14                                0x080023a9   Thumb Code   250  ec_rccar_manualmode.o(.text.STATE_S14)
    STATE_S15                                0x080024a5   Thumb Code   250  ec_rccar_manualmode.o(.text.STATE_S15)
    STATE_S16                                0x080025a1   Thumb Code   250  ec_rccar_manualmode.o(.text.STATE_S16)
    STATE_S17                                0x0800269d   Thumb Code   250  ec_rccar_manualmode.o(.text.STATE_S17)
    STATE_S18                                0x08002799   Thumb Code   250  ec_rccar_manualmode.o(.text.STATE_S18)
    STATE_S19                                0x08002895   Thumb Code   250  ec_rccar_manualmode.o(.text.STATE_S19)
    STATE_S2                                 0x08002991   Thumb Code   250  ec_rccar_manualmode.o(.text.STATE_S2)
    STATE_S3                                 0x08002a8d   Thumb Code   250  ec_rccar_manualmode.o(.text.STATE_S3)
    STATE_S4                                 0x08002b89   Thumb Code   250  ec_rccar_manualmode.o(.text.STATE_S4)
    STATE_S5                                 0x08002c85   Thumb Code   250  ec_rccar_manualmode.o(.text.STATE_S5)
    STATE_S6                                 0x08002d81   Thumb Code   250  ec_rccar_manualmode.o(.text.STATE_S6)
    STATE_S7                                 0x08002e7d   Thumb Code   250  ec_rccar_manualmode.o(.text.STATE_S7)
    STATE_S8                                 0x08002f79   Thumb Code   250  ec_rccar_manualmode.o(.text.STATE_S8)
    STATE_S9                                 0x08003075   Thumb Code   250  ec_rccar_manualmode.o(.text.STATE_S9)
    SysTick_Handler                          0x08003171   Thumb Code     8  ecsystick2.o(.text.SysTick_Handler)
    SysTick_counter                          0x08003179   Thumb Code    16  ecsystick2.o(.text.SysTick_counter)
    SysTick_init                             0x08003189   Thumb Code    90  ecsystick2.o(.text.SysTick_init)
    SystemInit                               0x080031e5   Thumb Code    18  system_stm32f4xx.o(.text.SystemInit)
    TIM3_IRQHandler                          0x080031f9   Thumb Code   918  ec_rccar_manualmode.o(.text.TIM3_IRQHandler)
    TIM_UI_enable                            0x08003591   Thumb Code    18  ectim2.o(.text.TIM_UI_enable)
    TIM_UI_init                              0x080035a5   Thumb Code   230  ectim2.o(.text.TIM_UI_init)
    TIM_init                                 0x0800368d   Thumb Code   318  ectim2.o(.text.TIM_init)
    TIM_period_ms                            0x080037cd   Thumb Code   200  ectim2.o(.text.TIM_period_ms)
    UART1_init                               0x08003895   Thumb Code    24  ecuart2.o(.text.UART1_init)
    UART2_init                               0x080038ad   Thumb Code    24  ecuart2.o(.text.UART2_init)
    UART_baud                                0x080038c5   Thumb Code   184  ecuart2.o(.text.UART_baud)
    USART1_IRQHandler                        0x0800397d   Thumb Code  3968  ec_rccar_manualmode.o(.text.USART1_IRQHandler)
    USART1_read                              0x080048fd   Thumb Code    16  ecuart2.o(.text.USART1_read)
    USART_delay                              0x0800490d   Thumb Code    50  ecuart2.o(.text.USART_delay)
    USART_read                               0x08004941   Thumb Code    32  ecuart2.o(.text.USART_read)
    USART_setting                            0x08004961   Thumb Code   640  ecuart2.o(.text.USART_setting)
    USART_write                              0x08004be1   Thumb Code   100  ecuart2.o(.text.USART_write)
    clear_UIF                                0x08004da1   Thumb Code    18  ectim2.o(.text.clear_UIF)
    ecPinmap                                 0x08004db5   Thumb Code   164  ecpinnames.o(.text.ecPinmap)
    is_UIF                                   0x08004e59   Thumb Code    16  ectim2.o(.text.is_UIF)
    is_USART1_RXNE                           0x08004e69   Thumb Code    16  ecuart2.o(.text.is_USART1_RXNE)
    is_USART_RXNE                            0x08004e79   Thumb Code    16  ecuart2.o(.text.is_USART_RXNE)
    main                                     0x08004e89   Thumb Code    16  ec_rccar_manualmode.o(.text.main)
    setup                                    0x08004e99   Thumb Code   108  ec_rccar_manualmode.o(.text.setup)
    _btod_d2e                                0x08004f05   Thumb Code    62  btod.o(CL$$btod_d2e)
    _d2e_denorm_low                          0x08004f43   Thumb Code    70  btod.o(CL$$btod_d2e_denorm_low)
    _d2e_norm_op1                            0x08004f89   Thumb Code    96  btod.o(CL$$btod_d2e_norm_op1)
    __btod_div_common                        0x08004fe9   Thumb Code   696  btod.o(CL$$btod_div_common)
    _e2e                                     0x08005321   Thumb Code   220  btod.o(CL$$btod_e2e)
    _btod_ediv                               0x080053fd   Thumb Code    42  btod.o(CL$$btod_ediv)
    _btod_emul                               0x08005427   Thumb Code    42  btod.o(CL$$btod_emul)
    __btod_mult_common                       0x08005451   Thumb Code   580  btod.o(CL$$btod_mult_common)
    __ARM_fpclassify                         0x08005695   Thumb Code    48  fpclassify.o(i.__ARM_fpclassify)
    __hardfp_round                           0x080056c9   Thumb Code   194  round.o(i.__hardfp_round)
    _is_digit                                0x080057a9   Thumb Code    14  __printf_wp.o(i._is_digit)
    _get_lc_numeric                          0x080057b9   Thumb Code    44  lc_numeric_c.o(locale$$code)
    _get_lc_ctype                            0x080057e5   Thumb Code    44  lc_ctype_c.o(locale$$code)
    __aeabi_d2f                              0x08005811   Thumb Code     0  d2f.o(x$fpl$d2f)
    _d2f                                     0x08005811   Thumb Code    98  d2f.o(x$fpl$d2f)
    __aeabi_dadd                             0x08005875   Thumb Code     0  daddsub_clz.o(x$fpl$dadd)
    _dadd                                    0x08005875   Thumb Code   332  daddsub_clz.o(x$fpl$dadd)
    __fpl_dcmp_Inf                           0x080059c5   Thumb Code    24  dcmpi.o(x$fpl$dcmpinf)
    __aeabi_d2uiz                            0x080059dd   Thumb Code     0  dfixu.o(x$fpl$dfixu)
    _dfixu                                   0x080059dd   Thumb Code    90  dfixu.o(x$fpl$dfixu)
    __aeabi_cdcmple                          0x08005a39   Thumb Code     0  dleqf.o(x$fpl$dleqf)
    _dcmple                                  0x08005a39   Thumb Code   120  dleqf.o(x$fpl$dleqf)
    __fpl_dcmple_InfNaN                      0x08005a9b   Thumb Code     0  dleqf.o(x$fpl$dleqf)
    __fpl_dnaninf                            0x08005ab1   Thumb Code   156  dnaninf.o(x$fpl$dnaninf)
    __fpl_dretinf                            0x08005b4d   Thumb Code    12  dretinf.o(x$fpl$dretinf)
    __aeabi_cdrcmple                         0x08005b59   Thumb Code     0  drleqf.o(x$fpl$drleqf)
    _drcmple                                 0x08005b59   Thumb Code   108  drleqf.o(x$fpl$drleqf)
    _drnd                                    0x08005bc5   Thumb Code   180  drnd.o(x$fpl$drnd)
    __aeabi_dsub                             0x08005c79   Thumb Code     0  daddsub_clz.o(x$fpl$dsub)
    _dsub                                    0x08005c79   Thumb Code   472  daddsub_clz.o(x$fpl$dsub)
    __aeabi_f2d                              0x08005e55   Thumb Code     0  f2d.o(x$fpl$f2d)
    _f2d                                     0x08005e55   Thumb Code    86  f2d.o(x$fpl$f2d)
    __fpl_fnaninf                            0x08005eab   Thumb Code   140  fnaninf.o(x$fpl$fnaninf)
    _fp_init                                 0x08005f37   Thumb Code    26  fpinit.o(x$fpl$fpinit)
    __fplib_config_fpu_vfp                   0x08005f4f   Thumb Code     0  fpinit.o(x$fpl$fpinit)
    __fplib_config_pureend_doubles           0x08005f4f   Thumb Code     0  fpinit.o(x$fpl$fpinit)
    __fpl_fretinf                            0x08005f51   Thumb Code    10  fretinf.o(x$fpl$fretinf)
    _printf_fp_dec                           0x08005f5b   Thumb Code     4  printf1.o(x$fpl$printf1)
    _printf_fp_hex                           0x08005f5f   Thumb Code     4  printf2.o(x$fpl$printf2)
    __I$use$fp                               0x08005f62   Number         0  usenofp.o(x$fpl$usenofp)
    Region$$Table$$Base                      0x0800617c   Number         0  anon$$obj.o(Region$$Table)
    Region$$Table$$Limit                     0x0800619c   Number         0  anon$$obj.o(Region$$Table)
    __ctype                                  0x080061c5   Data           0  lc_ctype_c.o(locale$$data)
    EC_SYSCLK                                0x20000000   Data           4  ecrcc2.o(.data.EC_SYSCLK)
    LEFTDirState                             0x20000004   Data          80  ec_rccar_manualmode.o(.data.LEFTDirState)
    LEFTPWMState                             0x20000054   Data          80  ec_rccar_manualmode.o(.data.LEFTPWMState)
    LmotorDIR                                0x200000a4   Data           4  ec_rccar_manualmode.o(.data.LmotorDIR)
    LmotorPWM                                0x200000a8   Data           8  ec_rccar_manualmode.o(.data.LmotorPWM)
    RIGHTDirState                            0x200000b0   Data          80  ec_rccar_manualmode.o(.data.RIGHTDirState)
    RIGHTPWMState                            0x20000100   Data          80  ec_rccar_manualmode.o(.data.RIGHTPWMState)
    RmotorDIR                                0x20000150   Data           4  ec_rccar_manualmode.o(.data.RmotorDIR)
    RmotorPWM                                0x20000158   Data           8  ec_rccar_manualmode.o(.data.RmotorPWM)
    __libspace_start                         0x20000160   Data          96  libspace.o(.bss)
    BT_Data                                  0x200001c0   Data           1  ec_rccar_manualmode.o(.bss.BT_Data)
    __temporary_stack_top$libspace           0x200001c0   Data           0  libspace.o(.bss)
    BT_string                                0x200001c1   Data         100  ec_rccar_manualmode.o(.bss.BT_string)
    currentState                             0x20000228   Data           4  ec_rccar_manualmode.o(.bss.currentState)
    k                                        0x2000022c   Data           4  ec_rccar_manualmode.o(.bss.k)
    msTicks                                  0x20000230   Data           4  ecsystick2.o(.bss.msTicks)



==============================================================================

Memory Map of the image

  Image Entry point : 0x08000199

  Load Region LR_IROM1 (Base: 0x08000000, Size: 0x00006428, Max: 0x00080000, ABSOLUTE, COMPRESSED[0x00006318])

    Execution Region ER_IROM1 (Exec base: 0x08000000, Load base: 0x08000000, Size: 0x000062c8, Max: 0x00080000, ABSOLUTE)

    Exec Addr    Load Addr    Size         Type   Attr      Idx    E Section Name        Object

    0x08000000   0x08000000   0x00000198   Data   RO          356    RESET               startup_stm32f411xe.o
    0x08000198   0x08000198   0x00000008   Code   RO          383  * !!!main             c_w.l(__main.o)
    0x080001a0   0x080001a0   0x0000005c   Code   RO          756    !!!scatter          c_w.l(__scatter.o)
    0x080001fc   0x080001fc   0x0000005a   Code   RO          754    !!dczerorl2         c_w.l(__dczerorl2.o)
    0x08000256   0x08000256   0x00000002   PAD
    0x08000258   0x08000258   0x00000002   Code   RO          757    !!handler_null      c_w.l(__scatter.o)
    0x0800025a   0x0800025a   0x00000002   PAD
    0x0800025c   0x0800025c   0x0000001c   Code   RO          760    !!handler_zi        c_w.l(__scatter_zi.o)
    0x08000278   0x08000278   0x00000000   Code   RO          479    .ARM.Collect$$_printf_percent$$00000000  c_w.l(_printf_percent.o)
    0x08000278   0x08000278   0x00000006   Code   RO          468    .ARM.Collect$$_printf_percent$$00000001  c_w.l(_printf_n.o)
    0x0800027e   0x0800027e   0x00000006   Code   RO          470    .ARM.Collect$$_printf_percent$$00000002  c_w.l(_printf_p.o)
    0x08000284   0x08000284   0x00000006   Code   RO          475    .ARM.Collect$$_printf_percent$$00000003  c_w.l(_printf_f.o)
    0x0800028a   0x0800028a   0x00000006   Code   RO          476    .ARM.Collect$$_printf_percent$$00000004  c_w.l(_printf_e.o)
    0x08000290   0x08000290   0x00000006   Code   RO          477    .ARM.Collect$$_printf_percent$$00000005  c_w.l(_printf_g.o)
    0x08000296   0x08000296   0x00000006   Code   RO          478    .ARM.Collect$$_printf_percent$$00000006  c_w.l(_printf_a.o)
    0x0800029c   0x0800029c   0x0000000a   Code   RO          483    .ARM.Collect$$_printf_percent$$00000007  c_w.l(_printf_ll.o)
    0x080002a6   0x080002a6   0x00000006   Code   RO          472    .ARM.Collect$$_printf_percent$$00000008  c_w.l(_printf_i.o)
    0x080002ac   0x080002ac   0x00000006   Code   RO          473    .ARM.Collect$$_printf_percent$$00000009  c_w.l(_printf_d.o)
    0x080002b2   0x080002b2   0x00000006   Code   RO          474    .ARM.Collect$$_printf_percent$$0000000A  c_w.l(_printf_u.o)
    0x080002b8   0x080002b8   0x00000006   Code   RO          471    .ARM.Collect$$_printf_percent$$0000000B  c_w.l(_printf_o.o)
    0x080002be   0x080002be   0x00000006   Code   RO          469    .ARM.Collect$$_printf_percent$$0000000C  c_w.l(_printf_x.o)
    0x080002c4   0x080002c4   0x00000006   Code   RO          480    .ARM.Collect$$_printf_percent$$0000000D  c_w.l(_printf_lli.o)
    0x080002ca   0x080002ca   0x00000006   Code   RO          481    .ARM.Collect$$_printf_percent$$0000000E  c_w.l(_printf_lld.o)
    0x080002d0   0x080002d0   0x00000006   Code   RO          482    .ARM.Collect$$_printf_percent$$0000000F  c_w.l(_printf_llu.o)
    0x080002d6   0x080002d6   0x00000006   Code   RO          487    .ARM.Collect$$_printf_percent$$00000010  c_w.l(_printf_llo.o)
    0x080002dc   0x080002dc   0x00000006   Code   RO          488    .ARM.Collect$$_printf_percent$$00000011  c_w.l(_printf_llx.o)
    0x080002e2   0x080002e2   0x0000000a   Code   RO          484    .ARM.Collect$$_printf_percent$$00000012  c_w.l(_printf_l.o)
    0x080002ec   0x080002ec   0x00000006   Code   RO          466    .ARM.Collect$$_printf_percent$$00000013  c_w.l(_printf_c.o)
    0x080002f2   0x080002f2   0x00000006   Code   RO          467    .ARM.Collect$$_printf_percent$$00000014  c_w.l(_printf_s.o)
    0x080002f8   0x080002f8   0x00000006   Code   RO          485    .ARM.Collect$$_printf_percent$$00000015  c_w.l(_printf_lc.o)
    0x080002fe   0x080002fe   0x00000006   Code   RO          486    .ARM.Collect$$_printf_percent$$00000016  c_w.l(_printf_ls.o)
    0x08000304   0x08000304   0x00000004   Code   RO          550    .ARM.Collect$$_printf_percent$$00000017  c_w.l(_printf_percent_end.o)
    0x08000308   0x08000308   0x00000002   Code   RO          603    .ARM.Collect$$libinit$$00000000  c_w.l(libinit.o)
    0x0800030a   0x0800030a   0x00000004   Code   RO          620    .ARM.Collect$$libinit$$00000001  c_w.l(libinit2.o)
    0x0800030e   0x0800030e   0x00000000   Code   RO          623    .ARM.Collect$$libinit$$00000004  c_w.l(libinit2.o)
    0x0800030e   0x0800030e   0x00000000   Code   RO          625    .ARM.Collect$$libinit$$00000006  c_w.l(libinit2.o)
    0x0800030e   0x0800030e   0x00000000   Code   RO          628    .ARM.Collect$$libinit$$0000000C  c_w.l(libinit2.o)
    0x0800030e   0x0800030e   0x00000000   Code   RO          630    .ARM.Collect$$libinit$$0000000E  c_w.l(libinit2.o)
    0x0800030e   0x0800030e   0x00000000   Code   RO          632    .ARM.Collect$$libinit$$00000010  c_w.l(libinit2.o)
    0x0800030e   0x0800030e   0x00000006   Code   RO          633    .ARM.Collect$$libinit$$00000011  c_w.l(libinit2.o)
    0x08000314   0x08000314   0x00000000   Code   RO          635    .ARM.Collect$$libinit$$00000013  c_w.l(libinit2.o)
    0x08000314   0x08000314   0x0000000c   Code   RO          636    .ARM.Collect$$libinit$$00000014  c_w.l(libinit2.o)
    0x08000320   0x08000320   0x00000000   Code   RO          637    .ARM.Collect$$libinit$$00000015  c_w.l(libinit2.o)
    0x08000320   0x08000320   0x00000000   Code   RO          639    .ARM.Collect$$libinit$$00000017  c_w.l(libinit2.o)
    0x08000320   0x08000320   0x0000000a   Code   RO          640    .ARM.Collect$$libinit$$00000018  c_w.l(libinit2.o)
    0x0800032a   0x0800032a   0x00000000   Code   RO          641    .ARM.Collect$$libinit$$00000019  c_w.l(libinit2.o)
    0x0800032a   0x0800032a   0x00000000   Code   RO          643    .ARM.Collect$$libinit$$0000001B  c_w.l(libinit2.o)
    0x0800032a   0x0800032a   0x00000000   Code   RO          645    .ARM.Collect$$libinit$$0000001D  c_w.l(libinit2.o)
    0x0800032a   0x0800032a   0x00000000   Code   RO          647    .ARM.Collect$$libinit$$0000001F  c_w.l(libinit2.o)
    0x0800032a   0x0800032a   0x00000000   Code   RO          649    .ARM.Collect$$libinit$$00000021  c_w.l(libinit2.o)
    0x0800032a   0x0800032a   0x00000000   Code   RO          651    .ARM.Collect$$libinit$$00000023  c_w.l(libinit2.o)
    0x0800032a   0x0800032a   0x00000000   Code   RO          653    .ARM.Collect$$libinit$$00000025  c_w.l(libinit2.o)
    0x0800032a   0x0800032a   0x00000000   Code   RO          655    .ARM.Collect$$libinit$$00000027  c_w.l(libinit2.o)
    0x0800032a   0x0800032a   0x00000000   Code   RO          659    .ARM.Collect$$libinit$$0000002E  c_w.l(libinit2.o)
    0x0800032a   0x0800032a   0x00000000   Code   RO          661    .ARM.Collect$$libinit$$00000030  c_w.l(libinit2.o)
    0x0800032a   0x0800032a   0x00000000   Code   RO          663    .ARM.Collect$$libinit$$00000032  c_w.l(libinit2.o)
    0x0800032a   0x0800032a   0x00000000   Code   RO          665    .ARM.Collect$$libinit$$00000034  c_w.l(libinit2.o)
    0x0800032a   0x0800032a   0x00000002   Code   RO          666    .ARM.Collect$$libinit$$00000035  c_w.l(libinit2.o)
    0x0800032c   0x0800032c   0x00000002   Code   RO          690    .ARM.Collect$$libshutdown$$00000000  c_w.l(libshutdown.o)
    0x0800032e   0x0800032e   0x00000000   Code   RO          705    .ARM.Collect$$libshutdown$$00000002  c_w.l(libshutdown2.o)
    0x0800032e   0x0800032e   0x00000000   Code   RO          707    .ARM.Collect$$libshutdown$$00000004  c_w.l(libshutdown2.o)
    0x0800032e   0x0800032e   0x00000000   Code   RO          710    .ARM.Collect$$libshutdown$$00000007  c_w.l(libshutdown2.o)
    0x0800032e   0x0800032e   0x00000000   Code   RO          713    .ARM.Collect$$libshutdown$$0000000A  c_w.l(libshutdown2.o)
    0x0800032e   0x0800032e   0x00000000   Code   RO          715    .ARM.Collect$$libshutdown$$0000000C  c_w.l(libshutdown2.o)
    0x0800032e   0x0800032e   0x00000000   Code   RO          718    .ARM.Collect$$libshutdown$$0000000F  c_w.l(libshutdown2.o)
    0x0800032e   0x0800032e   0x00000002   Code   RO          719    .ARM.Collect$$libshutdown$$00000010  c_w.l(libshutdown2.o)
    0x08000330   0x08000330   0x00000000   Code   RO          397    .ARM.Collect$$rtentry$$00000000  c_w.l(__rtentry.o)
    0x08000330   0x08000330   0x00000000   Code   RO          519    .ARM.Collect$$rtentry$$00000002  c_w.l(__rtentry2.o)
    0x08000330   0x08000330   0x00000006   Code   RO          531    .ARM.Collect$$rtentry$$00000004  c_w.l(__rtentry4.o)
    0x08000336   0x08000336   0x00000000   Code   RO          521    .ARM.Collect$$rtentry$$00000009  c_w.l(__rtentry2.o)
    0x08000336   0x08000336   0x00000004   Code   RO          522    .ARM.Collect$$rtentry$$0000000A  c_w.l(__rtentry2.o)
    0x0800033a   0x0800033a   0x00000000   Code   RO          524    .ARM.Collect$$rtentry$$0000000C  c_w.l(__rtentry2.o)
    0x0800033a   0x0800033a   0x00000008   Code   RO          525    .ARM.Collect$$rtentry$$0000000D  c_w.l(__rtentry2.o)
    0x08000342   0x08000342   0x00000002   Code   RO          611    .ARM.Collect$$rtexit$$00000000  c_w.l(rtexit.o)
    0x08000344   0x08000344   0x00000000   Code   RO          668    .ARM.Collect$$rtexit$$00000002  c_w.l(rtexit2.o)
    0x08000344   0x08000344   0x00000004   Code   RO          669    .ARM.Collect$$rtexit$$00000003  c_w.l(rtexit2.o)
    0x08000348   0x08000348   0x00000006   Code   RO          670    .ARM.Collect$$rtexit$$00000004  c_w.l(rtexit2.o)
    0x0800034e   0x0800034e   0x00000002   PAD
    0x08000350   0x08000350   0x00000040   Code   RO          357    .text               startup_stm32f411xe.o
    0x08000390   0x08000390   0x0000002c   Code   RO          379    .text               c_w.l(sprintf.o)
    0x080003bc   0x080003bc   0x00000006   Code   RO          381    .text               c_w.l(heapauxi.o)
    0x080003c2   0x080003c2   0x0000004e   Code   RO          400    .text               c_w.l(_printf_pad.o)
    0x08000410   0x08000410   0x00000024   Code   RO          402    .text               c_w.l(_printf_truncate.o)
    0x08000434   0x08000434   0x00000052   Code   RO          404    .text               c_w.l(_printf_str.o)
    0x08000486   0x08000486   0x00000002   PAD
    0x08000488   0x08000488   0x00000078   Code   RO          406    .text               c_w.l(_printf_dec.o)
    0x08000500   0x08000500   0x00000028   Code   RO          408    .text               c_w.l(_printf_charcount.o)
    0x08000528   0x08000528   0x00000030   Code   RO          410    .text               c_w.l(_printf_char_common.o)
    0x08000558   0x08000558   0x0000000a   Code   RO          412    .text               c_w.l(_sputc.o)
    0x08000562   0x08000562   0x00000002   PAD
    0x08000564   0x08000564   0x000000bc   Code   RO          414    .text               c_w.l(_printf_wctomb.o)
    0x08000620   0x08000620   0x0000007c   Code   RO          417    .text               c_w.l(_printf_longlong_dec.o)
    0x0800069c   0x0800069c   0x00000070   Code   RO          423    .text               c_w.l(_printf_oct_int_ll.o)
    0x0800070c   0x0800070c   0x00000094   Code   RO          443    .text               c_w.l(_printf_hex_int_ll_ptr.o)
    0x080007a0   0x080007a0   0x00000188   Code   RO          463    .text               c_w.l(__printf_flags_ss_wp.o)
    0x08000928   0x08000928   0x0000008a   Code   RO          533    .text               c_w.l(lludiv10.o)
    0x080009b2   0x080009b2   0x000000b2   Code   RO          535    .text               c_w.l(_printf_intcommon.o)
    0x08000a64   0x08000a64   0x0000041c   Code   RO          537    .text               c_w.l(_printf_fp_dec.o)
    0x08000e80   0x08000e80   0x000002fc   Code   RO          541    .text               c_w.l(_printf_fp_hex.o)
    0x0800117c   0x0800117c   0x0000002c   Code   RO          546    .text               c_w.l(_printf_char.o)
    0x080011a8   0x080011a8   0x0000002c   Code   RO          548    .text               c_w.l(_printf_wchar.o)
    0x080011d4   0x080011d4   0x00000048   Code   RO          551    .text               c_w.l(_c16rtomb.o)
    0x0800121c   0x0800121c   0x0000004a   Code   RO          555    .text               c_w.l(sys_stackheap_outer.o)
    0x08001266   0x08001266   0x00000002   PAD
    0x08001268   0x08001268   0x00000010   Code   RO          557    .text               c_w.l(rt_ctype_table.o)
    0x08001278   0x08001278   0x00000008   Code   RO          562    .text               c_w.l(rt_locale_intlibspace.o)
    0x08001280   0x08001280   0x00000080   Code   RO          564    .text               c_w.l(_printf_fp_infnan.o)
    0x08001300   0x08001300   0x000000e4   Code   RO          566    .text               c_w.l(bigflt0.o)
    0x080013e4   0x080013e4   0x00000012   Code   RO          596    .text               c_w.l(exit.o)
    0x080013f6   0x080013f6   0x00000002   PAD
    0x080013f8   0x080013f8   0x00000008   Code   RO          608    .text               c_w.l(libspace.o)
    0x08001400   0x08001400   0x0000007c   Code   RO          618    .text               c_w.l(strcmpv7em.o)
    0x0800147c   0x0800147c   0x0000000c   Code   RO          680    .text               c_w.l(sys_exit.o)
    0x08001488   0x08001488   0x00000002   Code   RO          695    .text               c_w.l(use_no_semi.o)
    0x0800148a   0x0800148a   0x00000000   Code   RO          697    .text               c_w.l(indicate_semi.o)
    0x0800148a   0x0800148a   0x00000002   PAD
    0x0800148c   0x0800148c   0x00000064   Code   RO          202    .text.GPIO_init     ecgpio2_student.o
    0x080014f0   0x080014f0   0x0000003e   Code   RO          204    .text.GPIO_mode     ecgpio2_student.o
    0x0800152e   0x0800152e   0x00000002   PAD
    0x08001530   0x08001530   0x0000003e   Code   RO          206    .text.GPIO_ospeed   ecgpio2_student.o
    0x0800156e   0x0800156e   0x00000002   PAD
    0x08001570   0x08001570   0x0000003a   Code   RO          208    .text.GPIO_otype    ecgpio2_student.o
    0x080015aa   0x080015aa   0x00000002   PAD
    0x080015ac   0x080015ac   0x0000003e   Code   RO          210    .text.GPIO_pupd     ecgpio2_student.o
    0x080015ea   0x080015ea   0x00000002   PAD
    0x080015ec   0x080015ec   0x0000003a   Code   RO          214    .text.GPIO_write    ecgpio2_student.o
    0x08001626   0x08001626   0x00000002   PAD
    0x08001628   0x08001628   0x0000008a   Code   RO          164    .text.PWM_duty      ecpwm2.o
    0x080016b2   0x080016b2   0x00000002   PAD
    0x080016b4   0x080016b4   0x00000354   Code   RO          148    .text.PWM_init      ecpwm2.o
    0x08001a08   0x08001a08   0x00000018   Code   RO          154    .text.PWM_period    ecpwm2.o
    0x08001a20   0x08001a20   0x0000002e   Code   RO          152    .text.PWM_period_ms  ecpwm2.o
    0x08001a4e   0x08001a4e   0x00000002   PAD
    0x08001a50   0x08001a50   0x0000021a   Code   RO          150    .text.PWM_pinmap    ecpwm2.o
    0x08001c6a   0x08001c6a   0x00000002   PAD
    0x08001c6c   0x08001c6c   0x00000012   Code   RO          134    .text.RCC_GPIOA_enable  ecrcc2.o
    0x08001c7e   0x08001c7e   0x00000002   PAD
    0x08001c80   0x08001c80   0x00000012   Code   RO          136    .text.RCC_GPIOB_enable  ecrcc2.o
    0x08001c92   0x08001c92   0x00000002   PAD
    0x08001c94   0x08001c94   0x00000012   Code   RO          138    .text.RCC_GPIOC_enable  ecrcc2.o
    0x08001ca6   0x08001ca6   0x00000002   PAD
    0x08001ca8   0x08001ca8   0x00000114   Code   RO          132    .text.RCC_PLL_init  ecrcc2.o
    0x08001dbc   0x08001dbc   0x000000fe   Code   RO           22    .text.STATE_S0      ec_rccar_manualmode.o
    0x08001eba   0x08001eba   0x00000002   PAD
    0x08001ebc   0x08001ebc   0x000000fe   Code   RO           24    .text.STATE_S1      ec_rccar_manualmode.o
    0x08001fba   0x08001fba   0x00000002   PAD
    0x08001fbc   0x08001fbc   0x000000fa   Code   RO           32    .text.STATE_S10     ec_rccar_manualmode.o
    0x080020b6   0x080020b6   0x00000002   PAD
    0x080020b8   0x080020b8   0x000000fc   Code   RO           34    .text.STATE_S11     ec_rccar_manualmode.o
    0x080021b4   0x080021b4   0x000000f8   Code   RO           36    .text.STATE_S12     ec_rccar_manualmode.o
    0x080022ac   0x080022ac   0x000000fa   Code   RO           46    .text.STATE_S13     ec_rccar_manualmode.o
    0x080023a6   0x080023a6   0x00000002   PAD
    0x080023a8   0x080023a8   0x000000fa   Code   RO           28    .text.STATE_S14     ec_rccar_manualmode.o
    0x080024a2   0x080024a2   0x00000002   PAD
    0x080024a4   0x080024a4   0x000000fa   Code   RO           38    .text.STATE_S15     ec_rccar_manualmode.o
    0x0800259e   0x0800259e   0x00000002   PAD
    0x080025a0   0x080025a0   0x000000fa   Code   RO           40    .text.STATE_S16     ec_rccar_manualmode.o
    0x0800269a   0x0800269a   0x00000002   PAD
    0x0800269c   0x0800269c   0x000000fa   Code   RO           42    .text.STATE_S17     ec_rccar_manualmode.o
    0x08002796   0x08002796   0x00000002   PAD
    0x08002798   0x08002798   0x000000fa   Code   RO           44    .text.STATE_S18     ec_rccar_manualmode.o
    0x08002892   0x08002892   0x00000002   PAD
    0x08002894   0x08002894   0x000000fa   Code   RO           48    .text.STATE_S19     ec_rccar_manualmode.o
    0x0800298e   0x0800298e   0x00000002   PAD
    0x08002990   0x08002990   0x000000fa   Code   RO           10    .text.STATE_S2      ec_rccar_manualmode.o
    0x08002a8a   0x08002a8a   0x00000002   PAD
    0x08002a8c   0x08002a8c   0x000000fa   Code   RO           14    .text.STATE_S3      ec_rccar_manualmode.o
    0x08002b86   0x08002b86   0x00000002   PAD
    0x08002b88   0x08002b88   0x000000fa   Code   RO           16    .text.STATE_S4      ec_rccar_manualmode.o
    0x08002c82   0x08002c82   0x00000002   PAD
    0x08002c84   0x08002c84   0x000000fa   Code   RO           12    .text.STATE_S5      ec_rccar_manualmode.o
    0x08002d7e   0x08002d7e   0x00000002   PAD
    0x08002d80   0x08002d80   0x000000fa   Code   RO           18    .text.STATE_S6      ec_rccar_manualmode.o
    0x08002e7a   0x08002e7a   0x00000002   PAD
    0x08002e7c   0x08002e7c   0x000000fa   Code   RO           20    .text.STATE_S7      ec_rccar_manualmode.o
    0x08002f76   0x08002f76   0x00000002   PAD
    0x08002f78   0x08002f78   0x000000fa   Code   RO           26    .text.STATE_S8      ec_rccar_manualmode.o
    0x08003072   0x08003072   0x00000002   PAD
    0x08003074   0x08003074   0x000000fa   Code   RO           30    .text.STATE_S9      ec_rccar_manualmode.o
    0x0800316e   0x0800316e   0x00000002   PAD
    0x08003170   0x08003170   0x00000008   Code   RO          108    .text.SysTick_Handler  ecsystick2.o
    0x08003178   0x08003178   0x00000010   Code   RO          110    .text.SysTick_counter  ecsystick2.o
    0x08003188   0x08003188   0x0000005a   Code   RO          102    .text.SysTick_init  ecsystick2.o
    0x080031e2   0x080031e2   0x00000002   PAD
    0x080031e4   0x080031e4   0x00000012   Code   RO          364    .text.SystemInit    system_stm32f4xx.o
    0x080031f6   0x080031f6   0x00000002   PAD
    0x080031f8   0x080031f8   0x00000396   Code   RO            6    .text.TIM3_IRQHandler  ec_rccar_manualmode.o
    0x0800358e   0x0800358e   0x00000002   PAD
    0x08003590   0x08003590   0x00000012   Code   RO           81    .text.TIM_UI_enable  ectim2.o
    0x080035a2   0x080035a2   0x00000002   PAD
    0x080035a4   0x080035a4   0x000000e6   Code   RO           79    .text.TIM_UI_init   ectim2.o
    0x0800368a   0x0800368a   0x00000002   PAD
    0x0800368c   0x0800368c   0x0000013e   Code   RO           71    .text.TIM_init      ectim2.o
    0x080037ca   0x080037ca   0x00000002   PAD
    0x080037cc   0x080037cc   0x000000c8   Code   RO           73    .text.TIM_period_ms  ectim2.o
    0x08003894   0x08003894   0x00000018   Code   RO          280    .text.UART1_init    ecuart2.o
    0x080038ac   0x080038ac   0x00000018   Code   RO          282    .text.UART2_init    ecuart2.o
    0x080038c4   0x080038c4   0x000000b8   Code   RO          274    .text.UART_baud     ecuart2.o
    0x0800397c   0x0800397c   0x00000f80   Code   RO            8    .text.USART1_IRQHandler  ec_rccar_manualmode.o
    0x080048fc   0x080048fc   0x00000010   Code   RO          292    .text.USART1_read   ecuart2.o
    0x0800490c   0x0800490c   0x00000032   Code   RO          268    .text.USART_delay   ecuart2.o
    0x0800493e   0x0800493e   0x00000002   PAD
    0x08004940   0x08004940   0x00000020   Code   RO          266    .text.USART_read    ecuart2.o
    0x08004960   0x08004960   0x00000280   Code   RO          272    .text.USART_setting  ecuart2.o
    0x08004be0   0x08004be0   0x00000064   Code   RO          262    .text.USART_write   ecuart2.o
    0x08004c44   0x08004c44   0x00000030   Code   RO           83    .text.__NVIC_EnableIRQ  ectim2.o
    0x08004c74   0x08004c74   0x00000030   Code   RO          106    .text.__NVIC_EnableIRQ  ecsystick2.o
    0x08004ca4   0x08004ca4   0x00000030   Code   RO          278    .text.__NVIC_EnableIRQ  ecuart2.o
    0x08004cd4   0x08004cd4   0x00000042   Code   RO           85    .text.__NVIC_SetPriority  ectim2.o
    0x08004d16   0x08004d16   0x00000002   PAD
    0x08004d18   0x08004d18   0x00000042   Code   RO          104    .text.__NVIC_SetPriority  ecsystick2.o
    0x08004d5a   0x08004d5a   0x00000002   PAD
    0x08004d5c   0x08004d5c   0x00000042   Code   RO          276    .text.__NVIC_SetPriority  ecuart2.o
    0x08004d9e   0x08004d9e   0x00000002   PAD
    0x08004da0   0x08004da0   0x00000012   Code   RO           91    .text.clear_UIF     ectim2.o
    0x08004db2   0x08004db2   0x00000002   PAD
    0x08004db4   0x08004db4   0x000000a4   Code   RO          173    .text.ecPinmap      ecpinnames.o
    0x08004e58   0x08004e58   0x00000010   Code   RO           89    .text.is_UIF        ectim2.o
    0x08004e68   0x08004e68   0x00000010   Code   RO          296    .text.is_USART1_RXNE  ecuart2.o
    0x08004e78   0x08004e78   0x00000010   Code   RO          270    .text.is_USART_RXNE  ecuart2.o
    0x08004e88   0x08004e88   0x00000010   Code   RO            2    .text.main          ec_rccar_manualmode.o
    0x08004e98   0x08004e98   0x0000006c   Code   RO            4    .text.setup         ec_rccar_manualmode.o
    0x08004f04   0x08004f04   0x0000003e   Code   RO          569    CL$$btod_d2e        c_w.l(btod.o)
    0x08004f42   0x08004f42   0x00000046   Code   RO          571    CL$$btod_d2e_denorm_low  c_w.l(btod.o)
    0x08004f88   0x08004f88   0x00000060   Code   RO          570    CL$$btod_d2e_norm_op1  c_w.l(btod.o)
    0x08004fe8   0x08004fe8   0x00000338   Code   RO          579    CL$$btod_div_common  c_w.l(btod.o)
    0x08005320   0x08005320   0x000000dc   Code   RO          576    CL$$btod_e2e        c_w.l(btod.o)
    0x080053fc   0x080053fc   0x0000002a   Code   RO          573    CL$$btod_ediv       c_w.l(btod.o)
    0x08005426   0x08005426   0x0000002a   Code   RO          572    CL$$btod_emul       c_w.l(btod.o)
    0x08005450   0x08005450   0x00000244   Code   RO          578    CL$$btod_mult_common  c_w.l(btod.o)
    0x08005694   0x08005694   0x00000030   Code   RO          606    i.__ARM_fpclassify  m_wm.l(fpclassify.o)
    0x080056c4   0x080056c4   0x00000004   PAD
    0x080056c8   0x080056c8   0x000000e0   Code   RO          393    i.__hardfp_round    m_wm.l(round.o)
    0x080057a8   0x080057a8   0x0000000e   Code   RO          456    i._is_digit         c_w.l(__printf_wp.o)
    0x080057b6   0x080057b6   0x00000002   PAD
    0x080057b8   0x080057b8   0x0000002c   Code   RO          594    locale$$code        c_w.l(lc_numeric_c.o)
    0x080057e4   0x080057e4   0x0000002c   Code   RO          616    locale$$code        c_w.l(lc_ctype_c.o)
    0x08005810   0x08005810   0x00000062   Code   RO          385    x$fpl$d2f           fz_wm.l(d2f.o)
    0x08005872   0x08005872   0x00000002   PAD
    0x08005874   0x08005874   0x00000150   Code   RO          489    x$fpl$dadd          fz_wm.l(daddsub_clz.o)
    0x080059c4   0x080059c4   0x00000018   Code   RO          553    x$fpl$dcmpinf       fz_wm.l(dcmpi.o)
    0x080059dc   0x080059dc   0x0000005a   Code   RO          387    x$fpl$dfixu         fz_wm.l(dfixu.o)
    0x08005a36   0x08005a36   0x00000002   PAD
    0x08005a38   0x08005a38   0x00000078   Code   RO          495    x$fpl$dleqf         fz_wm.l(dleqf.o)
    0x08005ab0   0x08005ab0   0x0000009c   Code   RO          497    x$fpl$dnaninf       fz_wm.l(dnaninf.o)
    0x08005b4c   0x08005b4c   0x0000000c   Code   RO          499    x$fpl$dretinf       fz_wm.l(dretinf.o)
    0x08005b58   0x08005b58   0x0000006c   Code   RO          501    x$fpl$drleqf        fz_wm.l(drleqf.o)
    0x08005bc4   0x08005bc4   0x000000b4   Code   RO          503    x$fpl$drnd          fz_wm.l(drnd.o)
    0x08005c78   0x08005c78   0x000001dc   Code   RO          491    x$fpl$dsub          fz_wm.l(daddsub_clz.o)
    0x08005e54   0x08005e54   0x00000056   Code   RO          391    x$fpl$f2d           fz_wm.l(f2d.o)
    0x08005eaa   0x08005eaa   0x0000008c   Code   RO          505    x$fpl$fnaninf       fz_wm.l(fnaninf.o)
    0x08005f36   0x08005f36   0x0000001a   Code   RO          678    x$fpl$fpinit        fz_wm.l(fpinit.o)
    0x08005f50   0x08005f50   0x0000000a   Code   RO          507    x$fpl$fretinf       fz_wm.l(fretinf.o)
    0x08005f5a   0x08005f5a   0x00000004   Code   RO          509    x$fpl$printf1       fz_wm.l(printf1.o)
    0x08005f5e   0x08005f5e   0x00000004   Code   RO          511    x$fpl$printf2       fz_wm.l(printf2.o)
    0x08005f62   0x08005f62   0x00000000   Code   RO          517    x$fpl$usenofp       fz_wm.l(usenofp.o)
    0x08005f62   0x08005f62   0x00000002   PAD
    0x08005f64   0x08005f64   0x00000008   Data   RO          415    .constdata          c_w.l(_printf_wctomb.o)
    0x08005f6c   0x08005f6c   0x00000028   Data   RO          444    .constdata          c_w.l(_printf_hex_int_ll_ptr.o)
    0x08005f94   0x08005f94   0x00000011   Data   RO          464    .constdata          c_w.l(__printf_flags_ss_wp.o)
    0x08005fa5   0x08005fa5   0x00000026   Data   RO          542    .constdata          c_w.l(_printf_fp_hex.o)
    0x08005fcb   0x08005fcb   0x00000001   PAD
    0x08005fcc   0x08005fcc   0x00000094   Data   RO          567    .constdata          c_w.l(bigflt0.o)
    0x08006060   0x08006060   0x0000011a   Data   RO           61    .rodata.str1.1      ec_rccar_manualmode.o
    0x0800617a   0x0800617a   0x00000002   PAD
    0x0800617c   0x0800617c   0x00000020   Data   RO          753    Region$$Table       anon$$obj.o
    0x0800619c   0x0800619c   0x0000001c   Data   RO          593    locale$$data        c_w.l(lc_numeric_c.o)
    0x080061b8   0x080061b8   0x00000110   Data   RO          615    locale$$data        c_w.l(lc_ctype_c.o)


    Execution Region RW_IRAM1 (Exec base: 0x20000000, Load base: 0x080062c8, Size: 0x00000838, Max: 0x00020000, ABSOLUTE, COMPRESSED[0x00000050])

    Exec Addr    Load Addr    Size         Type   Attr      Idx    E Section Name        Object

    0x20000000   COMPRESSED   0x00000004   Data   RW          140    .data.EC_SYSCLK     ecrcc2.o
    0x20000004   COMPRESSED   0x00000050   Data   RW           51    .data.LEFTDirState  ec_rccar_manualmode.o
    0x20000054   COMPRESSED   0x00000050   Data   RW           50    .data.LEFTPWMState  ec_rccar_manualmode.o
    0x200000a4   COMPRESSED   0x00000004   Data   RW           54    .data.LmotorDIR     ec_rccar_manualmode.o
    0x200000a8   COMPRESSED   0x00000008   Data   RW           56    .data.LmotorPWM     ec_rccar_manualmode.o
    0x200000b0   COMPRESSED   0x00000050   Data   RW           53    .data.RIGHTDirState  ec_rccar_manualmode.o
    0x20000100   COMPRESSED   0x00000050   Data   RW           52    .data.RIGHTPWMState  ec_rccar_manualmode.o
    0x20000150   COMPRESSED   0x00000004   Data   RW           55    .data.RmotorDIR     ec_rccar_manualmode.o
    0x20000154   COMPRESSED   0x00000004   PAD
    0x20000158   COMPRESSED   0x00000008   Data   RW           57    .data.RmotorPWM     ec_rccar_manualmode.o
    0x20000160        -       0x00000060   Zero   RW          609    .bss                c_w.l(libspace.o)
    0x200001c0        -       0x00000001   Zero   RW           62    .bss.BT_Data        ec_rccar_manualmode.o
    0x200001c1        -       0x00000064   Zero   RW           60    .bss.BT_string      ec_rccar_manualmode.o
    0x20000225   COMPRESSED   0x00000003   PAD
    0x20000228        -       0x00000004   Zero   RW           58    .bss.currentState   ec_rccar_manualmode.o
    0x2000022c        -       0x00000004   Zero   RW           59    .bss.k              ec_rccar_manualmode.o
    0x20000230        -       0x00000004   Zero   RW          122    .bss.msTicks        ecsystick2.o
    0x20000234   COMPRESSED   0x00000004   PAD
    0x20000238        -       0x00000200   Zero   RW          355    HEAP                startup_stm32f411xe.o
    0x20000438        -       0x00000400   Zero   RW          354    STACK               startup_stm32f411xe.o


==============================================================================

Image component sizes


      Code (inc. data)   RO Data    RW Data    ZI Data      Debug   Object Name

     10018        300        282        344        109       7872   ec_rccar_manualmode.o
       402          0          0          0          0       4465   ecgpio2_student.o
       164          0          0          0          0       2098   ecpinnames.o
      1598         32          0          0          0       6526   ecpwm2.o
       330          0          0          4          0       2224   ecrcc2.o
       228          0          0          0          4       4507   ecsystick2.o
       914          0          0          0          0       6780   ectim2.o
      1216          0          0          0          0       8775   ecuart2.o
        64         26        408          0       1536        888   startup_stm32f411xe.o
        18          0          0          0          0       2814   system_stm32f4xx.o

    ----------------------------------------------------------------------
     15032        358        724        352       1656      46949   Object Totals
         0          0         32          0          0          0   (incl. Generated)
        80          0          2          4          7          0   (incl. Padding)

    ----------------------------------------------------------------------

      Code (inc. data)   RO Data    RW Data    ZI Data      Debug   Library Member Name

        90          0          0          0          0          0   __dczerorl2.o
         8          0          0          0          0         68   __main.o
       392          4         17          0          0         92   __printf_flags_ss_wp.o
        14          0          0          0          0         68   __printf_wp.o
         0          0          0          0          0          0   __rtentry.o
        12          0          0          0          0          0   __rtentry2.o
         6          0          0          0          0          0   __rtentry4.o
        94          8          0          0          0          0   __scatter.o
        28          0          0          0          0          0   __scatter_zi.o
        72          0          0          0          0         96   _c16rtomb.o
         6          0          0          0          0          0   _printf_a.o
         6          0          0          0          0          0   _printf_c.o
        44          0          0          0          0        108   _printf_char.o
        48          6          0          0          0         96   _printf_char_common.o
        40          0          0          0          0         68   _printf_charcount.o
         6          0          0          0          0          0   _printf_d.o
       120         16          0          0          0         92   _printf_dec.o
         6          0          0          0          0          0   _printf_e.o
         6          0          0          0          0          0   _printf_f.o
      1052          0          0          0          0        148   _printf_fp_dec.o
       764          8         38          0          0        100   _printf_fp_hex.o
       128         16          0          0          0         84   _printf_fp_infnan.o
         6          0          0          0          0          0   _printf_g.o
       148          4         40          0          0        160   _printf_hex_int_ll_ptr.o
         6          0          0          0          0          0   _printf_i.o
       178          0          0          0          0         88   _printf_intcommon.o
        10          0          0          0          0          0   _printf_l.o
         6          0          0          0          0          0   _printf_lc.o
        10          0          0          0          0          0   _printf_ll.o
         6          0          0          0          0          0   _printf_lld.o
         6          0          0          0          0          0   _printf_lli.o
         6          0          0          0          0          0   _printf_llo.o
         6          0          0          0          0          0   _printf_llu.o
         6          0          0          0          0          0   _printf_llx.o
       124         16          0          0          0         92   _printf_longlong_dec.o
         6          0          0          0          0          0   _printf_ls.o
         6          0          0          0          0          0   _printf_n.o
         6          0          0          0          0          0   _printf_o.o
       112          8          0          0          0        124   _printf_oct_int_ll.o
         6          0          0          0          0          0   _printf_p.o
        78          0          0          0          0        108   _printf_pad.o
         0          0          0          0          0          0   _printf_percent.o
         4          0          0          0          0          0   _printf_percent_end.o
         6          0          0          0          0          0   _printf_s.o
        82          0          0          0          0         80   _printf_str.o
        36          0          0          0          0         84   _printf_truncate.o
         6          0          0          0          0          0   _printf_u.o
        44          0          0          0          0        108   _printf_wchar.o
       188          6          8          0          0         92   _printf_wctomb.o
         6          0          0          0          0          0   _printf_x.o
        10          0          0          0          0         68   _sputc.o
       228          4        148          0          0         96   bigflt0.o
      1936        128          0          0          0        668   btod.o
        18          0          0          0          0         80   exit.o
         6          0          0          0          0        152   heapauxi.o
         0          0          0          0          0          0   indicate_semi.o
        44         10        272          0          0         76   lc_ctype_c.o
        44         10         28          0          0         76   lc_numeric_c.o
         2          0          0          0          0          0   libinit.o
        34          0          0          0          0          0   libinit2.o
         2          0          0          0          0          0   libshutdown.o
         2          0          0          0          0          0   libshutdown2.o
         8          4          0          0         96         68   libspace.o
       138          0          0          0          0         80   lludiv10.o
        16          4          0          0          0         76   rt_ctype_table.o
         8          4          0          0          0         68   rt_locale_intlibspace.o
         2          0          0          0          0          0   rtexit.o
        10          0          0          0          0          0   rtexit2.o
        44          6          0          0          0         84   sprintf.o
       124          0          0          0          0         88   strcmpv7em.o
        12          4          0          0          0         68   sys_exit.o
        74          0          0          0          0         80   sys_stackheap_outer.o
         2          0          0          0          0         68   use_no_semi.o
        98          4          0          0          0        140   d2f.o
       812         16          0          0          0        392   daddsub_clz.o
        24          0          0          0          0        116   dcmpi.o
        90          4          0          0          0        140   dfixu.o
       120          4          0          0          0        140   dleqf.o
       156          4          0          0          0        140   dnaninf.o
        12          0          0          0          0        116   dretinf.o
       108          0          0          0          0        128   drleqf.o
       180          4          0          0          0        128   drnd.o
        86          4          0          0          0        132   f2d.o
       140          4          0          0          0        132   fnaninf.o
        26          0          0          0          0        116   fpinit.o
        10          0          0          0          0        116   fretinf.o
         4          0          0          0          0        116   printf1.o
         4          0          0          0          0        116   printf2.o
         0          0          0          0          0          0   usenofp.o
        48          0          0          0          0        124   fpclassify.o
       224         30          0          0          0        172   round.o

    ----------------------------------------------------------------------
      8980        340        552          0         96       6316   Library Totals
        28          0          1          0          0          0   (incl. Padding)

    ----------------------------------------------------------------------

      Code (inc. data)   RO Data    RW Data    ZI Data      Debug   Library Name

      6810        266        551          0         96       3852   c_w.l
      1870         44          0          0          0       2168   fz_wm.l
       272         30          0          0          0        296   m_wm.l

    ----------------------------------------------------------------------
      8980        340        552          0         96       6316   Library Totals

    ----------------------------------------------------------------------

==============================================================================


      Code (inc. data)   RO Data    RW Data    ZI Data      Debug   

     24012        698       1276        352       1752      49545   Grand Totals
     24012        698       1276         80       1752      49545   ELF Image Totals (compressed)
     24012        698       1276         80          0          0   ROM Totals

==============================================================================

    Total RO  Size (Code + RO Data)                25288 (  24.70kB)
    Total RW  Size (RW Data + ZI Data)              2104 (   2.05kB)
    Total ROM Size (Code + RO Data + RW Data)      25368 (  24.77kB)

==============================================================================

