Component: Arm Compiler for Embedded 6.22 Tool: armlink [5ee90200]

==============================================================================

Section Cross References

    sketch1.o(.text.main) refers to sketch1.o(.text.setup) for setup
    sketch1.o(.text.main) refers to sketch1.o(.bss.value) for value
    sketch1.o(.text.main) refers to sketch1.o(.rodata.str1.1) for .L.str
    sketch1.o(.text.main) refers to printf.o(.text) for printf
    sketch1.o(.text.main) refers to sketch1.o(.bss.timeInterval) for timeInterval
    sketch1.o(.text.main) refers to f2d.o(x$fpl$f2d) for __aeabi_f2d
    sketch1.o(.text.main) refers to dmul.o(x$fpl$dmul) for __aeabi_dmul
    sketch1.o(.text.main) refers to ddiv.o(x$fpl$ddiv) for __aeabi_ddiv
    sketch1.o(.text.main) refers to d2f.o(x$fpl$d2f) for __aeabi_d2f
    sketch1.o(.text.main) refers to sketch1.o(.bss.distance) for distance
    sketch1.o(.text.main) refers to ecsystick2.o(.text.delay_ms) for delay_ms
    sketch1.o(.ARM.exidx.text.main) refers to sketch1.o(.text.main) for [Anonymous Symbol]
    sketch1.o(.text.setup) refers to ecrcc2.o(.text.RCC_PLL_init) for RCC_PLL_init
    sketch1.o(.text.setup) refers to ecuart2.o(.text.UART2_init) for UART2_init
    sketch1.o(.text.setup) refers to ecsystick2.o(.text.SysTick_init) for SysTick_init
    sketch1.o(.text.setup) refers to ecadc2.o(.text.ADC_init) for ADC_init
    sketch1.o(.text.setup) refers to ectim2.o(.text.TIM_UI_init) for TIM_UI_init
    sketch1.o(.text.setup) refers to ecpwm2.o(.text.PWM_init) for PWM_init
    sketch1.o(.text.setup) refers to ecpwm2.o(.text.PWM_period) for PWM_period
    sketch1.o(.text.setup) refers to ecpwm2.o(.text.PWM_period_us) for PWM_period_us
    sketch1.o(.text.setup) refers to ecpwm2.o(.text.PWM_pulsewidth_us) for PWM_pulsewidth_us
    sketch1.o(.text.setup) refers to ecicap2.o(.text.ICAP_init) for ICAP_init
    sketch1.o(.text.setup) refers to ecicap2.o(.text.ICAP_counter_us) for ICAP_counter_us
    sketch1.o(.text.setup) refers to ecicap2.o(.text.ICAP_setup) for ICAP_setup
    sketch1.o(.text.setup) refers to ecgpio2_student.o(.text.GPIO_init) for GPIO_init
    sketch1.o(.text.setup) refers to ecgpio2_student.o(.text.GPIO_pupd) for GPIO_pupd
    sketch1.o(.text.setup) refers to ecgpio2_student.o(.text.GPIO_otype) for GPIO_otype
    sketch1.o(.text.setup) refers to ecgpio2_student.o(.text.GPIO_ospeed) for GPIO_ospeed
    sketch1.o(.text.setup) refers to ecexti2.o(.text.EXTI_init) for EXTI_init
    sketch1.o(.text.setup) refers to ecstepper2.o(.text.Stepper_init) for Stepper_init
    sketch1.o(.text.setup) refers to ecstepper2.o(.text.Stepper_setSpeed) for Stepper_setSpeed
    sketch1.o(.ARM.exidx.text.setup) refers to sketch1.o(.text.setup) for [Anonymous Symbol]
    sketch1.o(.text.TIM2_IRQHandler) refers to ectim2.o(.text.is_UIF) for is_UIF
    sketch1.o(.text.TIM2_IRQHandler) refers to sketch1.o(.bss.value) for value
    sketch1.o(.text.TIM2_IRQHandler) refers to ecpwm2.o(.text.PWM_duty) for PWM_duty
    sketch1.o(.text.TIM2_IRQHandler) refers to dflt_clz.o(x$fpl$dfltu) for __aeabi_ui2d
    sketch1.o(.text.TIM2_IRQHandler) refers to dmul.o(x$fpl$dmul) for __aeabi_dmul
    sketch1.o(.text.TIM2_IRQHandler) refers to d2f.o(x$fpl$d2f) for __aeabi_d2f
    sketch1.o(.text.TIM2_IRQHandler) refers to sketch1.o(.bss.distance) for distance
    sketch1.o(.text.TIM2_IRQHandler) refers to ecgpio2_student.o(.text.GPIO_write) for GPIO_write
    sketch1.o(.text.TIM2_IRQHandler) refers to sketch1.o(.bss.update_flag) for update_flag
    sketch1.o(.text.TIM2_IRQHandler) refers to sketch1.o(.bss.step) for step
    sketch1.o(.text.TIM2_IRQHandler) refers to sketch1.o(.bss.dir) for dir
    sketch1.o(.text.TIM2_IRQHandler) refers to ecstepper2.o(.text.Stepper_step) for Stepper_step
    sketch1.o(.text.TIM2_IRQHandler) refers to ectim2.o(.text.clear_UIF) for clear_UIF
    sketch1.o(.ARM.exidx.text.TIM2_IRQHandler) refers to sketch1.o(.text.TIM2_IRQHandler) for [Anonymous Symbol]
    sketch1.o(.text.TIM4_IRQHandler) refers to ectim2.o(.text.is_UIF) for is_UIF
    sketch1.o(.text.TIM4_IRQHandler) refers to sketch1.o(.bss.ovf_cnt) for ovf_cnt
    sketch1.o(.text.TIM4_IRQHandler) refers to ectim2.o(.text.clear_UIF) for clear_UIF
    sketch1.o(.text.TIM4_IRQHandler) refers to ecicap2.o(.text.is_CCIF) for is_CCIF
    sketch1.o(.text.TIM4_IRQHandler) refers to ecicap2.o(.text.ICAP_capture) for ICAP_capture
    sketch1.o(.text.TIM4_IRQHandler) refers to sketch1.o(.bss.time1) for time1
    sketch1.o(.text.TIM4_IRQHandler) refers to ecicap2.o(.text.clear_CCIF) for clear_CCIF
    sketch1.o(.text.TIM4_IRQHandler) refers to sketch1.o(.bss.time2) for time2
    sketch1.o(.text.TIM4_IRQHandler) refers to sketch1.o(.bss.time_interval_us) for time_interval_us
    sketch1.o(.text.TIM4_IRQHandler) refers to f2d.o(x$fpl$f2d) for __aeabi_f2d
    sketch1.o(.text.TIM4_IRQHandler) refers to ddiv.o(x$fpl$ddiv) for __aeabi_ddiv
    sketch1.o(.text.TIM4_IRQHandler) refers to d2f.o(x$fpl$d2f) for __aeabi_d2f
[...]
    [Anonymous Symbol]                       0x08002a1c   Section        0  ecrcc2.o(.text.RCC_PLL_init)
    [Anonymous Symbol]                       0x08002b30   Section        0  ecstepper2.o(.text.Stepper_init)
    [Anonymous Symbol]                       0x08002c10   Section        0  ecstepper2.o(.text.Stepper_pinOut)
    [Anonymous Symbol]                       0x08002d38   Section        0  ecstepper2.o(.text.Stepper_setSpeed)
    [Anonymous Symbol]                       0x08002d90   Section        0  ecstepper2.o(.text.Stepper_step)
    [Anonymous Symbol]                       0x08002e70   Section        0  ecsystick2.o(.text.SysTick_Handler)
    [Anonymous Symbol]                       0x08002e78   Section        0  ecsystick2.o(.text.SysTick_counter)
    [Anonymous Symbol]                       0x08002e88   Section        0  ecsystick2.o(.text.SysTick_init)
    [Anonymous Symbol]                       0x08002ee4   Section        0  system_stm32f4xx.o(.text.SystemInit)
    [Anonymous Symbol]                       0x08002ef8   Section        0  sketch1.o(.text.TIM2_IRQHandler)
    [Anonymous Symbol]                       0x08003018   Section        0  sketch1.o(.text.TIM4_IRQHandler)
    [Anonymous Symbol]                       0x08003168   Section        0  ectim2.o(.text.TIM_UI_enable)
    [Anonymous Symbol]                       0x0800317c   Section        0  ectim2.o(.text.TIM_UI_init)
    [Anonymous Symbol]                       0x08003264   Section        0  ectim2.o(.text.TIM_init)
    [Anonymous Symbol]                       0x080033a4   Section        0  ectim2.o(.text.TIM_period_ms)
    [Anonymous Symbol]                       0x0800346c   Section        0  ectim2.o(.text.TIM_period_us)
    [Anonymous Symbol]                       0x0800354c   Section        0  ecuart2.o(.text.UART2_init)
    [Anonymous Symbol]                       0x08003564   Section        0  ecuart2.o(.text.UART_baud)
    [Anonymous Symbol]                       0x0800361c   Section        0  ecuart2.o(.text.USART_delay)
    [Anonymous Symbol]                       0x08003650   Section        0  ecuart2.o(.text.USART_setting)
    [Anonymous Symbol]                       0x080038d0   Section        0  ecuart2.o(.text.USART_write)
    __NVIC_EnableIRQ                         0x08003935   Thumb Code    48  ectim2.o(.text.__NVIC_EnableIRQ)
    [Anonymous Symbol]                       0x08003934   Section        0  ectim2.o(.text.__NVIC_EnableIRQ)
    __NVIC_EnableIRQ                         0x08003965   Thumb Code    48  ecsystick2.o(.text.__NVIC_EnableIRQ)
    [Anonymous Symbol]                       0x08003964   Section        0  ecsystick2.o(.text.__NVIC_EnableIRQ)
    __NVIC_EnableIRQ                         0x08003995   Thumb Code    48  ecexti2.o(.text.__NVIC_EnableIRQ)
    [Anonymous Symbol]                       0x08003994   Section        0  ecexti2.o(.text.__NVIC_EnableIRQ)
    __NVIC_EnableIRQ                         0x080039c5   Thumb Code    48  ecadc2.o(.text.__NVIC_EnableIRQ)
    [Anonymous Symbol]                       0x080039c4   Section        0  ecadc2.o(.text.__NVIC_EnableIRQ)
    __NVIC_EnableIRQ                         0x080039f5   Thumb Code    48  ecuart2.o(.text.__NVIC_EnableIRQ)
    [Anonymous Symbol]                       0x080039f4   Section        0  ecuart2.o(.text.__NVIC_EnableIRQ)
    __NVIC_SetPriority                       0x08003a25   Thumb Code    66  ectim2.o(.text.__NVIC_SetPriority)
    [Anonymous Symbol]                       0x08003a24   Section        0  ectim2.o(.text.__NVIC_SetPriority)
    __NVIC_SetPriority                       0x08003a69   Thumb Code    66  ecsystick2.o(.text.__NVIC_SetPriority)
    [Anonymous Symbol]                       0x08003a68   Section        0  ecsystick2.o(.text.__NVIC_SetPriority)
    __NVIC_SetPriority                       0x08003aad   Thumb Code    66  ecexti2.o(.text.__NVIC_SetPriority)
    [Anonymous Symbol]                       0x08003aac   Section        0  ecexti2.o(.text.__NVIC_SetPriority)
    __NVIC_SetPriority                       0x08003af1   Thumb Code    66  ecadc2.o(.text.__NVIC_SetPriority)
    [Anonymous Symbol]                       0x08003af0   Section        0  ecadc2.o(.text.__NVIC_SetPriority)
    __NVIC_SetPriority                       0x08003b35   Thumb Code    66  ecuart2.o(.text.__NVIC_SetPriority)
    [Anonymous Symbol]                       0x08003b34   Section        0  ecuart2.o(.text.__NVIC_SetPriority)
    [Anonymous Symbol]                       0x08003b78   Section        0  ecadc2.o(.text.clear_ADC_OVR)
    [Anonymous Symbol]                       0x08003b8c   Section        0  ecicap2.o(.text.clear_CCIF)
    [Anonymous Symbol]                       0x08003ba8   Section        0  ectim2.o(.text.clear_UIF)
    [Anonymous Symbol]                       0x08003bbc   Section        0  ecexti2.o(.text.clear_pending_EXTI)
    [Anonymous Symbol]                       0x08003bec   Section        0  ecsystick2.o(.text.delay_ms)
    [Anonymous Symbol]                       0x08003c28   Section        0  ecpinnames.o(.text.ecPinmap)
    [Anonymous Symbol]                       0x08003ccc   Section        0  ecuart2.o(.text.fputc)
    [Anonymous Symbol]                       0x08003cf4   Section        0  ecadc2.o(.text.is_ADC_EOC)
    [Anonymous Symbol]                       0x08003d04   Section        0  ecadc2.o(.text.is_ADC_OVR)
    [Anonymous Symbol]                       0x08003d14   Section        0  ecicap2.o(.text.is_CCIF)
    [Anonymous Symbol]                       0x08003d2c   Section        0  ectim2.o(.text.is_UIF)
    [Anonymous Symbol]                       0x08003d3c   Section        0  ecexti2.o(.text.is_pending_EXTI)
    [Anonymous Symbol]                       0x08003d78   Section        0  sketch1.o(.text.main)
    [Anonymous Symbol]                       0x08003e50   Section        0  sketch1.o(.text.setup)
    CL$$btod_d2e                             0x08003f48   Section       62  btod.o(CL$$btod_d2e)
    CL$$btod_d2e_denorm_low                  0x08003f86   Section       70  btod.o(CL$$btod_d2e_denorm_low)
    CL$$btod_d2e_norm_op1                    0x08003fcc   Section       96  btod.o(CL$$btod_d2e_norm_op1)
    CL$$btod_div_common                      0x0800402c   Section      824  btod.o(CL$$btod_div_common)
    CL$$btod_e2e                             0x08004364   Section      220  btod.o(CL$$btod_e2e)
    CL$$btod_ediv                            0x08004440   Section       42  btod.o(CL$$btod_ediv)
    CL$$btod_emul                            0x0800446a   Section       42  btod.o(CL$$btod_emul)
    CL$$btod_mult_common                     0x08004494   Section      580  btod.o(CL$$btod_mult_common)
    i.__ARM_fpclassify                       0x080046d8   Section        0  fpclassify.o(i.__ARM_fpclassify)
    i.__hardfp_round                         0x08004708   Section        0  round.o(i.__hardfp_round)
    i._is_digit                              0x080047e8   Section        0  __printf_wp.o(i._is_digit)
    locale$$code                             0x080047f8   Section       44  lc_numeric_c.o(locale$$code)
    locale$$code                             0x08004824   Section       44  lc_ctype_c.o(locale$$code)
    $v0                                      0x08004850   Number         0  d2f.o(x$fpl$d2f)
    x$fpl$d2f                                0x08004850   Section       98  d2f.o(x$fpl$d2f)
    $v0                                      0x080048b4   Number         0  daddsub_clz.o(x$fpl$dadd)
    x$fpl$dadd                               0x080048b4   Section      336  daddsub_clz.o(x$fpl$dadd)
    _dadd1                                   0x080048c5   Thumb Code     0  daddsub_clz.o(x$fpl$dadd)
    $v0                                      0x08004a04   Number         0  dcmpi.o(x$fpl$dcmpinf)
    x$fpl$dcmpinf                            0x08004a04   Section       24  dcmpi.o(x$fpl$dcmpinf)
    $v0                                      0x08004a1c   Number         0  ddiv.o(x$fpl$ddiv)
    x$fpl$ddiv                               0x08004a1c   Section      696  ddiv.o(x$fpl$ddiv)
    ddiv_entry                               0x08004a23   Thumb Code     0  ddiv.o(x$fpl$ddiv)
    $v0                                      0x08004cd4   Number         0  dfixu.o(x$fpl$dfixu)
    x$fpl$dfixu                              0x08004cd4   Section       90  dfixu.o(x$fpl$dfixu)
    $v0                                      0x08004d2e   Number         0  dflt_clz.o(x$fpl$dfltu)
    x$fpl$dfltu                              0x08004d2e   Section       38  dflt_clz.o(x$fpl$dfltu)
    $v0                                      0x08004d54   Number         0  dleqf.o(x$fpl$dleqf)
    x$fpl$dleqf                              0x08004d54   Section      120  dleqf.o(x$fpl$dleqf)
    $v0                                      0x08004dcc   Number         0  dmul.o(x$fpl$dmul)
    x$fpl$dmul                               0x08004dcc   Section      340  dmul.o(x$fpl$dmul)
    $v0                                      0x08004f20   Number         0  dnaninf.o(x$fpl$dnaninf)
    x$fpl$dnaninf                            0x08004f20   Section      156  dnaninf.o(x$fpl$dnaninf)
    $v0                                      0x08004fbc   Number         0  dretinf.o(x$fpl$dretinf)
    x$fpl$dretinf                            0x08004fbc   Section       12  dretinf.o(x$fpl$dretinf)
    $v0                                      0x08004fc8   Number         0  drleqf.o(x$fpl$drleqf)
    x$fpl$drleqf                             0x08004fc8   Section      108  drleqf.o(x$fpl$drleqf)
    $v0                                      0x08005034   Number         0  drnd.o(x$fpl$drnd)
    x$fpl$drnd                               0x08005034   Section      180  drnd.o(x$fpl$drnd)
    $v0                                      0x080050e8   Number         0  daddsub_clz.o(x$fpl$dsub)
    x$fpl$dsub                               0x080050e8   Section      476  daddsub_clz.o(x$fpl$dsub)
    _dsub1                                   0x080050f9   Thumb Code     0  daddsub_clz.o(x$fpl$dsub)
    $v0                                      0x080052c4   Number         0  f2d.o(x$fpl$f2d)
    x$fpl$f2d                                0x080052c4   Section       86  f2d.o(x$fpl$f2d)
    $v0                                      0x0800531a   Number         0  fnaninf.o(x$fpl$fnaninf)
    x$fpl$fnaninf                            0x0800531a   Section      140  fnaninf.o(x$fpl$fnaninf)
    $v0                                      0x080053a6   Number         0  fpinit.o(x$fpl$fpinit)
    x$fpl$fpinit                             0x080053a6   Section       26  fpinit.o(x$fpl$fpinit)
    $v0                                      0x080053c0   Number         0  fretinf.o(x$fpl$fretinf)
    x$fpl$fretinf                            0x080053c0   Section       10  fretinf.o(x$fpl$fretinf)
    $v0                                      0x080053ca   Number         0  printf1.o(x$fpl$printf1)
    x$fpl$printf1                            0x080053ca   Section        4  printf1.o(x$fpl$printf1)
    $v0                                      0x080053ce   Number         0  printf2.o(x$fpl$printf2)
    x$fpl$printf2                            0x080053ce   Section        4  printf2.o(x$fpl$printf2)
    x$fpl$usenofp                            0x080053d2   Section        0  usenofp.o(x$fpl$usenofp)
    initial_mbstate                          0x080053d4   Data           8  _printf_wctomb.o(.constdata)
    .constdata                               0x080053d4   Section        8  _printf_wctomb.o(.constdata)
    uc_hextab                                0x080053dc   Data          20  _printf_hex_int_ll_ptr.o(.constdata)
    .constdata                               0x080053dc   Section       40  _printf_hex_int_ll_ptr.o(.constdata)
    lc_hextab                                0x080053f0   Data          20  _printf_hex_int_ll_ptr.o(.constdata)
    maptable                                 0x08005404   Data          17  __printf_flags_ss_wp.o(.constdata)
    .constdata                               0x08005404   Section       17  __printf_flags_ss_wp.o(.constdata)
    lc_hextab                                0x08005415   Data          19  _printf_fp_hex.o(.constdata)
    .constdata                               0x08005415   Section       38  _printf_fp_hex.o(.constdata)
    uc_hextab                                0x08005428   Data          19  _printf_fp_hex.o(.constdata)
    tenpwrs_x                                0x0800543c   Data          60  bigflt0.o(.constdata)
    .constdata                               0x0800543c   Section      148  bigflt0.o(.constdata)
    tenpwrs_i                                0x08005478   Data          64  bigflt0.o(.constdata)
    .L.str                                   0x080054d0   Data          14  sketch1.o(.rodata.str1.1)
    [Anonymous Symbol]                       0x080054d0   Section        0  sketch1.o(.rodata.str1.1)
    .L.str.2                                 0x080054de   Data          19  sketch1.o(.rodata.str1.1)
    .L.str.1                                 0x080054ee   Data           3  sketch1.o(.rodata.str1.1)
    locale$$data                             0x08005514   Section       28  lc_numeric_c.o(locale$$data)
    __lcnum_c_name                           0x08005518   Data           2  lc_numeric_c.o(locale$$data)
    __lcnum_c_start                          0x08005520   Data           0  lc_numeric_c.o(locale$$data)
    __lcnum_c_point                          0x0800552c   Data           0  lc_numeric_c.o(locale$$data)
    __lcnum_c_thousands                      0x0800552e   Data           0  lc_numeric_c.o(locale$$data)
    __lcnum_c_grouping                       0x0800552f   Data           0  lc_numeric_c.o(locale$$data)
    __lcnum_c_end                            0x08005530   Data           0  lc_numeric_c.o(locale$$data)
    locale$$data                             0x08005530   Section      272  lc_ctype_c.o(locale$$data)
    __lcctype_c_name                         0x08005534   Data           2  lc_ctype_c.o(locale$$data)
    __lcctype_c_start                        0x0800553c   Data           0  lc_ctype_c.o(locale$$data)
    __lcctype_c_end                          0x08005640   Data           0  lc_ctype_c.o(locale$$data)
    .bss                                     0x200000a8   Section       96  libspace.o(.bss)
    Heap_Mem                                 0x20000148   Data         512  startup_stm32f411xe.o(HEAP)
    HEAP                                     0x20000148   Section      512  startup_stm32f411xe.o(HEAP)
    Stack_Mem                                0x20000348   Data        1024  startup_stm32f411xe.o(STACK)
    STACK                                    0x20000348   Section     1024  startup_stm32f411xe.o(STACK)
    __initial_sp                             0x20000748   Data           0  startup_stm32f411xe.o(STACK)

    Global Symbols

    Symbol Name                              Value     Ov Type        Size  Object(Section)

    BuildAttributes$$THM_ISAv4$E$P$D$K$B$S$7EM$VFPi3$EXTD16$VFPS$VFMA$PE$A:L22UL41UL21$X:L11$S22US41US21$IEEE1$IW$~IW$USESV6$~STKCKD$USESV7$~SHL$OTIME$ROPI$IEEEJ$EBA8$UX$STANDARDLIB$REQ8$PRES8$EABIv2 0x00000000   Number         0  anon$$obj.o ABSOLUTE
    _printf_flags                            0x00000000   Number         0  printf_stubs.o ABSOLUTE
    _printf_return_value                     0x00000000   Number         0  printf_stubs.o ABSOLUTE
    _printf_sizespec                         0x00000000   Number         0  printf_stubs.o ABSOLUTE
    _printf_widthprec                        0x00000000   Number         0  printf_stubs.o ABSOLUTE
    __ARM_exceptions_init                     - Undefined Weak Reference
    __alloca_initialize                       - Undefined Weak Reference
    __arm_preinit_                            - Undefined Weak Reference
    __arm_relocate_pie_                       - Undefined Weak Reference
    __cpp_initialize__aeabi_                  - Undefined Weak Reference
    __cxa_finalize                            - Undefined Weak Reference
    __sigvec_lookup                           - Undefined Weak Reference
    _atexit_init                              - Undefined Weak Reference
    _call_atexit_fns                          - Undefined Weak Reference
    _clock_init                               - Undefined Weak Reference
    _fp_trap_init                             - Undefined Weak Reference
    _fp_trap_shutdown                         - Undefined Weak Reference
    _get_lc_collate                           - Undefined Weak Reference
    _get_lc_monetary                          - Undefined Weak Reference
    _get_lc_time                              - Undefined Weak Reference
    _getenv_init                              - Undefined Weak Reference
    _handle_redirection                       - Undefined Weak Reference
    _init_alloc                               - Undefined Weak Reference
    _init_user_alloc                          - Undefined Weak Reference
    _initio                                   - Undefined Weak Reference
    _mutex_acquire                            - Undefined Weak Reference
    _mutex_release                            - Undefined Weak Reference
    _printf_mbtowc                            - Undefined Weak Reference
    _printf_wc                                - Undefined Weak Reference
    _rand_init                                - Undefined Weak Reference
    _signal_finish                            - Undefined Weak Reference
    _signal_init                              - Undefined Weak Reference
    _terminate_alloc                          - Undefined Weak Reference
    _terminate_user_alloc                     - Undefined Weak Reference
    _terminateio                              - Undefined Weak Reference
    __Vectors_Size                           0x00000198   Number         0  startup_stm32f411xe.o ABSOLUTE
    __Vectors                                0x08000000   Data           4  startup_stm32f411xe.o(RESET)
    __Vectors_End                            0x08000198   Data           0  startup_stm32f411xe.o(RESET)
    __main                                   0x08000199   Thumb Code     8  __main.o(!!!main)
    __scatterload                            0x080001a1   Thumb Code     0  __scatter.o(!!!scatter)
    __scatterload_rt2                        0x080001a1   Thumb Code    84  __scatter.o(!!!scatter)
    __scatterload_rt2_thumb_only             0x080001a1   Thumb Code     0  __scatter.o(!!!scatter)
    __scatterload_loop                       0x080001ab   Thumb Code     0  __scatter.o(!!!scatter)
    __scatterload_copy                       0x080001fd   Thumb Code    26  __scatter_copy.o(!!handler_copy)
    __scatterload_null                       0x08000219   Thumb Code     2  __scatter.o(!!handler_null)
    __scatterload_zeroinit                   0x0800021d   Thumb Code    28  __scatter_zi.o(!!handler_zi)
    _printf_n                                0x08000239   Thumb Code     0  _printf_n.o(.ARM.Collect$$_printf_percent$$00000001)
    _printf_percent                          0x08000239   Thumb Code     0  _printf_percent.o(.ARM.Collect$$_printf_percent$$00000000)
    _printf_p                                0x0800023f   Thumb Code     0  _printf_p.o(.ARM.Collect$$_printf_percent$$00000002)
    _printf_f                                0x08000245   Thumb Code     0  _printf_f.o(.ARM.Collect$$_printf_percent$$00000003)
    _printf_e                                0x0800024b   Thumb Code     0  _printf_e.o(.ARM.Collect$$_printf_percent$$00000004)
    _printf_g                                0x08000251   Thumb Code     0  _printf_g.o(.ARM.Collect$$_printf_percent$$00000005)
    _printf_a                                0x08000257   Thumb Code     0  _printf_a.o(.ARM.Collect$$_printf_percent$$00000006)
    _printf_ll                               0x0800025d   Thumb Code     0  _printf_ll.o(.ARM.Collect$$_printf_percent$$00000007)
    _printf_i                                0x08000267   Thumb Code     0  _printf_i.o(.ARM.Collect$$_printf_percent$$00000008)
    _printf_d                                0x0800026d   Thumb Code     0  _printf_d.o(.ARM.Collect$$_printf_percent$$00000009)
    _printf_u                                0x08000273   Thumb Code     0  _printf_u.o(.ARM.Collect$$_printf_percent$$0000000A)
    _printf_o                                0x08000279   Thumb Code     0  _printf_o.o(.ARM.Collect$$_printf_percent$$0000000B)
    _printf_x                                0x0800027f   Thumb Code     0  _printf_x.o(.ARM.Collect$$_printf_percent$$0000000C)
    _printf_lli                              0x08000285   Thumb Code     0  _printf_lli.o(.ARM.Collect$$_printf_percent$$0000000D)
    _printf_lld                              0x0800028b   Thumb Code     0  _printf_lld.o(.ARM.Collect$$_printf_percent$$0000000E)
    _printf_llu                              0x08000291   Thumb Code     0  _printf_llu.o(.ARM.Collect$$_printf_percent$$0000000F)
    _printf_llo                              0x08000297   Thumb Code     0  _printf_llo.o(.ARM.Collect$$_printf_percent$$00000010)
    _printf_llx                              0x0800029d   Thumb Code     0  _printf_llx.o(.ARM.Collect$$_printf_percent$$00000011)
    _printf_l                                0x080002a3   Thumb Code     0  _printf_l.o(.ARM.Collect$$_printf_percent$$00000012)
    _printf_c                                0x080002ad   Thumb Code     0  _printf_c.o(.ARM.Collect$$_printf_percent$$00000013)
    _printf_s                                0x080002b3   Thumb Code     0  _printf_s.o(.ARM.Collect$$_printf_percent$$00000014)
    _printf_lc                               0x080002b9   Thumb Code     0  _printf_lc.o(.ARM.Collect$$_printf_percent$$00000015)
    _printf_ls                               0x080002bf   Thumb Code     0  _printf_ls.o(.ARM.Collect$$_printf_percent$$00000016)
    _printf_percent_end                      0x080002c5   Thumb Code     0  _printf_percent_end.o(.ARM.Collect$$_printf_percent$$00000017)
    __rt_lib_init                            0x080002c9   Thumb Code     0  libinit.o(.ARM.Collect$$libinit$$00000000)
    __rt_lib_init_fp_1                       0x080002cb   Thumb Code     0  libinit2.o(.ARM.Collect$$libinit$$00000001)
    __rt_lib_init_heap_1                     0x080002cf   Thumb Code     0  libinit2.o(.ARM.Collect$$libinit$$0000000C)
    __rt_lib_init_lc_common                  0x080002cf   Thumb Code     0  libinit2.o(.ARM.Collect$$libinit$$00000011)
    __rt_lib_init_preinit_1                  0x080002cf   Thumb Code     0  libinit2.o(.ARM.Collect$$libinit$$00000006)
    __rt_lib_init_rand_1                     0x080002cf   Thumb Code     0  libinit2.o(.ARM.Collect$$libinit$$00000010)
    __rt_lib_init_relocate_pie_1             0x080002cf   Thumb Code     0  libinit2.o(.ARM.Collect$$libinit$$00000004)
    __rt_lib_init_user_alloc_1               0x080002cf   Thumb Code     0  libinit2.o(.ARM.Collect$$libinit$$0000000E)
    __rt_lib_init_lc_collate_1               0x080002d5   Thumb Code     0  libinit2.o(.ARM.Collect$$libinit$$00000013)
    __rt_lib_init_lc_ctype_2                 0x080002d5   Thumb Code     0  libinit2.o(.ARM.Collect$$libinit$$00000014)
    __rt_lib_init_lc_ctype_1                 0x080002e1   Thumb Code     0  libinit2.o(.ARM.Collect$$libinit$$00000015)
    __rt_lib_init_lc_monetary_1              0x080002e1   Thumb Code     0  libinit2.o(.ARM.Collect$$libinit$$00000017)
    __rt_lib_init_lc_numeric_2               0x080002e1   Thumb Code     0  libinit2.o(.ARM.Collect$$libinit$$00000018)
    __rt_lib_init_alloca_1                   0x080002eb   Thumb Code     0  libinit2.o(.ARM.Collect$$libinit$$00000030)
    __rt_lib_init_argv_1                     0x080002eb   Thumb Code     0  libinit2.o(.ARM.Collect$$libinit$$0000002E)
    __rt_lib_init_atexit_1                   0x080002eb   Thumb Code     0  libinit2.o(.ARM.Collect$$libinit$$0000001D)
    __rt_lib_init_clock_1                    0x080002eb   Thumb Code     0  libinit2.o(.ARM.Collect$$libinit$$00000023)
    __rt_lib_init_cpp_1                      0x080002eb   Thumb Code     0  libinit2.o(.ARM.Collect$$libinit$$00000034)
    __rt_lib_init_exceptions_1               0x080002eb   Thumb Code     0  libinit2.o(.ARM.Collect$$libinit$$00000032)
    __rt_lib_init_fp_trap_1                  0x080002eb   Thumb Code     0  libinit2.o(.ARM.Collect$$libinit$$00000021)
    __rt_lib_init_getenv_1                   0x080002eb   Thumb Code     0  libinit2.o(.ARM.Collect$$libinit$$00000025)
    __rt_lib_init_lc_numeric_1               0x080002eb   Thumb Code     0  libinit2.o(.ARM.Collect$$libinit$$00000019)
    __rt_lib_init_lc_time_1                  0x080002eb   Thumb Code     0  libinit2.o(.ARM.Collect$$libinit$$0000001B)
    __rt_lib_init_return                     0x080002eb   Thumb Code     0  libinit2.o(.ARM.Collect$$libinit$$00000035)
    __rt_lib_init_signal_1                   0x080002eb   Thumb Code     0  libinit2.o(.ARM.Collect$$libinit$$0000001F)
    __rt_lib_init_stdio_1                    0x080002eb   Thumb Code     0  libinit2.o(.ARM.Collect$$libinit$$00000027)
    __rt_lib_shutdown                        0x080002ed   Thumb Code     0  libshutdown.o(.ARM.Collect$$libshutdown$$00000000)
    __rt_lib_shutdown_cpp_1                  0x080002ef   Thumb Code     0  libshutdown2.o(.ARM.Collect$$libshutdown$$00000002)
    __rt_lib_shutdown_fp_trap_1              0x080002ef   Thumb Code     0  libshutdown2.o(.ARM.Collect$$libshutdown$$00000007)
    __rt_lib_shutdown_heap_1                 0x080002ef   Thumb Code     0  libshutdown2.o(.ARM.Collect$$libshutdown$$0000000F)
    __rt_lib_shutdown_return                 0x080002ef   Thumb Code     0  libshutdown2.o(.ARM.Collect$$libshutdown$$00000010)
    __rt_lib_shutdown_signal_1               0x080002ef   Thumb Code     0  libshutdown2.o(.ARM.Collect$$libshutdown$$0000000A)
    __rt_lib_shutdown_stdio_1                0x080002ef   Thumb Code     0  libshutdown2.o(.ARM.Collect$$libshutdown$$00000004)
    __rt_lib_shutdown_user_alloc_1           0x080002ef   Thumb Code     0  libshutdown2.o(.ARM.Collect$$libshutdown$$0000000C)
    __rt_entry                               0x080002f1   Thumb Code     0  __rtentry.o(.ARM.Collect$$rtentry$$00000000)
    __rt_entry_presh_1                       0x080002f1   Thumb Code     0  __rtentry2.o(.ARM.Collect$$rtentry$$00000002)
    __rt_entry_sh                            0x080002f1   Thumb Code     0  __rtentry4.o(.ARM.Collect$$rtentry$$00000004)
    __rt_entry_li                            0x080002f7   Thumb Code     0  __rtentry2.o(.ARM.Collect$$rtentry$$0000000A)
    __rt_entry_postsh_1                      0x080002f7   Thumb Code     0  __rtentry2.o(.ARM.Collect$$rtentry$$00000009)
    __rt_entry_main                          0x080002fb   Thumb Code     0  __rtentry2.o(.ARM.Collect$$rtentry$$0000000D)
    __rt_entry_postli_1                      0x080002fb   Thumb Code     0  __rtentry2.o(.ARM.Collect$$rtentry$$0000000C)
    __rt_exit                                0x08000303   Thumb Code     0  rtexit.o(.ARM.Collect$$rtexit$$00000000)
    __rt_exit_ls                             0x08000305   Thumb Code     0  rtexit2.o(.ARM.Collect$$rtexit$$00000003)
    __rt_exit_prels_1                        0x08000305   Thumb Code     0  rtexit2.o(.ARM.Collect$$rtexit$$00000002)
    __rt_exit_exit                           0x08000309   Thumb Code     0  rtexit2.o(.ARM.Collect$$rtexit$$00000004)
    Reset_Handler                            0x08000311   Thumb Code     8  startup_stm32f411xe.o(.text)
    NMI_Handler                              0x08000319   Thumb Code     2  startup_stm32f411xe.o(.text)
    HardFault_Handler                        0x0800031b   Thumb Code     2  startup_stm32f411xe.o(.text)
    MemManage_Handler                        0x0800031d   Thumb Code     2  startup_stm32f411xe.o(.text)
    BusFault_Handler                         0x0800031f   Thumb Code     2  startup_stm32f411xe.o(.text)
    UsageFault_Handler                       0x08000321   Thumb Code     2  startup_stm32f411xe.o(.text)
    SVC_Handler                              0x08000323   Thumb Code     2  startup_stm32f411xe.o(.text)
    DebugMon_Handler                         0x08000325   Thumb Code     2  startup_stm32f411xe.o(.text)
    PendSV_Handler                           0x08000327   Thumb Code     2  startup_stm32f411xe.o(.text)
    DMA1_Stream0_IRQHandler                  0x0800032b   Thumb Code     0  startup_stm32f411xe.o(.text)
    DMA1_Stream1_IRQHandler                  0x0800032b   Thumb Code     0  startup_stm32f411xe.o(.text)
    DMA1_Stream2_IRQHandler                  0x0800032b   Thumb Code     0  startup_stm32f411xe.o(.text)
    DMA1_Stream3_IRQHandler                  0x0800032b   Thumb Code     0  startup_stm32f411xe.o(.text)
    DMA1_Stream4_IRQHandler                  0x0800032b   Thumb Code     0  startup_stm32f411xe.o(.text)
    DMA1_Stream5_IRQHandler                  0x0800032b   Thumb Code     0  startup_stm32f411xe.o(.text)
    DMA1_Stream6_IRQHandler                  0x0800032b   Thumb Code     0  startup_stm32f411xe.o(.text)
    DMA1_Stream7_IRQHandler                  0x0800032b   Thumb Code     0  startup_stm32f411xe.o(.text)
    DMA2_Stream0_IRQHandler                  0x0800032b   Thumb Code     0  startup_stm32f411xe.o(.text)
    DMA2_Stream1_IRQHandler                  0x0800032b   Thumb Code     0  startup_stm32f411xe.o(.text)
    DMA2_Stream2_IRQHandler                  0x0800032b   Thumb Code     0  startup_stm32f411xe.o(.text)
    DMA2_Stream3_IRQHandler                  0x0800032b   Thumb Code     0  startup_stm32f411xe.o(.text)
    DMA2_Stream4_IRQHandler                  0x0800032b   Thumb Code     0  startup_stm32f411xe.o(.text)
    DMA2_Stream5_IRQHandler                  0x0800032b   Thumb Code     0  startup_stm32f411xe.o(.text)
    DMA2_Stream6_IRQHandler                  0x0800032b   Thumb Code     0  startup_stm32f411xe.o(.text)
    DMA2_Stream7_IRQHandler                  0x0800032b   Thumb Code     0  startup_stm32f411xe.o(.text)
    EXTI0_IRQHandler                         0x0800032b   Thumb Code     0  startup_stm32f411xe.o(.text)
    EXTI3_IRQHandler                         0x0800032b   Thumb Code     0  startup_stm32f411xe.o(.text)
    EXTI4_IRQHandler                         0x0800032b   Thumb Code     0  startup_stm32f411xe.o(.text)
    EXTI9_5_IRQHandler                       0x0800032b   Thumb Code     0  startup_stm32f411xe.o(.text)
    FLASH_IRQHandler                         0x0800032b   Thumb Code     0  startup_stm32f411xe.o(.text)
    FPU_IRQHandler                           0x0800032b   Thumb Code     0  startup_stm32f411xe.o(.text)
    I2C1_ER_IRQHandler                       0x0800032b   Thumb Code     0  startup_stm32f411xe.o(.text)
    I2C1_EV_IRQHandler                       0x0800032b   Thumb Code     0  startup_stm32f411xe.o(.text)
    I2C2_ER_IRQHandler                       0x0800032b   Thumb Code     0  startup_stm32f411xe.o(.text)
    I2C2_EV_IRQHandler                       0x0800032b   Thumb Code     0  startup_stm32f411xe.o(.text)
    I2C3_ER_IRQHandler                       0x0800032b   Thumb Code     0  startup_stm32f411xe.o(.text)
    I2C3_EV_IRQHandler                       0x0800032b   Thumb Code     0  startup_stm32f411xe.o(.text)
    OTG_FS_IRQHandler                        0x0800032b   Thumb Code     0  startup_stm32f411xe.o(.text)
    OTG_FS_WKUP_IRQHandler                   0x0800032b   Thumb Code     0  startup_stm32f411xe.o(.text)
    PVD_IRQHandler                           0x0800032b   Thumb Code     0  startup_stm32f411xe.o(.text)
    RCC_IRQHandler                           0x0800032b   Thumb Code     0  startup_stm32f411xe.o(.text)
    RTC_Alarm_IRQHandler                     0x0800032b   Thumb Code     0  startup_stm32f411xe.o(.text)
    RTC_WKUP_IRQHandler                      0x0800032b   Thumb Code     0  startup_stm32f411xe.o(.text)
    SDIO_IRQHandler                          0x0800032b   Thumb Code     0  startup_stm32f411xe.o(.text)
    SPI1_IRQHandler                          0x0800032b   Thumb Code     0  startup_stm32f411xe.o(.text)
    SPI2_IRQHandler                          0x0800032b   Thumb Code     0  startup_stm32f411xe.o(.text)
    SPI3_IRQHandler                          0x0800032b   Thumb Code     0  startup_stm32f411xe.o(.text)
    SPI4_IRQHandler                          0x0800032b   Thumb Code     0  startup_stm32f411xe.o(.text)
    SPI5_IRQHandler                          0x0800032b   Thumb Code     0  startup_stm32f411xe.o(.text)
    TAMP_STAMP_IRQHandler                    0x0800032b   Thumb Code     0  startup_stm32f411xe.o(.text)
    TIM1_BRK_TIM9_IRQHandler                 0x0800032b   Thumb Code     0  startup_stm32f411xe.o(.text)
    TIM1_CC_IRQHandler                       0x0800032b   Thumb Code     0  startup_stm32f411xe.o(.text)
    TIM1_TRG_COM_TIM11_IRQHandler            0x0800032b   Thumb Code     0  startup_stm32f411xe.o(.text)
    TIM1_UP_TIM10_IRQHandler                 0x0800032b   Thumb Code     0  startup_stm32f411xe.o(.text)
    TIM3_IRQHandler                          0x0800032b   Thumb Code     0  startup_stm32f411xe.o(.text)
    TIM5_IRQHandler                          0x0800032b   Thumb Code     0  startup_stm32f411xe.o(.text)
    USART1_IRQHandler                        0x0800032b   Thumb Code     0  startup_stm32f411xe.o(.text)
    USART2_IRQHandler                        0x0800032b   Thumb Code     0  startup_stm32f411xe.o(.text)
    USART6_IRQHandler                        0x0800032b   Thumb Code     0  startup_stm32f411xe.o(.text)
    WWDG_IRQHandler                          0x0800032b   Thumb Code     0  startup_stm32f411xe.o(.text)
    __user_initial_stackheap                 0x0800032d   Thumb Code     0  startup_stm32f411xe.o(.text)
    printf                                   0x08000351   Thumb Code    20  printf.o(.text)
    __use_two_region_memory                  0x08000369   Thumb Code     2  heapauxi.o(.text)
    __rt_heap_escrow$2region                 0x0800036b   Thumb Code     2  heapauxi.o(.text)
    __rt_heap_expand$2region                 0x0800036d   Thumb Code     2  heapauxi.o(.text)
    _printf_pre_padding                      0x0800036f   Thumb Code    44  _printf_pad.o(.text)
    _printf_post_padding                     0x0800039b   Thumb Code    34  _printf_pad.o(.text)
    _printf_truncate_signed                  0x080003bd   Thumb Code    18  _printf_truncate.o(.text)
    _printf_truncate_unsigned                0x080003cf   Thumb Code    18  _printf_truncate.o(.text)
    _printf_str                              0x080003e1   Thumb Code    82  _printf_str.o(.text)
    _printf_int_dec                          0x08000435   Thumb Code   104  _printf_dec.o(.text)
    _printf_charcount                        0x080004ad   Thumb Code    40  _printf_charcount.o(.text)
    _printf_char_file                        0x080004d5   Thumb Code    32  _printf_char_file.o(.text)
    _printf_wctomb                           0x080004f9   Thumb Code   182  _printf_wctomb.o(.text)
    _printf_longlong_dec                     0x080005b5   Thumb Code   108  _printf_longlong_dec.o(.text)
    _printf_longlong_oct                     0x08000631   Thumb Code    68  _printf_oct_int_ll.o(.text)
    _printf_int_oct                          0x08000675   Thumb Code    24  _printf_oct_int_ll.o(.text)
    _printf_ll_oct                           0x0800068d   Thumb Code    12  _printf_oct_int_ll.o(.text)
    _printf_longlong_hex                     0x080006a1   Thumb Code    86  _printf_hex_int_ll_ptr.o(.text)
    _printf_int_hex                          0x080006f7   Thumb Code    28  _printf_hex_int_ll_ptr.o(.text)
    _printf_ll_hex                           0x08000713   Thumb Code    12  _printf_hex_int_ll_ptr.o(.text)
    _printf_hex_ptr                          0x0800071f   Thumb Code    18  _printf_hex_int_ll_ptr.o(.text)
    __printf                                 0x08000735   Thumb Code   388  __printf_flags_ss_wp.o(.text)
    _ll_udiv10                               0x080008bd   Thumb Code   138  lludiv10.o(.text)
    _printf_int_common                       0x08000947   Thumb Code   178  _printf_intcommon.o(.text)
    _printf_fp_dec_real                      0x08000ba9   Thumb Code   620  _printf_fp_dec.o(.text)
    _printf_fp_hex_real                      0x08000e15   Thumb Code   756  _printf_fp_hex.o(.text)
    _printf_char_common                      0x0800111b   Thumb Code    32  _printf_char_common.o(.text)
    _printf_cs_common                        0x08001141   Thumb Code    20  _printf_char.o(.text)
    _printf_char                             0x08001155   Thumb Code    16  _printf_char.o(.text)
    _printf_string                           0x08001165   Thumb Code     8  _printf_char.o(.text)
    _printf_lcs_common                       0x0800116d   Thumb Code    20  _printf_wchar.o(.text)
    _printf_wchar                            0x08001181   Thumb Code    16  _printf_wchar.o(.text)
    _printf_wstring                          0x08001191   Thumb Code     8  _printf_wchar.o(.text)
    ferror                                   0x08001199   Thumb Code     8  ferror.o(.text)
    _c16rtomb                                0x080011a1   Thumb Code    72  _c16rtomb.o(.text)
    _wcrtomb                                 0x080011a1   Thumb Code     0  _c16rtomb.o(.text)
    __user_setup_stackheap                   0x080011e9   Thumb Code    74  sys_stackheap_outer.o(.text)
    __rt_ctype_table                         0x08001235   Thumb Code    16  rt_ctype_table.o(.text)
    __rt_locale                              0x08001245   Thumb Code     8  rt_locale_intlibspace.o(.text)
    _printf_fp_infnan                        0x0800124d   Thumb Code   112  _printf_fp_infnan.o(.text)
    _btod_etento                             0x080012cd   Thumb Code   224  bigflt0.o(.text)
    exit                                     0x080013b1   Thumb Code    18  exit.o(.text)
    __user_libspace                          0x080013c5   Thumb Code     8  libspace.o(.text)
    __user_perproc_libspace                  0x080013c5   Thumb Code     0  libspace.o(.text)
    __user_perthread_libspace                0x080013c5   Thumb Code     0  libspace.o(.text)
    strcmp                                   0x080013d1   Thumb Code   124  strcmpv7em.o(.text)
    _sys_exit                                0x0800144d   Thumb Code     8  sys_exit.o(.text)
    __I$use$semihosting                      0x08001459   Thumb Code     0  use_no_semi.o(.text)
    __use_no_semihosting_swi                 0x08001459   Thumb Code     2  use_no_semi.o(.text)
    __semihosting_library_function           0x0800145b   Thumb Code     0  indicate_semi.o(.text)
    ADC_IRQHandler                           0x0800145d   Thumb Code    42  sketch1.o(.text.ADC_IRQHandler)
    ADC_init                                 0x08001489   Thumb Code   338  ecadc2.o(.text.ADC_init)
    ADC_pinmap                               0x080015dd   Thumb Code   258  ecadc2.o(.text.ADC_pinmap)
    ADC_read                                 0x080016e1   Thumb Code    12  ecadc2.o(.text.ADC_read)
    ADC_start                                0x080016ed   Thumb Code    26  ecadc2.o(.text.ADC_start)
    ADC_trigger                              0x08001709   Thumb Code   290  ecadc2.o(.text.ADC_trigger)
    EXTI15_10_IRQHandler                     0x0800182d   Thumb Code    60  sketch1.o(.text.EXTI15_10_IRQHandler)
    EXTI1_IRQHandler                         0x08001869   Thumb Code    56  sketch1.o(.text.EXTI1_IRQHandler)
    EXTI2_IRQHandler                         0x080018a1   Thumb Code    56  sketch1.o(.text.EXTI2_IRQHandler)
    EXTI_init                                0x080018d9   Thumb Code   398  ecexti2.o(.text.EXTI_init)
    GPIO_init                                0x08001a69   Thumb Code   100  ecgpio2_student.o(.text.GPIO_init)
    GPIO_mode                                0x08001acd   Thumb Code    62  ecgpio2_student.o(.text.GPIO_mode)
    GPIO_ospeed                              0x08001b0d   Thumb Code    62  ecgpio2_student.o(.text.GPIO_ospeed)
    GPIO_otype                               0x08001b4d   Thumb Code    58  ecgpio2_student.o(.text.GPIO_otype)
    GPIO_pupd                                0x08001b89   Thumb Code    62  ecgpio2_student.o(.text.GPIO_pupd)
    GPIO_write                               0x08001bc9   Thumb Code    58  ecgpio2_student.o(.text.GPIO_write)
    ICAP_capture                             0x08001c05   Thumb Code    72  ecicap2.o(.text.ICAP_capture)
    ICAP_counter_us                          0x08001c4d   Thumb Code    58  ecicap2.o(.text.ICAP_counter_us)
    ICAP_init                                0x08001c89   Thumb Code   560  ecicap2.o(.text.ICAP_init)
    ICAP_pinmap                              0x08001eb9   Thumb Code   538  ecicap2.o(.text.ICAP_pinmap)
    ICAP_setup                               0x080020d5   Thumb Code   450  ecicap2.o(.text.ICAP_setup)
    PWM_duty                                 0x08002299   Thumb Code   138  ecpwm2.o(.text.PWM_duty)
    PWM_init                                 0x08002325   Thumb Code   852  ecpwm2.o(.text.PWM_init)
    PWM_period                               0x08002679   Thumb Code    24  ecpwm2.o(.text.PWM_period)
    PWM_period_ms                            0x08002691   Thumb Code    46  ecpwm2.o(.text.PWM_period_ms)
    PWM_period_us                            0x080026c1   Thumb Code    46  ecpwm2.o(.text.PWM_period_us)
    PWM_pinmap                               0x080026f1   Thumb Code   538  ecpwm2.o(.text.PWM_pinmap)
    PWM_pulsewidth_us                        0x0800290d   Thumb Code   210  ecpwm2.o(.text.PWM_pulsewidth_us)
    RCC_GPIOA_enable                         0x080029e1   Thumb Code    18  ecrcc2.o(.text.RCC_GPIOA_enable)
    RCC_GPIOB_enable                         0x080029f5   Thumb Code    18  ecrcc2.o(.text.RCC_GPIOB_enable)
    RCC_GPIOC_enable                         0x08002a09   Thumb Code    18  ecrcc2.o(.text.RCC_GPIOC_enable)
    RCC_PLL_init                             0x08002a1d   Thumb Code   276  ecrcc2.o(.text.RCC_PLL_init)
    Stepper_init                             0x08002b31   Thumb Code   222  ecstepper2.o(.text.Stepper_init)
    Stepper_pinOut                           0x08002c11   Thumb Code   290  ecstepper2.o(.text.Stepper_pinOut)
    Stepper_setSpeed                         0x08002d39   Thumb Code    80  ecstepper2.o(.text.Stepper_setSpeed)
    Stepper_step                             0x08002d91   Thumb Code   216  ecstepper2.o(.text.Stepper_step)
    SysTick_Handler                          0x08002e71   Thumb Code     8  ecsystick2.o(.text.SysTick_Handler)
    SysTick_counter                          0x08002e79   Thumb Code    16  ecsystick2.o(.text.SysTick_counter)
    SysTick_init                             0x08002e89   Thumb Code    90  ecsystick2.o(.text.SysTick_init)
    SystemInit                               0x08002ee5   Thumb Code    18  system_stm32f4xx.o(.text.SystemInit)
    TIM2_IRQHandler                          0x08002ef9   Thumb Code   272  sketch1.o(.text.TIM2_IRQHandler)
    TIM4_IRQHandler                          0x08003019   Thumb Code   328  sketch1.o(.text.TIM4_IRQHandler)
    TIM_UI_enable                            0x08003169   Thumb Code    18  ectim2.o(.text.TIM_UI_enable)
    TIM_UI_init                              0x0800317d   Thumb Code   230  ectim2.o(.text.TIM_UI_init)
    TIM_init                                 0x08003265   Thumb Code   318  ectim2.o(.text.TIM_init)
    TIM_period_ms                            0x080033a5   Thumb Code   200  ectim2.o(.text.TIM_period_ms)
    TIM_period_us                            0x0800346d   Thumb Code   224  ectim2.o(.text.TIM_period_us)
    UART2_init                               0x0800354d   Thumb Code    24  ecuart2.o(.text.UART2_init)
    UART_baud                                0x08003565   Thumb Code   184  ecuart2.o(.text.UART_baud)
    USART_delay                              0x0800361d   Thumb Code    50  ecuart2.o(.text.USART_delay)
    USART_setting                            0x08003651   Thumb Code   640  ecuart2.o(.text.USART_setting)
    USART_write                              0x080038d1   Thumb Code   100  ecuart2.o(.text.USART_write)
    clear_ADC_OVR                            0x08003b79   Thumb Code    18  ecadc2.o(.text.clear_ADC_OVR)
    clear_CCIF                               0x08003b8d   Thumb Code    26  ecicap2.o(.text.clear_CCIF)
    clear_UIF                                0x08003ba9   Thumb Code    18  ectim2.o(.text.clear_UIF)
    clear_pending_EXTI                       0x08003bbd   Thumb Code    46  ecexti2.o(.text.clear_pending_EXTI)
    delay_ms                                 0x08003bed   Thumb Code    58  ecsystick2.o(.text.delay_ms)
    ecPinmap                                 0x08003c29   Thumb Code   164  ecpinnames.o(.text.ecPinmap)
    fputc                                    0x08003ccd   Thumb Code    38  ecuart2.o(.text.fputc)
    is_ADC_EOC                               0x08003cf5   Thumb Code    16  ecadc2.o(.text.is_ADC_EOC)
    is_ADC_OVR                               0x08003d05   Thumb Code    16  ecadc2.o(.text.is_ADC_OVR)
    is_CCIF                                  0x08003d15   Thumb Code    22  ecicap2.o(.text.is_CCIF)
    is_UIF                                   0x08003d2d   Thumb Code    16  ectim2.o(.text.is_UIF)
    is_pending_EXTI                          0x08003d3d   Thumb Code    54  ecexti2.o(.text.is_pending_EXTI)
    main                                     0x08003d79   Thumb Code   192  sketch1.o(.text.main)
    setup                                    0x08003e51   Thumb Code   240  sketch1.o(.text.setup)
    _btod_d2e                                0x08003f49   Thumb Code    62  btod.o(CL$$btod_d2e)
    _d2e_denorm_low                          0x08003f87   Thumb Code    70  btod.o(CL$$btod_d2e_denorm_low)
    _d2e_norm_op1                            0x08003fcd   Thumb Code    96  btod.o(CL$$btod_d2e_norm_op1)
    __btod_div_common                        0x0800402d   Thumb Code   696  btod.o(CL$$btod_div_common)
    _e2e                                     0x08004365   Thumb Code   220  btod.o(CL$$btod_e2e)
    _btod_ediv                               0x08004441   Thumb Code    42  btod.o(CL$$btod_ediv)
    _btod_emul                               0x0800446b   Thumb Code    42  btod.o(CL$$btod_emul)
    __btod_mult_common                       0x08004495   Thumb Code   580  btod.o(CL$$btod_mult_common)
    __ARM_fpclassify                         0x080046d9   Thumb Code    48  fpclassify.o(i.__ARM_fpclassify)
    __hardfp_round                           0x08004709   Thumb Code   194  round.o(i.__hardfp_round)
    _is_digit                                0x080047e9   Thumb Code    14  __printf_wp.o(i._is_digit)
    _get_lc_numeric                          0x080047f9   Thumb Code    44  lc_numeric_c.o(locale$$code)
    _get_lc_ctype                            0x08004825   Thumb Code    44  lc_ctype_c.o(locale$$code)
    __aeabi_d2f                              0x08004851   Thumb Code     0  d2f.o(x$fpl$d2f)
    _d2f                                     0x08004851   Thumb Code    98  d2f.o(x$fpl$d2f)
    __aeabi_dadd                             0x080048b5   Thumb Code     0  daddsub_clz.o(x$fpl$dadd)
    _dadd                                    0x080048b5   Thumb Code   332  daddsub_clz.o(x$fpl$dadd)
    __fpl_dcmp_Inf                           0x08004a05   Thumb Code    24  dcmpi.o(x$fpl$dcmpinf)
    __aeabi_ddiv                             0x08004a1d   Thumb Code     0  ddiv.o(x$fpl$ddiv)
    _ddiv                                    0x08004a1d   Thumb Code   560  ddiv.o(x$fpl$ddiv)
    __aeabi_d2uiz                            0x08004cd5   Thumb Code     0  dfixu.o(x$fpl$dfixu)
    _dfixu                                   0x08004cd5   Thumb Code    90  dfixu.o(x$fpl$dfixu)
    __aeabi_ui2d                             0x08004d2f   Thumb Code     0  dflt_clz.o(x$fpl$dfltu)
    _dfltu                                   0x08004d2f   Thumb Code    38  dflt_clz.o(x$fpl$dfltu)
    __aeabi_cdcmple                          0x08004d55   Thumb Code     0  dleqf.o(x$fpl$dleqf)
    _dcmple                                  0x08004d55   Thumb Code   120  dleqf.o(x$fpl$dleqf)
    __fpl_dcmple_InfNaN                      0x08004db7   Thumb Code     0  dleqf.o(x$fpl$dleqf)
    __aeabi_dmul                             0x08004dcd   Thumb Code     0  dmul.o(x$fpl$dmul)
    _dmul                                    0x08004dcd   Thumb Code   332  dmul.o(x$fpl$dmul)
    __fpl_dnaninf                            0x08004f21   Thumb Code   156  dnaninf.o(x$fpl$dnaninf)
    __fpl_dretinf                            0x08004fbd   Thumb Code    12  dretinf.o(x$fpl$dretinf)
    __aeabi_cdrcmple                         0x08004fc9   Thumb Code     0  drleqf.o(x$fpl$drleqf)
    _drcmple                                 0x08004fc9   Thumb Code   108  drleqf.o(x$fpl$drleqf)
    _drnd                                    0x08005035   Thumb Code   180  drnd.o(x$fpl$drnd)
    __aeabi_dsub                             0x080050e9   Thumb Code     0  daddsub_clz.o(x$fpl$dsub)
    _dsub                                    0x080050e9   Thumb Code   472  daddsub_clz.o(x$fpl$dsub)
    __aeabi_f2d                              0x080052c5   Thumb Code     0  f2d.o(x$fpl$f2d)
    _f2d                                     0x080052c5   Thumb Code    86  f2d.o(x$fpl$f2d)
    __fpl_fnaninf                            0x0800531b   Thumb Code   140  fnaninf.o(x$fpl$fnaninf)
    _fp_init                                 0x080053a7   Thumb Code    26  fpinit.o(x$fpl$fpinit)
    __fplib_config_fpu_vfp                   0x080053bf   Thumb Code     0  fpinit.o(x$fpl$fpinit)
    __fplib_config_pureend_doubles           0x080053bf   Thumb Code     0  fpinit.o(x$fpl$fpinit)
    __fpl_fretinf                            0x080053c1   Thumb Code    10  fretinf.o(x$fpl$fretinf)
    _printf_fp_dec                           0x080053cb   Thumb Code     4  printf1.o(x$fpl$printf1)
    _printf_fp_hex                           0x080053cf   Thumb Code     4  printf2.o(x$fpl$printf2)
    __I$use$fp                               0x080053d2   Number         0  usenofp.o(x$fpl$usenofp)
    Region$$Table$$Base                      0x080054f4   Number         0  anon$$obj.o(Region$$Table)
    Region$$Table$$Limit                     0x08005514   Number         0  anon$$obj.o(Region$$Table)
    __ctype                                  0x0800553d   Data           0  lc_ctype_c.o(locale$$data)
    EC_SYSCLK                                0x20000000   Data           4  ecrcc2.o(.data.EC_SYSCLK)
    FSM_full                                 0x20000004   Data          48  ecstepper2.o(.data.FSM_full)
    FSM_half                                 0x20000034   Data          96  ecstepper2.o(.data.FSM_half)
    step_delay                               0x20000098   Data           8  ecstepper2.o(.data.step_delay)
    step_per_rev                             0x200000a0   Data           8  ecstepper2.o(.data.step_per_rev)
    __libspace_start                         0x200000a8   Data          96  libspace.o(.bss)
    __stdout                                 0x20000108   Data           8  ecuart2.o(.bss.__stdout)
    __temporary_stack_top$libspace           0x20000108   Data           0  libspace.o(.bss)
    dir                                      0x20000110   Data           4  sketch1.o(.bss.dir)
    distance                                 0x20000114   Data           4  sketch1.o(.bss.distance)
    msTicks                                  0x20000118   Data           4  ecsystick2.o(.bss.msTicks)
    myStepper                                0x2000011c   Data           8  ecstepper2.o(.bss.myStepper)
    ovf_cnt                                  0x20000124   Data           4  sketch1.o(.bss.ovf_cnt)
    step                                     0x20000128   Data           4  sketch1.o(.bss.step)
    time1                                    0x2000012c   Data           4  sketch1.o(.bss.time1)
    time2                                    0x20000130   Data           4  sketch1.o(.bss.time2)
    timeInterval                             0x20000134   Data           4  sketch1.o(.bss.timeInterval)
    time_interval_us                         0x20000138   Data           4  sketch1.o(.bss.time_interval_us)
    update_flag                              0x2000013c   Data           4  sketch1.o(.bss.update_flag)
    value                                    0x20000140   Data           4  sketch1.o(.bss.value)



==============================================================================

Memory Map of the image

  Image Entry point : 0x08000199

  Load Region LR_IROM1 (Base: 0x08000000, Size: 0x000056e8, Max: 0x00080000, ABSOLUTE)

    Execution Region ER_IROM1 (Exec base: 0x08000000, Load base: 0x08000000, Size: 0x00005640, Max: 0x00080000, ABSOLUTE)

    Exec Addr    Load Addr    Size         Type   Attr      Idx    E Section Name        Object

    0x08000000   0x08000000   0x00000198   Data   RO          345    RESET               startup_stm32f411xe.o
    0x08000198   0x08000198   0x00000008   Code   RO          372  * !!!main             c_w.l(__main.o)
    0x080001a0   0x080001a0   0x0000005c   Code   RO          759    !!!scatter          c_w.l(__scatter.o)
    0x080001fc   0x080001fc   0x0000001a   Code   RO          763    !!handler_copy      c_w.l(__scatter_copy.o)
    0x08000216   0x08000216   0x00000002   PAD
    0x08000218   0x08000218   0x00000002   Code   RO          760    !!handler_null      c_w.l(__scatter.o)
    0x0800021a   0x0800021a   0x00000002   PAD
    0x0800021c   0x0800021c   0x0000001c   Code   RO          765    !!handler_zi        c_w.l(__scatter_zi.o)
    0x08000238   0x08000238   0x00000000   Code   RO          478    .ARM.Collect$$_printf_percent$$00000000  c_w.l(_printf_percent.o)
    0x08000238   0x08000238   0x00000006   Code   RO          467    .ARM.Collect$$_printf_percent$$00000001  c_w.l(_printf_n.o)
    0x0800023e   0x0800023e   0x00000006   Code   RO          469    .ARM.Collect$$_printf_percent$$00000002  c_w.l(_printf_p.o)
    0x08000244   0x08000244   0x00000006   Code   RO          474    .ARM.Collect$$_printf_percent$$00000003  c_w.l(_printf_f.o)
    0x0800024a   0x0800024a   0x00000006   Code   RO          475    .ARM.Collect$$_printf_percent$$00000004  c_w.l(_printf_e.o)
    0x08000250   0x08000250   0x00000006   Code   RO          476    .ARM.Collect$$_printf_percent$$00000005  c_w.l(_printf_g.o)
    0x08000256   0x08000256   0x00000006   Code   RO          477    .ARM.Collect$$_printf_percent$$00000006  c_w.l(_printf_a.o)
    0x0800025c   0x0800025c   0x0000000a   Code   RO          482    .ARM.Collect$$_printf_percent$$00000007  c_w.l(_printf_ll.o)
    0x08000266   0x08000266   0x00000006   Code   RO          471    .ARM.Collect$$_printf_percent$$00000008  c_w.l(_printf_i.o)
    0x0800026c   0x0800026c   0x00000006   Code   RO          472    .ARM.Collect$$_printf_percent$$00000009  c_w.l(_printf_d.o)
    0x08000272   0x08000272   0x00000006   Code   RO          473    .ARM.Collect$$_printf_percent$$0000000A  c_w.l(_printf_u.o)
    0x08000278   0x08000278   0x00000006   Code   RO          470    .ARM.Collect$$_printf_percent$$0000000B  c_w.l(_printf_o.o)
    0x0800027e   0x0800027e   0x00000006   Code   RO          468    .ARM.Collect$$_printf_percent$$0000000C  c_w.l(_printf_x.o)
    0x08000284   0x08000284   0x00000006   Code   RO          479    .ARM.Collect$$_printf_percent$$0000000D  c_w.l(_printf_lli.o)
    0x0800028a   0x0800028a   0x00000006   Code   RO          480    .ARM.Collect$$_printf_percent$$0000000E  c_w.l(_printf_lld.o)
    0x08000290   0x08000290   0x00000006   Code   RO          481    .ARM.Collect$$_printf_percent$$0000000F  c_w.l(_printf_llu.o)
    0x08000296   0x08000296   0x00000006   Code   RO          486    .ARM.Collect$$_printf_percent$$00000010  c_w.l(_printf_llo.o)
    0x0800029c   0x0800029c   0x00000006   Code   RO          487    .ARM.Collect$$_printf_percent$$00000011  c_w.l(_printf_llx.o)
    0x080002a2   0x080002a2   0x0000000a   Code   RO          483    .ARM.Collect$$_printf_percent$$00000012  c_w.l(_printf_l.o)
    0x080002ac   0x080002ac   0x00000006   Code   RO          465    .ARM.Collect$$_printf_percent$$00000013  c_w.l(_printf_c.o)
    0x080002b2   0x080002b2   0x00000006   Code   RO          466    .ARM.Collect$$_printf_percent$$00000014  c_w.l(_printf_s.o)
    0x080002b8   0x080002b8   0x00000006   Code   RO          484    .ARM.Collect$$_printf_percent$$00000015  c_w.l(_printf_lc.o)
    0x080002be   0x080002be   0x00000006   Code   RO          485    .ARM.Collect$$_printf_percent$$00000016  c_w.l(_printf_ls.o)
    0x080002c4   0x080002c4   0x00000004   Code   RO          549    .ARM.Collect$$_printf_percent$$00000017  c_w.l(_printf_percent_end.o)
    0x080002c8   0x080002c8   0x00000002   Code   RO          608    .ARM.Collect$$libinit$$00000000  c_w.l(libinit.o)
    0x080002ca   0x080002ca   0x00000004   Code   RO          625    .ARM.Collect$$libinit$$00000001  c_w.l(libinit2.o)
    0x080002ce   0x080002ce   0x00000000   Code   RO          628    .ARM.Collect$$libinit$$00000004  c_w.l(libinit2.o)
    0x080002ce   0x080002ce   0x00000000   Code   RO          630    .ARM.Collect$$libinit$$00000006  c_w.l(libinit2.o)
    0x080002ce   0x080002ce   0x00000000   Code   RO          633    .ARM.Collect$$libinit$$0000000C  c_w.l(libinit2.o)
    0x080002ce   0x080002ce   0x00000000   Code   RO          635    .ARM.Collect$$libinit$$0000000E  c_w.l(libinit2.o)
    0x080002ce   0x080002ce   0x00000000   Code   RO          637    .ARM.Collect$$libinit$$00000010  c_w.l(libinit2.o)
    0x080002ce   0x080002ce   0x00000006   Code   RO          638    .ARM.Collect$$libinit$$00000011  c_w.l(libinit2.o)
    0x080002d4   0x080002d4   0x00000000   Code   RO          640    .ARM.Collect$$libinit$$00000013  c_w.l(libinit2.o)
    0x080002d4   0x080002d4   0x0000000c   Code   RO          641    .ARM.Collect$$libinit$$00000014  c_w.l(libinit2.o)
    0x080002e0   0x080002e0   0x00000000   Code   RO          642    .ARM.Collect$$libinit$$00000015  c_w.l(libinit2.o)
    0x080002e0   0x080002e0   0x00000000   Code   RO          644    .ARM.Collect$$libinit$$00000017  c_w.l(libinit2.o)
    0x080002e0   0x080002e0   0x0000000a   Code   RO          645    .ARM.Collect$$libinit$$00000018  c_w.l(libinit2.o)
    0x080002ea   0x080002ea   0x00000000   Code   RO          646    .ARM.Collect$$libinit$$00000019  c_w.l(libinit2.o)
    0x080002ea   0x080002ea   0x00000000   Code   RO          648    .ARM.Collect$$libinit$$0000001B  c_w.l(libinit2.o)
    0x080002ea   0x080002ea   0x00000000   Code   RO          650    .ARM.Collect$$libinit$$0000001D  c_w.l(libinit2.o)
    0x080002ea   0x080002ea   0x00000000   Code   RO          652    .ARM.Collect$$libinit$$0000001F  c_w.l(libinit2.o)
    0x080002ea   0x080002ea   0x00000000   Code   RO          654    .ARM.Collect$$libinit$$00000021  c_w.l(libinit2.o)
    0x080002ea   0x080002ea   0x00000000   Code   RO          656    .ARM.Collect$$libinit$$00000023  c_w.l(libinit2.o)
    0x080002ea   0x080002ea   0x00000000   Code   RO          658    .ARM.Collect$$libinit$$00000025  c_w.l(libinit2.o)
    0x080002ea   0x080002ea   0x00000000   Code   RO          660    .ARM.Collect$$libinit$$00000027  c_w.l(libinit2.o)
    0x080002ea   0x080002ea   0x00000000   Code   RO          664    .ARM.Collect$$libinit$$0000002E  c_w.l(libinit2.o)
    0x080002ea   0x080002ea   0x00000000   Code   RO          666    .ARM.Collect$$libinit$$00000030  c_w.l(libinit2.o)
    0x080002ea   0x080002ea   0x00000000   Code   RO          668    .ARM.Collect$$libinit$$00000032  c_w.l(libinit2.o)
    0x080002ea   0x080002ea   0x00000000   Code   RO          670    .ARM.Collect$$libinit$$00000034  c_w.l(libinit2.o)
    0x080002ea   0x080002ea   0x00000002   Code   RO          671    .ARM.Collect$$libinit$$00000035  c_w.l(libinit2.o)
    0x080002ec   0x080002ec   0x00000002   Code   RO          695    .ARM.Collect$$libshutdown$$00000000  c_w.l(libshutdown.o)
    0x080002ee   0x080002ee   0x00000000   Code   RO          710    .ARM.Collect$$libshutdown$$00000002  c_w.l(libshutdown2.o)
    0x080002ee   0x080002ee   0x00000000   Code   RO          712    .ARM.Collect$$libshutdown$$00000004  c_w.l(libshutdown2.o)
    0x080002ee   0x080002ee   0x00000000   Code   RO          715    .ARM.Collect$$libshutdown$$00000007  c_w.l(libshutdown2.o)
    0x080002ee   0x080002ee   0x00000000   Code   RO          718    .ARM.Collect$$libshutdown$$0000000A  c_w.l(libshutdown2.o)
    0x080002ee   0x080002ee   0x00000000   Code   RO          720    .ARM.Collect$$libshutdown$$0000000C  c_w.l(libshutdown2.o)
    0x080002ee   0x080002ee   0x00000000   Code   RO          723    .ARM.Collect$$libshutdown$$0000000F  c_w.l(libshutdown2.o)
    0x080002ee   0x080002ee   0x00000002   Code   RO          724    .ARM.Collect$$libshutdown$$00000010  c_w.l(libshutdown2.o)
    0x080002f0   0x080002f0   0x00000000   Code   RO          398    .ARM.Collect$$rtentry$$00000000  c_w.l(__rtentry.o)
    0x080002f0   0x080002f0   0x00000000   Code   RO          518    .ARM.Collect$$rtentry$$00000002  c_w.l(__rtentry2.o)
    0x080002f0   0x080002f0   0x00000006   Code   RO          530    .ARM.Collect$$rtentry$$00000004  c_w.l(__rtentry4.o)
    0x080002f6   0x080002f6   0x00000000   Code   RO          520    .ARM.Collect$$rtentry$$00000009  c_w.l(__rtentry2.o)
    0x080002f6   0x080002f6   0x00000004   Code   RO          521    .ARM.Collect$$rtentry$$0000000A  c_w.l(__rtentry2.o)
    0x080002fa   0x080002fa   0x00000000   Code   RO          523    .ARM.Collect$$rtentry$$0000000C  c_w.l(__rtentry2.o)
    0x080002fa   0x080002fa   0x00000008   Code   RO          524    .ARM.Collect$$rtentry$$0000000D  c_w.l(__rtentry2.o)
    0x08000302   0x08000302   0x00000002   Code   RO          616    .ARM.Collect$$rtexit$$00000000  c_w.l(rtexit.o)
    0x08000304   0x08000304   0x00000000   Code   RO          673    .ARM.Collect$$rtexit$$00000002  c_w.l(rtexit2.o)
    0x08000304   0x08000304   0x00000004   Code   RO          674    .ARM.Collect$$rtexit$$00000003  c_w.l(rtexit2.o)
    0x08000308   0x08000308   0x00000006   Code   RO          675    .ARM.Collect$$rtexit$$00000004  c_w.l(rtexit2.o)
    0x0800030e   0x0800030e   0x00000002   PAD
    0x08000310   0x08000310   0x00000040   Code   RO          346    .text               startup_stm32f411xe.o
    0x08000350   0x08000350   0x00000018   Code   RO          368    .text               c_w.l(printf.o)
    0x08000368   0x08000368   0x00000006   Code   RO          370    .text               c_w.l(heapauxi.o)
    0x0800036e   0x0800036e   0x0000004e   Code   RO          401    .text               c_w.l(_printf_pad.o)
    0x080003bc   0x080003bc   0x00000024   Code   RO          403    .text               c_w.l(_printf_truncate.o)
    0x080003e0   0x080003e0   0x00000052   Code   RO          405    .text               c_w.l(_printf_str.o)
    0x08000432   0x08000432   0x00000002   PAD
    0x08000434   0x08000434   0x00000078   Code   RO          407    .text               c_w.l(_printf_dec.o)
    0x080004ac   0x080004ac   0x00000028   Code   RO          409    .text               c_w.l(_printf_charcount.o)
    0x080004d4   0x080004d4   0x00000024   Code   RO          411    .text               c_w.l(_printf_char_file.o)
    0x080004f8   0x080004f8   0x000000bc   Code   RO          413    .text               c_w.l(_printf_wctomb.o)
    0x080005b4   0x080005b4   0x0000007c   Code   RO          416    .text               c_w.l(_printf_longlong_dec.o)
    0x08000630   0x08000630   0x00000070   Code   RO          422    .text               c_w.l(_printf_oct_int_ll.o)
    0x080006a0   0x080006a0   0x00000094   Code   RO          442    .text               c_w.l(_printf_hex_int_ll_ptr.o)
    0x08000734   0x08000734   0x00000188   Code   RO          462    .text               c_w.l(__printf_flags_ss_wp.o)
    0x080008bc   0x080008bc   0x0000008a   Code   RO          532    .text               c_w.l(lludiv10.o)
    0x08000946   0x08000946   0x000000b2   Code   RO          534    .text               c_w.l(_printf_intcommon.o)
    0x080009f8   0x080009f8   0x0000041c   Code   RO          536    .text               c_w.l(_printf_fp_dec.o)
    0x08000e14   0x08000e14   0x000002fc   Code   RO          540    .text               c_w.l(_printf_fp_hex.o)
    0x08001110   0x08001110   0x00000030   Code   RO          543    .text               c_w.l(_printf_char_common.o)
    0x08001140   0x08001140   0x0000002c   Code   RO          545    .text               c_w.l(_printf_char.o)
    0x0800116c   0x0800116c   0x0000002c   Code   RO          547    .text               c_w.l(_printf_wchar.o)
    0x08001198   0x08001198   0x00000008   Code   RO          550    .text               c_w.l(ferror.o)
    0x080011a0   0x080011a0   0x00000048   Code   RO          554    .text               c_w.l(_c16rtomb.o)
    0x080011e8   0x080011e8   0x0000004a   Code   RO          558    .text               c_w.l(sys_stackheap_outer.o)
    0x08001232   0x08001232   0x00000002   PAD
    0x08001234   0x08001234   0x00000010   Code   RO          560    .text               c_w.l(rt_ctype_table.o)
    0x08001244   0x08001244   0x00000008   Code   RO          565    .text               c_w.l(rt_locale_intlibspace.o)
    0x0800124c   0x0800124c   0x00000080   Code   RO          567    .text               c_w.l(_printf_fp_infnan.o)
    0x080012cc   0x080012cc   0x000000e4   Code   RO          571    .text               c_w.l(bigflt0.o)
    0x080013b0   0x080013b0   0x00000012   Code   RO          601    .text               c_w.l(exit.o)
    0x080013c2   0x080013c2   0x00000002   PAD
    0x080013c4   0x080013c4   0x00000008   Code   RO          613    .text               c_w.l(libspace.o)
    0x080013cc   0x080013cc   0x00000004   PAD
    0x080013d0   0x080013d0   0x0000007c   Code   RO          623    .text               c_w.l(strcmpv7em.o)
    0x0800144c   0x0800144c   0x0000000c   Code   RO          685    .text               c_w.l(sys_exit.o)
    0x08001458   0x08001458   0x00000002   Code   RO          700    .text               c_w.l(use_no_semi.o)
    0x0800145a   0x0800145a   0x00000000   Code   RO          702    .text               c_w.l(indicate_semi.o)
    0x0800145a   0x0800145a   0x00000002   PAD
    0x0800145c   0x0800145c   0x0000002a   Code   RO           10    .text.ADC_IRQHandler  sketch1.o
    0x08001486   0x08001486   0x00000002   PAD
    0x08001488   0x08001488   0x00000152   Code   RO          249    .text.ADC_init      ecadc2.o
    0x080015da   0x080015da   0x00000002   PAD
    0x080015dc   0x080015dc   0x00000102   Code   RO          251    .text.ADC_pinmap    ecadc2.o
    0x080016de   0x080016de   0x00000002   PAD
    0x080016e0   0x080016e0   0x0000000c   Code   RO          265    .text.ADC_read      ecadc2.o
    0x080016ec   0x080016ec   0x0000001a   Code   RO          259    .text.ADC_start     ecadc2.o
    0x08001706   0x08001706   0x00000002   PAD
    0x08001708   0x08001708   0x00000122   Code   RO          257    .text.ADC_trigger   ecadc2.o
    0x0800182a   0x0800182a   0x00000002   PAD
    0x0800182c   0x0800182c   0x0000003c   Code   RO           12    .text.EXTI15_10_IRQHandler  sketch1.o
    0x08001868   0x08001868   0x00000038   Code   RO           14    .text.EXTI1_IRQHandler  sketch1.o
    0x080018a0   0x080018a0   0x00000038   Code   RO           16    .text.EXTI2_IRQHandler  sketch1.o
    0x080018d8   0x080018d8   0x0000018e   Code   RO          228    .text.EXTI_init     ecexti2.o
    0x08001a66   0x08001a66   0x00000002   PAD
    0x08001a68   0x08001a68   0x00000064   Code   RO          191    .text.GPIO_init     ecgpio2_student.o
    0x08001acc   0x08001acc   0x0000003e   Code   RO          193    .text.GPIO_mode     ecgpio2_student.o
    0x08001b0a   0x08001b0a   0x00000002   PAD
    0x08001b0c   0x08001b0c   0x0000003e   Code   RO          195    .text.GPIO_ospeed   ecgpio2_student.o
    0x08001b4a   0x08001b4a   0x00000002   PAD
    0x08001b4c   0x08001b4c   0x0000003a   Code   RO          197    .text.GPIO_otype    ecgpio2_student.o
    0x08001b86   0x08001b86   0x00000002   PAD
    0x08001b88   0x08001b88   0x0000003e   Code   RO          199    .text.GPIO_pupd     ecgpio2_student.o
    0x08001bc6   0x08001bc6   0x00000002   PAD
    0x08001bc8   0x08001bc8   0x0000003a   Code   RO          203    .text.GPIO_write    ecgpio2_student.o
    0x08001c02   0x08001c02   0x00000002   PAD
    0x08001c04   0x08001c04   0x00000048   Code   RO          182    .text.ICAP_capture  ecicap2.o
    0x08001c4c   0x08001c4c   0x0000003a   Code   RO          176    .text.ICAP_counter_us  ecicap2.o
    0x08001c86   0x08001c86   0x00000002   PAD
    0x08001c88   0x08001c88   0x00000230   Code   RO          170    .text.ICAP_init     ecicap2.o
    0x08001eb8   0x08001eb8   0x0000021a   Code   RO          172    .text.ICAP_pinmap   ecicap2.o
    0x080020d2   0x080020d2   0x00000002   PAD
    0x080020d4   0x080020d4   0x000001c2   Code   RO          174    .text.ICAP_setup    ecicap2.o
    0x08002296   0x08002296   0x00000002   PAD
    0x08002298   0x08002298   0x0000008a   Code   RO          153    .text.PWM_duty      ecpwm2.o
    0x08002322   0x08002322   0x00000002   PAD
    0x08002324   0x08002324   0x00000354   Code   RO          137    .text.PWM_init      ecpwm2.o
    0x08002678   0x08002678   0x00000018   Code   RO          143    .text.PWM_period    ecpwm2.o
    0x08002690   0x08002690   0x0000002e   Code   RO          141    .text.PWM_period_ms  ecpwm2.o
    0x080026be   0x080026be   0x00000002   PAD
    0x080026c0   0x080026c0   0x0000002e   Code   RO          145    .text.PWM_period_us  ecpwm2.o
    0x080026ee   0x080026ee   0x00000002   PAD
    0x080026f0   0x080026f0   0x0000021a   Code   RO          139    .text.PWM_pinmap    ecpwm2.o
    0x0800290a   0x0800290a   0x00000002   PAD
    0x0800290c   0x0800290c   0x000000d2   Code   RO          151    .text.PWM_pulsewidth_us  ecpwm2.o
    0x080029de   0x080029de   0x00000002   PAD
    0x080029e0   0x080029e0   0x00000012   Code   RO          123    .text.RCC_GPIOA_enable  ecrcc2.o
    0x080029f2   0x080029f2   0x00000002   PAD
    0x080029f4   0x080029f4   0x00000012   Code   RO          125    .text.RCC_GPIOB_enable  ecrcc2.o
    0x08002a06   0x08002a06   0x00000002   PAD
    0x08002a08   0x08002a08   0x00000012   Code   RO          127    .text.RCC_GPIOC_enable  ecrcc2.o
    0x08002a1a   0x08002a1a   0x00000002   PAD
    0x08002a1c   0x08002a1c   0x00000114   Code   RO          121    .text.RCC_PLL_init  ecrcc2.o
    0x08002b30   0x08002b30   0x000000de   Code   RO           96    .text.Stepper_init  ecstepper2.o
    0x08002c0e   0x08002c0e   0x00000002   PAD
    0x08002c10   0x08002c10   0x00000122   Code   RO           98    .text.Stepper_pinOut  ecstepper2.o
    0x08002d32   0x08002d32   0x00000006   PAD
    0x08002d38   0x08002d38   0x00000058   Code   RO          100    .text.Stepper_setSpeed  ecstepper2.o
    0x08002d90   0x08002d90   0x000000e0   Code   RO          102    .text.Stepper_step  ecstepper2.o
    0x08002e70   0x08002e70   0x00000008   Code   RO           74    .text.SysTick_Handler  ecsystick2.o
    0x08002e78   0x08002e78   0x00000010   Code   RO           76    .text.SysTick_counter  ecsystick2.o
    0x08002e88   0x08002e88   0x0000005a   Code   RO           68    .text.SysTick_init  ecsystick2.o
    0x08002ee2   0x08002ee2   0x00000002   PAD
    0x08002ee4   0x08002ee4   0x00000012   Code   RO          353    .text.SystemInit    system_stm32f4xx.o
    0x08002ef6   0x08002ef6   0x00000002   PAD
    0x08002ef8   0x08002ef8   0x0000011c   Code   RO            6    .text.TIM2_IRQHandler  sketch1.o
    0x08003014   0x08003014   0x00000004   PAD
    0x08003018   0x08003018   0x00000150   Code   RO            8    .text.TIM4_IRQHandler  sketch1.o
    0x08003168   0x08003168   0x00000012   Code   RO           47    .text.TIM_UI_enable  ectim2.o
    0x0800317a   0x0800317a   0x00000002   PAD
    0x0800317c   0x0800317c   0x000000e6   Code   RO           45    .text.TIM_UI_init   ectim2.o
    0x08003262   0x08003262   0x00000002   PAD
    0x08003264   0x08003264   0x0000013e   Code   RO           37    .text.TIM_init      ectim2.o
    0x080033a2   0x080033a2   0x00000002   PAD
    0x080033a4   0x080033a4   0x000000c8   Code   RO           39    .text.TIM_period_ms  ectim2.o
    0x0800346c   0x0800346c   0x000000e0   Code   RO           41    .text.TIM_period_us  ectim2.o
    0x0800354c   0x0800354c   0x00000018   Code   RO          317    .text.UART2_init    ecuart2.o
    0x08003564   0x08003564   0x000000b8   Code   RO          309    .text.UART_baud     ecuart2.o
    0x0800361c   0x0800361c   0x00000032   Code   RO          303    .text.USART_delay   ecuart2.o
    0x0800364e   0x0800364e   0x00000002   PAD
    0x08003650   0x08003650   0x00000280   Code   RO          307    .text.USART_setting  ecuart2.o
    0x080038d0   0x080038d0   0x00000064   Code   RO          297    .text.USART_write   ecuart2.o
    0x08003934   0x08003934   0x00000030   Code   RO           49    .text.__NVIC_EnableIRQ  ectim2.o
    0x08003964   0x08003964   0x00000030   Code   RO           72    .text.__NVIC_EnableIRQ  ecsystick2.o
    0x08003994   0x08003994   0x00000030   Code   RO          232    .text.__NVIC_EnableIRQ  ecexti2.o
    0x080039c4   0x080039c4   0x00000030   Code   RO          255    .text.__NVIC_EnableIRQ  ecadc2.o
    0x080039f4   0x080039f4   0x00000030   Code   RO          313    .text.__NVIC_EnableIRQ  ecuart2.o
    0x08003a24   0x08003a24   0x00000042   Code   RO           51    .text.__NVIC_SetPriority  ectim2.o
    0x08003a66   0x08003a66   0x00000002   PAD
    0x08003a68   0x08003a68   0x00000042   Code   RO           70    .text.__NVIC_SetPriority  ecsystick2.o
    0x08003aaa   0x08003aaa   0x00000002   PAD
    0x08003aac   0x08003aac   0x00000042   Code   RO          230    .text.__NVIC_SetPriority  ecexti2.o
    0x08003aee   0x08003aee   0x00000002   PAD
    0x08003af0   0x08003af0   0x00000042   Code   RO          253    .text.__NVIC_SetPriority  ecadc2.o
    0x08003b32   0x08003b32   0x00000002   PAD
    0x08003b34   0x08003b34   0x00000042   Code   RO          311    .text.__NVIC_SetPriority  ecuart2.o
    0x08003b76   0x08003b76   0x00000002   PAD
    0x08003b78   0x08003b78   0x00000012   Code   RO          271    .text.clear_ADC_OVR  ecadc2.o
    0x08003b8a   0x08003b8a   0x00000002   PAD
    0x08003b8c   0x08003b8c   0x0000001a   Code   RO          180    .text.clear_CCIF    ecicap2.o
    0x08003ba6   0x08003ba6   0x00000002   PAD
    0x08003ba8   0x08003ba8   0x00000012   Code   RO           57    .text.clear_UIF     ectim2.o
    0x08003bba   0x08003bba   0x00000002   PAD
    0x08003bbc   0x08003bbc   0x0000002e   Code   RO          240    .text.clear_pending_EXTI  ecexti2.o
    0x08003bea   0x08003bea   0x00000002   PAD
    0x08003bec   0x08003bec   0x0000003a   Code   RO           78    .text.delay_ms      ecsystick2.o
    0x08003c26   0x08003c26   0x00000002   PAD
    0x08003c28   0x08003c28   0x000000a4   Code   RO          162    .text.ecPinmap      ecpinnames.o
    0x08003ccc   0x08003ccc   0x00000026   Code   RO          295    .text.fputc         ecuart2.o
    0x08003cf2   0x08003cf2   0x00000002   PAD
    0x08003cf4   0x08003cf4   0x00000010   Code   RO          267    .text.is_ADC_EOC    ecadc2.o
    0x08003d04   0x08003d04   0x00000010   Code   RO          269    .text.is_ADC_OVR    ecadc2.o
    0x08003d14   0x08003d14   0x00000016   Code   RO          178    .text.is_CCIF       ecicap2.o
    0x08003d2a   0x08003d2a   0x00000002   PAD
    0x08003d2c   0x08003d2c   0x00000010   Code   RO           55    .text.is_UIF        ectim2.o
    0x08003d3c   0x08003d3c   0x00000036   Code   RO          238    .text.is_pending_EXTI  ecexti2.o
    0x08003d72   0x08003d72   0x00000006   PAD
    0x08003d78   0x08003d78   0x000000d8   Code   RO            2    .text.main          sketch1.o
    0x08003e50   0x08003e50   0x000000f8   Code   RO            4    .text.setup         sketch1.o
    0x08003f48   0x08003f48   0x0000003e   Code   RO          574    CL$$btod_d2e        c_w.l(btod.o)
    0x08003f86   0x08003f86   0x00000046   Code   RO          576    CL$$btod_d2e_denorm_low  c_w.l(btod.o)
    0x08003fcc   0x08003fcc   0x00000060   Code   RO          575    CL$$btod_d2e_norm_op1  c_w.l(btod.o)
    0x0800402c   0x0800402c   0x00000338   Code   RO          584    CL$$btod_div_common  c_w.l(btod.o)
    0x08004364   0x08004364   0x000000dc   Code   RO          581    CL$$btod_e2e        c_w.l(btod.o)
    0x08004440   0x08004440   0x0000002a   Code   RO          578    CL$$btod_ediv       c_w.l(btod.o)
    0x0800446a   0x0800446a   0x0000002a   Code   RO          577    CL$$btod_emul       c_w.l(btod.o)
    0x08004494   0x08004494   0x00000244   Code   RO          583    CL$$btod_mult_common  c_w.l(btod.o)
    0x080046d8   0x080046d8   0x00000030   Code   RO          611    i.__ARM_fpclassify  m_wm.l(fpclassify.o)
    0x08004708   0x08004708   0x000000e0   Code   RO          394    i.__hardfp_round    m_wm.l(round.o)
    0x080047e8   0x080047e8   0x0000000e   Code   RO          455    i._is_digit         c_w.l(__printf_wp.o)
    0x080047f6   0x080047f6   0x00000002   PAD
    0x080047f8   0x080047f8   0x0000002c   Code   RO          599    locale$$code        c_w.l(lc_numeric_c.o)
    0x08004824   0x08004824   0x0000002c   Code   RO          621    locale$$code        c_w.l(lc_ctype_c.o)
    0x08004850   0x08004850   0x00000062   Code   RO          374    x$fpl$d2f           fz_wm.l(d2f.o)
    0x080048b2   0x080048b2   0x00000002   PAD
    0x080048b4   0x080048b4   0x00000150   Code   RO          488    x$fpl$dadd          fz_wm.l(daddsub_clz.o)
    0x08004a04   0x08004a04   0x00000018   Code   RO          556    x$fpl$dcmpinf       fz_wm.l(dcmpi.o)
    0x08004a1c   0x08004a1c   0x000002b8   Code   RO          377    x$fpl$ddiv          fz_wm.l(ddiv.o)
    0x08004cd4   0x08004cd4   0x0000005a   Code   RO          380    x$fpl$dfixu         fz_wm.l(dfixu.o)
    0x08004d2e   0x08004d2e   0x00000026   Code   RO          384    x$fpl$dfltu         fz_wm.l(dflt_clz.o)
    0x08004d54   0x08004d54   0x00000078   Code   RO          494    x$fpl$dleqf         fz_wm.l(dleqf.o)
    0x08004dcc   0x08004dcc   0x00000154   Code   RO          390    x$fpl$dmul          fz_wm.l(dmul.o)
    0x08004f20   0x08004f20   0x0000009c   Code   RO          496    x$fpl$dnaninf       fz_wm.l(dnaninf.o)
    0x08004fbc   0x08004fbc   0x0000000c   Code   RO          498    x$fpl$dretinf       fz_wm.l(dretinf.o)
    0x08004fc8   0x08004fc8   0x0000006c   Code   RO          500    x$fpl$drleqf        fz_wm.l(drleqf.o)
    0x08005034   0x08005034   0x000000b4   Code   RO          502    x$fpl$drnd          fz_wm.l(drnd.o)
    0x080050e8   0x080050e8   0x000001dc   Code   RO          490    x$fpl$dsub          fz_wm.l(daddsub_clz.o)
    0x080052c4   0x080052c4   0x00000056   Code   RO          392    x$fpl$f2d           fz_wm.l(f2d.o)
    0x0800531a   0x0800531a   0x0000008c   Code   RO          504    x$fpl$fnaninf       fz_wm.l(fnaninf.o)
    0x080053a6   0x080053a6   0x0000001a   Code   RO          683    x$fpl$fpinit        fz_wm.l(fpinit.o)
    0x080053c0   0x080053c0   0x0000000a   Code   RO          506    x$fpl$fretinf       fz_wm.l(fretinf.o)
    0x080053ca   0x080053ca   0x00000004   Code   RO          508    x$fpl$printf1       fz_wm.l(printf1.o)
    0x080053ce   0x080053ce   0x00000004   Code   RO          510    x$fpl$printf2       fz_wm.l(printf2.o)
    0x080053d2   0x080053d2   0x00000000   Code   RO          516    x$fpl$usenofp       fz_wm.l(usenofp.o)
    0x080053d2   0x080053d2   0x00000002   PAD
    0x080053d4   0x080053d4   0x00000008   Data   RO          414    .constdata          c_w.l(_printf_wctomb.o)
    0x080053dc   0x080053dc   0x00000028   Data   RO          443    .constdata          c_w.l(_printf_hex_int_ll_ptr.o)
    0x08005404   0x08005404   0x00000011   Data   RO          463    .constdata          c_w.l(__printf_flags_ss_wp.o)
    0x08005415   0x08005415   0x00000026   Data   RO          541    .constdata          c_w.l(_printf_fp_hex.o)
    0x0800543b   0x0800543b   0x00000001   PAD
    0x0800543c   0x0800543c   0x00000094   Data   RO          572    .constdata          c_w.l(bigflt0.o)
    0x080054d0   0x080054d0   0x00000021   Data   RO           27    .rodata.str1.1      sketch1.o
    0x080054f1   0x080054f1   0x00000003   PAD
    0x080054f4   0x080054f4   0x00000020   Data   RO          758    Region$$Table       anon$$obj.o
    0x08005514   0x08005514   0x0000001c   Data   RO          598    locale$$data        c_w.l(lc_numeric_c.o)
    0x08005530   0x08005530   0x00000110   Data   RO          620    locale$$data        c_w.l(lc_ctype_c.o)


    Execution Region RW_IRAM1 (Exec base: 0x20000000, Load base: 0x08005640, Size: 0x00000748, Max: 0x00020000, ABSOLUTE)

    Exec Addr    Load Addr    Size         Type   Attr      Idx    E Section Name        Object

    0x20000000   0x08005640   0x00000004   Data   RW          129    .data.EC_SYSCLK     ecrcc2.o
    0x20000004   0x08005644   0x00000030   Data   RW          109    .data.FSM_full      ecstepper2.o
    0x20000034   0x08005674   0x00000060   Data   RW          110    .data.FSM_half      ecstepper2.o
    0x20000094   0x080056d4   0x00000004   PAD
    0x20000098   0x080056d8   0x00000008   Data   RW          107    .data.step_delay    ecstepper2.o
    0x200000a0   0x080056e0   0x00000008   Data   RW          108    .data.step_per_rev  ecstepper2.o
    0x200000a8        -       0x00000060   Zero   RW          614    .bss                c_w.l(libspace.o)
    0x20000108        -       0x00000008   Zero   RW          335    .bss.__stdout       ecuart2.o
    0x20000110        -       0x00000004   Zero   RW           24    .bss.dir            sketch1.o
    0x20000114        -       0x00000004   Zero   RW           20    .bss.distance       sketch1.o
    0x20000118        -       0x00000004   Zero   RW           88    .bss.msTicks        ecsystick2.o
    0x2000011c        -       0x00000008   Zero   RW          111    .bss.myStepper      ecstepper2.o
    0x20000124        -       0x00000004   Zero   RW           18    .bss.ovf_cnt        sketch1.o
    0x20000128        -       0x00000004   Zero   RW           25    .bss.step           sketch1.o
    0x2000012c        -       0x00000004   Zero   RW           22    .bss.time1          sketch1.o
    0x20000130        -       0x00000004   Zero   RW           23    .bss.time2          sketch1.o
    0x20000134        -       0x00000004   Zero   RW           21    .bss.timeInterval   sketch1.o
    0x20000138        -       0x00000004   Zero   RW           19    .bss.time_interval_us  sketch1.o
    0x2000013c        -       0x00000004   Zero   RW           26    .bss.update_flag    sketch1.o
    0x20000140        -       0x00000004   Zero   RW           28    .bss.value          sketch1.o
    0x20000144   0x080056e8   0x00000004   PAD
    0x20000148        -       0x00000200   Zero   RW          344    HEAP                startup_stm32f411xe.o
    0x20000348        -       0x00000400   Zero   RW          343    STACK               startup_stm32f411xe.o


==============================================================================

Image component sizes


      Code (inc. data)   RO Data    RW Data    ZI Data      Debug   Object Name

      1088         14          0          0          0      10322   ecadc2.o
       612          0          0          0          0       6770   ecexti2.o
       402          0          0          0          0       4469   ecgpio2_student.o
      1726         32          0          0          0       4768   ecicap2.o
       164          0          0          0          0       2102   ecpinnames.o
      1854         36          0          0          0       6530   ecpwm2.o
       330          0          0          4          0       2228   ecrcc2.o
       824         16          0        160          8       3374   ecstepper2.o
       286          0          0          0          4       4511   ecsystick2.o
      1138          0          0          0          0       6784   ectim2.o
      1150          0          0          0          8       8779   ecuart2.o
      1298         52         33          0         40       3718   sketch1.o
        64         26        408          0       1536        892   startup_stm32f411xe.o
        18          0          0          0          0       2818   system_stm32f4xx.o

    ----------------------------------------------------------------------
     11052        180        476        168       1600      68065   Object Totals
         0          0         32          0          0          0   (incl. Generated)
        98          4          3          4          4          0   (incl. Padding)

    ----------------------------------------------------------------------

      Code (inc. data)   RO Data    RW Data    ZI Data      Debug   Library Member Name

         8          0          0          0          0         68   __main.o
       392          4         17          0          0         92   __printf_flags_ss_wp.o
        14          0          0          0          0         68   __printf_wp.o
         0          0          0          0          0          0   __rtentry.o
        12          0          0          0          0          0   __rtentry2.o
         6          0          0          0          0          0   __rtentry4.o
        94          8          0          0          0          0   __scatter.o
        26          0          0          0          0          0   __scatter_copy.o
        28          0          0          0          0          0   __scatter_zi.o
        72          0          0          0          0         96   _c16rtomb.o
         6          0          0          0          0          0   _printf_a.o
         6          0          0          0          0          0   _printf_c.o
        44          0          0          0          0        108   _printf_char.o
        48          6          0          0          0         96   _printf_char_common.o
        36          4          0          0          0         80   _printf_char_file.o
        40          0          0          0          0         68   _printf_charcount.o
         6          0          0          0          0          0   _printf_d.o
       120         16          0          0          0         92   _printf_dec.o
         6          0          0          0          0          0   _printf_e.o
         6          0          0          0          0          0   _printf_f.o
      1052          0          0          0          0        148   _printf_fp_dec.o
       764          8         38          0          0        100   _printf_fp_hex.o
       128         16          0          0          0         84   _printf_fp_infnan.o
         6          0          0          0          0          0   _printf_g.o
       148          4         40          0          0        160   _printf_hex_int_ll_ptr.o
         6          0          0          0          0          0   _printf_i.o
       178          0          0          0          0         88   _printf_intcommon.o
        10          0          0          0          0          0   _printf_l.o
         6          0          0          0          0          0   _printf_lc.o
        10          0          0          0          0          0   _printf_ll.o
         6          0          0          0          0          0   _printf_lld.o
         6          0          0          0          0          0   _printf_lli.o
         6          0          0          0          0          0   _printf_llo.o
         6          0          0          0          0          0   _printf_llu.o
         6          0          0          0          0          0   _printf_llx.o
       124         16          0          0          0         92   _printf_longlong_dec.o
         6          0          0          0          0          0   _printf_ls.o
         6          0          0          0          0          0   _printf_n.o
         6          0          0          0          0          0   _printf_o.o
       112          8          0          0          0        124   _printf_oct_int_ll.o
         6          0          0          0          0          0   _printf_p.o
        78          0          0          0          0        108   _printf_pad.o
         0          0          0          0          0          0   _printf_percent.o
         4          0          0          0          0          0   _printf_percent_end.o
         6          0          0          0          0          0   _printf_s.o
        82          0          0          0          0         80   _printf_str.o
        36          0          0          0          0         84   _printf_truncate.o
         6          0          0          0          0          0   _printf_u.o
        44          0          0          0          0        108   _printf_wchar.o
       188          6          8          0          0         92   _printf_wctomb.o
         6          0          0          0          0          0   _printf_x.o
       228          4        148          0          0         96   bigflt0.o
      1936        128          0          0          0        668   btod.o
        18          0          0          0          0         80   exit.o
         8          0          0          0          0         68   ferror.o
         6          0          0          0          0        152   heapauxi.o
         0          0          0          0          0          0   indicate_semi.o
        44         10        272          0          0         76   lc_ctype_c.o
        44         10         28          0          0         76   lc_numeric_c.o
         2          0          0          0          0          0   libinit.o
        34          0          0          0          0          0   libinit2.o
         2          0          0          0          0          0   libshutdown.o
         2          0          0          0          0          0   libshutdown2.o
         8          4          0          0         96         68   libspace.o
       138          0          0          0          0         80   lludiv10.o
        24          4          0          0          0         84   printf.o
        16          4          0          0          0         76   rt_ctype_table.o
         8          4          0          0          0         68   rt_locale_intlibspace.o
         2          0          0          0          0          0   rtexit.o
        10          0          0          0          0          0   rtexit2.o
       124          0          0          0          0         88   strcmpv7em.o
        12          4          0          0          0         68   sys_exit.o
        74          0          0          0          0         80   sys_stackheap_outer.o
         2          0          0          0          0         68   use_no_semi.o
        98          4          0          0          0        140   d2f.o
       812         16          0          0          0        392   daddsub_clz.o
        24          0          0          0          0        116   dcmpi.o
       696        140          0          0          0        264   ddiv.o
        90          4          0          0          0        140   dfixu.o
        38          0          0          0          0        116   dflt_clz.o
       120          4          0          0          0        140   dleqf.o
       340         12          0          0          0        152   dmul.o
       156          4          0          0          0        140   dnaninf.o
        12          0          0          0          0        116   dretinf.o
       108          0          0          0          0        128   drleqf.o
       180          4          0          0          0        128   drnd.o
        86          4          0          0          0        132   f2d.o
       140          4          0          0          0        132   fnaninf.o
        26          0          0          0          0        116   fpinit.o
        10          0          0          0          0        116   fretinf.o
         4          0          0          0          0        116   printf1.o
         4          0          0          0          0        116   printf2.o
         0          0          0          0          0          0   usenofp.o
        48          0          0          0          0        124   fpclassify.o
       224         30          0          0          0        172   round.o

    ----------------------------------------------------------------------
     10000        498        552          0         96       6928   Library Totals
        24          4          1          0          0          0   (incl. Padding)

    ----------------------------------------------------------------------

      Code (inc. data)   RO Data    RW Data    ZI Data      Debug   Library Name

      6760        268        551          0         96       3932   c_w.l
      2944        196          0          0          0       2700   fz_wm.l
       272         30          0          0          0        296   m_wm.l

    ----------------------------------------------------------------------
     10000        498        552          0         96       6928   Library Totals

    ----------------------------------------------------------------------

==============================================================================


      Code (inc. data)   RO Data    RW Data    ZI Data      Debug   

     21052        678       1028        168       1696      70841   Grand Totals
     21052        678       1028        168       1696      70841   ELF Image Totals
     21052        678       1028        168          0          0   ROM Totals

==============================================================================

    Total RO  Size (Code + RO Data)                22080 (  21.56kB)
    Total RW  Size (RW Data + ZI Data)              1864 (   1.82kB)
    Total ROM Size (Code + RO Data + RW Data)      22248 (  21.73kB)

==============================================================================

