Component: Arm Compiler for Embedded 6.22 Tool: armlink [5ee90200]

==============================================================================

Section Cross References

    mid2022.o(.text.main) refers to mid2022.o(.text.setup) for setup
    mid2022.o(.text.main) refers to ecgpio2_student.o(.text.GPIO_write) for GPIO_write
    mid2022.o(.text.main) refers to mid2022.o(.bss.state) for state
    mid2022.o(.text.main) refers to ecgpio2_student.o(.text.GPIO_toggle) for GPIO_toggle
    mid2022.o(.text.main) refers to ecsystick2.o(.text.delay_ms) for delay_ms
    mid2022.o(.text.main) refers to mid2022.o(.text.sevensegment_decoder_pause) for sevensegment_decoder_pause
    mid2022.o(.text.main) refers to mid2022.o(.data.LED) for LED
    mid2022.o(.text.main) refers to mid2022.o(.bss.led_cnt) for led_cnt
    mid2022.o(.text.main) refers to mid2022.o(.data.ledpattern_map) for ledpattern_map
    mid2022.o(.text.main) refers to mid2022.o(.bss.segment_cnt) for segment_cnt
    mid2022.o(.text.main) refers to ecgpio2_student.o(.text.sevensegment_decoder) for sevensegment_decoder
    mid2022.o(.ARM.exidx.text.main) refers to mid2022.o(.text.main) for [Anonymous Symbol]
    mid2022.o(.text.setup) refers to ecrcc2.o(.text.RCC_PLL_init) for RCC_PLL_init
    mid2022.o(.text.setup) refers to ecsystick2.o(.text.SysTick_init) for SysTick_init
    mid2022.o(.text.setup) refers to ecgpio2_student.o(.text.GPIO_init) for GPIO_init
    mid2022.o(.text.setup) refers to ecgpio2_student.o(.text.GPIO_pupd) for GPIO_pupd
    mid2022.o(.text.setup) refers to ecgpio2_student.o(.text.GPIO_otype) for GPIO_otype
    mid2022.o(.text.setup) refers to ecgpio2_student.o(.text.GPIO_ospeed) for GPIO_ospeed
    mid2022.o(.text.setup) refers to mid2022.o(.data.LED) for LED
    mid2022.o(.text.setup) refers to ecgpio2_student.o(.text.sevensegment_decoder_init) for sevensegment_decoder_init
    mid2022.o(.text.setup) refers to ectim2.o(.text.TIM_UI_init) for TIM_UI_init
    mid2022.o(.text.setup) refers to ectim2.o(.text.TIM_CountDIR) for TIM_CountDIR
    mid2022.o(.text.setup) refers to ecexti2.o(.text.EXTI_init) for EXTI_init
    mid2022.o(.ARM.exidx.text.setup) refers to mid2022.o(.text.setup) for [Anonymous Symbol]
    mid2022.o(.text.sevensegment_decoder_pause) refers to ecgpio2_student.o(.text.sevensegment_decoder_init) for sevensegment_decoder_init
    mid2022.o(.text.sevensegment_decoder_pause) refers to ecgpio2_student.o(.text.GPIO_write) for GPIO_write
    mid2022.o(.ARM.exidx.text.sevensegment_decoder_pause) refers to mid2022.o(.text.sevensegment_decoder_pause) for [Anonymous Symbol]
    mid2022.o(.text.TIM2_IRQHandler) refers to ectim2.o(.text.is_UIF) for is_UIF
    mid2022.o(.text.TIM2_IRQHandler) refers to mid2022.o(.bss.led_cnt) for led_cnt
    mid2022.o(.text.TIM2_IRQHandler) refers to mid2022.o(.bss.segment_cnt) for segment_cnt
    mid2022.o(.text.TIM2_IRQHandler) refers to ectim2.o(.text.clear_UIF) for clear_UIF
    mid2022.o(.ARM.exidx.text.TIM2_IRQHandler) refers to mid2022.o(.text.TIM2_IRQHandler) for [Anonymous Symbol]
    mid2022.o(.text.EXTI15_10_IRQHandler) refers to ecexti2.o(.text.is_pending_EXTI) for is_pending_EXTI
    mid2022.o(.text.EXTI15_10_IRQHandler) refers to mid2022.o(.bss.state) for state
    mid2022.o(.text.EXTI15_10_IRQHandler) refers to ecexti2.o(.text.clear_pending_EXTI) for clear_pending_EXTI
    mid2022.o(.ARM.exidx.text.EXTI15_10_IRQHandler) refers to mid2022.o(.text.EXTI15_10_IRQHandler) for [Anonymous Symbol]
    ecexti2.o(.text.EXTI_init) refers to ecpinnames.o(.text.ecPinmap) for ecPinmap
    ecexti2.o(.text.EXTI_init) refers to ecexti2.o(.text.__NVIC_SetPriority) for __NVIC_SetPriority
    ecexti2.o(.text.EXTI_init) refers to ecexti2.o(.text.__NVIC_EnableIRQ) for __NVIC_EnableIRQ
    ecexti2.o(.ARM.exidx.text.EXTI_init) refers to ecexti2.o(.text.EXTI_init) for [Anonymous Symbol]
    ecexti2.o(.ARM.exidx.text.__NVIC_SetPriority) refers to ecexti2.o(.text.__NVIC_SetPriority) for [Anonymous Symbol]
    ecexti2.o(.ARM.exidx.text.__NVIC_EnableIRQ) refers to ecexti2.o(.text.__NVIC_EnableIRQ) for [Anonymous Symbol]
    ecexti2.o(.text.EXTI_enable) refers to ecpinnames.o(.text.ecPinmap) for ecPinmap
    ecexti2.o(.ARM.exidx.text.EXTI_enable) refers to ecexti2.o(.text.EXTI_enable) for [Anonymous Symbol]
    ecexti2.o(.text.EXTI_disable) refers to ecpinnames.o(.text.ecPinmap) for ecPinmap
    ecexti2.o(.ARM.exidx.text.EXTI_disable) refers to ecexti2.o(.text.EXTI_disable) for [Anonymous Symbol]
    ecexti2.o(.text.is_pending_EXTI) refers to ecpinnames.o(.text.ecPinmap) for ecPinmap
    ecexti2.o(.ARM.exidx.text.is_pending_EXTI) refers to ecexti2.o(.text.is_pending_EXTI) for [Anonymous Symbol]
    ecexti2.o(.text.clear_pending_EXTI) refers to ecpinnames.o(.text.ecPinmap) for ecPinmap
    ecexti2.o(.ARM.exidx.text.clear_pending_EXTI) refers to ecexti2.o(.text.clear_pending_EXTI) for [Anonymous Symbol]
    ecgpio2_student.o(.text.GPIO_init) refers to ecpinnames.o(.text.ecPinmap) for ecPinmap
    ecgpio2_student.o(.text.GPIO_init) refers to ecrcc2.o(.text.RCC_GPIOA_enable) for RCC_GPIOA_enable
    ecgpio2_student.o(.text.GPIO_init) refers to ecrcc2.o(.text.RCC_GPIOB_enable) for RCC_GPIOB_enable
    ecgpio2_student.o(.text.GPIO_init) refers to ecrcc2.o(.text.RCC_GPIOC_enable) for RCC_GPIOC_enable
    ecgpio2_student.o(.text.GPIO_init) refers to ecgpio2_student.o(.text.GPIO_mode) for GPIO_mode
    ecgpio2_student.o(.ARM.exidx.text.GPIO_init) refers to ecgpio2_student.o(.text.GPIO_init) for [Anonymous Symbol]
    ecgpio2_student.o(.text.GPIO_mode) refers to ecpinnames.o(.text.ecPinmap) for ecPinmap
    ecgpio2_student.o(.ARM.exidx.text.GPIO_mode) refers to ecgpio2_student.o(.text.GPIO_mode) for [Anonymous Symbol]
    ecgpio2_student.o(.text.GPIO_ospeed) refers to ecpinnames.o(.text.ecPinmap) for ecPinmap
    ecgpio2_student.o(.ARM.exidx.text.GPIO_ospeed) refers to ecgpio2_student.o(.text.GPIO_ospeed) for [Anonymous Symbol]
    ecgpio2_student.o(.text.GPIO_otype) refers to ecpinnames.o(.text.ecPinmap) for ecPinmap
    ecgpio2_student.o(.ARM.exidx.text.GPIO_otype) refers to ecgpio2_student.o(.text.GPIO_otype) for [Anonymous Symbol]
    ecgpio2_student.o(.text.GPIO_pupd) refers to ecpinnames.o(.text.ecPinmap) for ecPinmap
    ecgpio2_student.o(.ARM.exidx.text.GPIO_pupd) refers to ecgpio2_student.o(.text.GPIO_pupd) for [Anonymous Symbol]
    ecgpio2_student.o(.text.GPIO_read) refers to ecpinnames.o(.text.ecPinmap) for ecPinmap
    ecgpio2_student.o(.ARM.exidx.text.GPIO_read) refers to ecgpio2_student.o(.text.GPIO_read) for [Anonymous Symbol]
    ecgpio2_student.o(.text.GPIO_write) refers to ecpinnames.o(.text.ecPinmap) for ecPinmap
    ecgpio2_student.o(.ARM.exidx.text.GPIO_write) refers to ecgpio2_student.o(.text.GPIO_write) for [Anonymous Symbol]
    ecgpio2_student.o(.text.GPIO_toggle) refers to ecpinnames.o(.text.ecPinmap) for ecPinmap
    ecgpio2_student.o(.ARM.exidx.text.GPIO_toggle) refers to ecgpio2_student.o(.text.GPIO_toggle) for [Anonymous Symbol]
    ecgpio2_student.o(.text.sevensegment_display_init) refers to ecgpio2_student.o(.bss.pinName1) for pinName1
    ecgpio2_student.o(.text.sevensegment_display_init) refers to ecgpio2_student.o(.bss.pinName2) for pinName2
    ecgpio2_student.o(.text.sevensegment_display_init) refers to ecgpio2_student.o(.bss.pinName3) for pinName3
    ecgpio2_student.o(.text.sevensegment_display_init) refers to ecgpio2_student.o(.bss.pinName4) for pinName4
    ecgpio2_student.o(.text.sevensegment_display_init) refers to ecgpio2_student.o(.text.GPIO_init) for GPIO_init
    ecgpio2_student.o(.ARM.exidx.text.sevensegment_display_init) refers to ecgpio2_student.o(.text.sevensegment_display_init) for [Anonymous Symbol]
    ecgpio2_student.o(.text.sevensegment_display) refers to ecgpio2_student.o(.bss.pinName1) for pinName1
    ecgpio2_student.o(.text.sevensegment_display) refers to ecgpio2_student.o(.text.GPIO_write) for GPIO_write
    ecgpio2_student.o(.text.sevensegment_display) refers to ecgpio2_student.o(.bss.pinName2) for pinName2
    ecgpio2_student.o(.text.sevensegment_display) refers to ecgpio2_student.o(.bss.pinName3) for pinName3
    ecgpio2_student.o(.text.sevensegment_display) refers to ecgpio2_student.o(.bss.pinName4) for pinName4
    ecgpio2_student.o(.ARM.exidx.text.sevensegment_display) refers to ecgpio2_student.o(.text.sevensegment_display) for [Anonymous Symbol]
    ecgpio2_student.o(.text.sevensegment_decoder_init) refers to ecgpio2_student.o(.text.GPIO_init) for GPIO_init
    ecgpio2_student.o(.ARM.exidx.text.sevensegment_decoder_init) refers to ecgpio2_student.o(.text.sevensegment_decoder_init) for [Anonymous Symbol]
    ecgpio2_student.o(.text.sevensegment_decoder) refers to ecgpio2_student.o(.text.GPIO_write) for GPIO_write
    ecgpio2_student.o(.ARM.exidx.text.sevensegment_decoder) refers to ecgpio2_student.o(.text.sevensegment_decoder) for [Anonymous Symbol]
    ecpinnames.o(.ARM.exidx.text.ecPinmap) refers to ecpinnames.o(.text.ecPinmap) for [Anonymous Symbol]
    ecpwm2.o(.text.PWM_init) refers to ecpinnames.o(.text.ecPinmap) for ecPinmap
    ecpwm2.o(.text.PWM_init) refers to ecpwm2.o(.text.PWM_pinmap) for PWM_pinmap
    ecpwm2.o(.text.PWM_init) refers to ecgpio2_student.o(.text.GPIO_init) for GPIO_init
    ecpwm2.o(.text.PWM_init) refers to ecgpio2_student.o(.text.GPIO_otype) for GPIO_otype
    ecpwm2.o(.text.PWM_init) refers to ecgpio2_student.o(.text.GPIO_pupd) for GPIO_pupd
    ecpwm2.o(.text.PWM_init) refers to ectim2.o(.text.TIM_init) for TIM_init
    ecpwm2.o(.ARM.exidx.text.PWM_init) refers to ecpwm2.o(.text.PWM_init) for [Anonymous Symbol]
    ecpwm2.o(.text.PWM_pinmap) refers to ecpinnames.o(.text.ecPinmap) for ecPinmap
    ecpwm2.o(.ARM.exidx.text.PWM_pinmap) refers to ecpwm2.o(.text.PWM_pinmap) for [Anonymous Symbol]
    ecpwm2.o(.text.PWM_period_ms) refers to ecpinnames.o(.text.ecPinmap) for ecPinmap
    ecpwm2.o(.text.PWM_period_ms) refers to ecpwm2.o(.text.PWM_pinmap) for PWM_pinmap
    ecpwm2.o(.text.PWM_period_ms) refers to ectim2.o(.text.TIM_period_ms) for TIM_period_ms
    ecpwm2.o(.ARM.exidx.text.PWM_period_ms) refers to ecpwm2.o(.text.PWM_period_ms) for [Anonymous Symbol]
    ecpwm2.o(.text.PWM_period) refers to ecpwm2.o(.text.PWM_period_ms) for PWM_period_ms
    ecpwm2.o(.ARM.exidx.text.PWM_period) refers to ecpwm2.o(.text.PWM_period) for [Anonymous Symbol]
    ecpwm2.o(.text.PWM_period_us) refers to ecpinnames.o(.text.ecPinmap) for ecPinmap
    ecpwm2.o(.text.PWM_period_us) refers to ecpwm2.o(.text.PWM_pinmap) for PWM_pinmap
    ecpwm2.o(.text.PWM_period_us) refers to ectim2.o(.text.TIM_period_us) for TIM_period_us
    ecpwm2.o(.ARM.exidx.text.PWM_period_us) refers to ecpwm2.o(.text.PWM_period_us) for [Anonymous Symbol]
    ecpwm2.o(.text.PWM_pulsewidth) refers to ecpinnames.o(.text.ecPinmap) for ecPinmap
    ecpwm2.o(.text.PWM_pulsewidth) refers to ecpwm2.o(.text.PWM_pinmap) for PWM_pinmap
    ecpwm2.o(.ARM.exidx.text.PWM_pulsewidth) refers to ecpwm2.o(.text.PWM_pulsewidth) for [Anonymous Symbol]
    ecpwm2.o(.text.PWM_pulsewidth_ms) refers to ecpwm2.o(.text.PWM_pulsewidth) for PWM_pulsewidth
    ecpwm2.o(.ARM.exidx.text.PWM_pulsewidth_ms) refers to ecpwm2.o(.text.PWM_pulsewidth_ms) for [Anonymous Symbol]
    ecpwm2.o(.text.PWM_pulsewidth_us) refers to ecpinnames.o(.text.ecPinmap) for ecPinmap
    ecpwm2.o(.text.PWM_pulsewidth_us) refers to ecpwm2.o(.text.PWM_pinmap) for PWM_pinmap
    ecpwm2.o(.ARM.exidx.text.PWM_pulsewidth_us) refers to ecpwm2.o(.text.PWM_pulsewidth_us) for [Anonymous Symbol]
    ecpwm2.o(.text.PWM_duty) refers to ecpinnames.o(.text.ecPinmap) for ecPinmap
    ecpwm2.o(.text.PWM_duty) refers to ecpwm2.o(.text.PWM_pinmap) for PWM_pinmap
    ecpwm2.o(.ARM.exidx.text.PWM_duty) refers to ecpwm2.o(.text.PWM_duty) for [Anonymous Symbol]
    ecrcc2.o(.text.RCC_HSI_init) refers to ecrcc2.o(.data.EC_SYSCLK) for EC_SYSCLK
    ecrcc2.o(.ARM.exidx.text.RCC_HSI_init) refers to ecrcc2.o(.text.RCC_HSI_init) for [Anonymous Symbol]
    ecrcc2.o(.text.RCC_PLL_init) refers to ecrcc2.o(.data.EC_SYSCLK) for EC_SYSCLK
    ecrcc2.o(.ARM.exidx.text.RCC_PLL_init) refers to ecrcc2.o(.text.RCC_PLL_init) for [Anonymous Symbol]
    ecrcc2.o(.ARM.exidx.text.RCC_GPIOA_enable) refers to ecrcc2.o(.text.RCC_GPIOA_enable) for [Anonymous Symbol]
    ecrcc2.o(.ARM.exidx.text.RCC_GPIOB_enable) refers to ecrcc2.o(.text.RCC_GPIOB_enable) for [Anonymous Symbol]
    ecrcc2.o(.ARM.exidx.text.RCC_GPIOC_enable) refers to ecrcc2.o(.text.RCC_GPIOC_enable) for [Anonymous Symbol]
    ecsystick2.o(.text.SysTick_init) refers to ecsystick2.o(.text.__NVIC_SetPriority) for __NVIC_SetPriority
    ecsystick2.o(.text.SysTick_init) refers to ecsystick2.o(.text.__NVIC_EnableIRQ) for __NVIC_EnableIRQ
    ecsystick2.o(.ARM.exidx.text.SysTick_init) refers to ecsystick2.o(.text.SysTick_init) for [Anonymous Symbol]
    ecsystick2.o(.ARM.exidx.text.__NVIC_SetPriority) refers to ecsystick2.o(.text.__NVIC_SetPriority) for [Anonymous Symbol]
    ecsystick2.o(.ARM.exidx.text.__NVIC_EnableIRQ) refers to ecsystick2.o(.text.__NVIC_EnableIRQ) for [Anonymous Symbol]
    ecsystick2.o(.text.SysTick_Handler) refers to ecsystick2.o(.text.SysTick_counter) for SysTick_counter
    ecsystick2.o(.ARM.exidx.text.SysTick_Handler) refers to ecsystick2.o(.text.SysTick_Handler) for [Anonymous Symbol]
    ecsystick2.o(.text.SysTick_counter) refers to ecsystick2.o(.bss.msTicks) for msTicks
    ecsystick2.o(.ARM.exidx.text.SysTick_counter) refers to ecsystick2.o(.text.SysTick_counter) for [Anonymous Symbol]
    ecsystick2.o(.text.delay_ms) refers to ecsystick2.o(.bss.msTicks) for msTicks
    ecsystick2.o(.ARM.exidx.text.delay_ms) refers to ecsystick2.o(.text.delay_ms) for [Anonymous Symbol]
    ecsystick2.o(.ARM.exidx.text.SysTick_reset) refers to ecsystick2.o(.text.SysTick_reset) for [Anonymous Symbol]
    ecsystick2.o(.ARM.exidx.text.SysTick_val) refers to ecsystick2.o(.text.SysTick_val) for [Anonymous Symbol]
    ecsystick2.o(.ARM.exidx.text.SysTick_enable) refers to ecsystick2.o(.text.SysTick_enable) for [Anonymous Symbol]
    ecsystick2.o(.ARM.exidx.text.SysTick_disable) refers to ecsystick2.o(.text.SysTick_disable) for [Anonymous Symbol]
    ectim2.o(.text.TIM_init) refers to ectim2.o(.text.TIM_period_ms) for TIM_period_ms
    ectim2.o(.ARM.exidx.text.TIM_init) refers to ectim2.o(.text.TIM_init) for [Anonymous Symbol]
    ectim2.o(.ARM.exidx.text.TIM_period_ms) refers to ectim2.o(.text.TIM_period_ms) for [Anonymous Symbol]
    ectim2.o(.ARM.exidx.text.TIM_period_us) refers to ectim2.o(.text.TIM_period_us) for [Anonymous Symbol]
    ectim2.o(.text.TIM_period) refers to ectim2.o(.text.TIM_period_ms) for TIM_period_ms
    ectim2.o(.ARM.exidx.text.TIM_period) refers to ectim2.o(.text.TIM_period) for [Anonymous Symbol]
    ectim2.o(.text.TIM_UI_init) refers to ectim2.o(.text.TIM_init) for TIM_init
    ectim2.o(.text.TIM_UI_init) refers to ectim2.o(.text.TIM_UI_enable) for TIM_UI_enable
    ectim2.o(.text.TIM_UI_init) refers to ectim2.o(.text.__NVIC_EnableIRQ) for __NVIC_EnableIRQ
    ectim2.o(.text.TIM_UI_init) refers to ectim2.o(.text.__NVIC_SetPriority) for __NVIC_SetPriority
    ectim2.o(.ARM.exidx.text.TIM_UI_init) refers to ectim2.o(.text.TIM_UI_init) for [Anonymous Symbol]
    ectim2.o(.ARM.exidx.text.TIM_UI_enable) refers to ectim2.o(.text.TIM_UI_enable) for [Anonymous Symbol]
    ectim2.o(.ARM.exidx.text.__NVIC_EnableIRQ) refers to ectim2.o(.text.__NVIC_EnableIRQ) for [Anonymous Symbol]
    ectim2.o(.ARM.exidx.text.__NVIC_SetPriority) refers to ectim2.o(.text.__NVIC_SetPriority) for [Anonymous Symbol]
    ectim2.o(.ARM.exidx.text.TIM_UI_disable) refers to ectim2.o(.text.TIM_UI_disable) for [Anonymous Symbol]
    ectim2.o(.ARM.exidx.text.is_UIF) refers to ectim2.o(.text.is_UIF) for [Anonymous Symbol]
    ectim2.o(.ARM.exidx.text.clear_UIF) refers to ectim2.o(.text.clear_UIF) for [Anonymous Symbol]
    ectim2.o(.ARM.exidx.text.TIM_CountDIR) refers to ectim2.o(.text.TIM_CountDIR) for [Anonymous Symbol]
    startup_stm32f411xe.o(STACK) refers (Special) to heapauxi.o(.text) for __use_two_region_memory
    startup_stm32f411xe.o(HEAP) refers (Special) to heapauxi.o(.text) for __use_two_region_memory
    startup_stm32f411xe.o(RESET) refers (Special) to heapauxi.o(.text) for __use_two_region_memory
    startup_stm32f411xe.o(RESET) refers to startup_stm32f411xe.o(STACK) for __initial_sp
    startup_stm32f411xe.o(RESET) refers to startup_stm32f411xe.o(.text) for Reset_Handler
    startup_stm32f411xe.o(RESET) refers to ecsystick2.o(.text.SysTick_Handler) for SysTick_Handler
    startup_stm32f411xe.o(RESET) refers to mid2022.o(.text.TIM2_IRQHandler) for TIM2_IRQHandler
    startup_stm32f411xe.o(RESET) refers to mid2022.o(.text.EXTI15_10_IRQHandler) for EXTI15_10_IRQHandler
    startup_stm32f411xe.o(.text) refers (Special) to heapauxi.o(.text) for __use_two_region_memory
    startup_stm32f411xe.o(.text) refers to system_stm32f4xx.o(.text.SystemInit) for SystemInit
    startup_stm32f411xe.o(.text) refers to __main.o(!!!main) for __main
    startup_stm32f411xe.o(.text) refers to startup_stm32f411xe.o(HEAP) for Heap_Mem
    startup_stm32f411xe.o(.text) refers to startup_stm32f411xe.o(STACK) for Stack_Mem
    system_stm32f4xx.o(.ARM.exidx.text.SystemInit) refers to system_stm32f4xx.o(.text.SystemInit) for [Anonymous Symbol]
    system_stm32f4xx.o(.text.SystemCoreClockUpdate) refers to system_stm32f4xx.o(.data.SystemCoreClock) for SystemCoreClock
    system_stm32f4xx.o(.text.SystemCoreClockUpdate) refers to system_stm32f4xx.o(.rodata.AHBPrescTable) for AHBPrescTable
    system_stm32f4xx.o(.ARM.exidx.text.SystemCoreClockUpdate) refers to system_stm32f4xx.o(.text.SystemCoreClockUpdate) for [Anonymous Symbol]
    __main.o(!!!main) refers to __rtentry.o(.ARM.Collect$$rtentry$$00000000) for __rt_entry
    __rtentry.o(.ARM.Collect$$rtentry$$00000000) refers (Special) to __rtentry2.o(.ARM.Collect$$rtentry$$0000000A) for __rt_entry_li
    __rtentry.o(.ARM.Collect$$rtentry$$00000000) refers (Special) to __rtentry2.o(.ARM.Collect$$rtentry$$0000000D) for __rt_entry_main
    __rtentry.o(.ARM.Collect$$rtentry$$00000000) refers (Special) to __rtentry2.o(.ARM.Collect$$rtentry$$0000000C) for __rt_entry_postli_1
    __rtentry.o(.ARM.Collect$$rtentry$$00000000) refers (Special) to __rtentry2.o(.ARM.Collect$$rtentry$$00000009) for __rt_entry_postsh_1
    __rtentry.o(.ARM.Collect$$rtentry$$00000000) refers (Special) to __rtentry2.o(.ARM.Collect$$rtentry$$00000002) for __rt_entry_presh_1
    __rtentry.o(.ARM.Collect$$rtentry$$00000000) refers (Special) to __rtentry4.o(.ARM.Collect$$rtentry$$00000004) for __rt_entry_sh
    __rtentry2.o(.ARM.Collect$$rtentry$$00000008) refers to boardinit2.o(.text) for _platform_post_stackheap_init
    __rtentry2.o(.ARM.Collect$$rtentry$$0000000A) refers to libinit.o(.ARM.Collect$$libinit$$00000000) for __rt_lib_init
    __rtentry2.o(.ARM.Collect$$rtentry$$0000000B) refers to boardinit3.o(.text) for _platform_post_lib_init
    __rtentry2.o(.ARM.Collect$$rtentry$$0000000D) refers to mid2022.o(.text.main) for main
    __rtentry2.o(.ARM.Collect$$rtentry$$0000000D) refers to exit.o(.text) for exit
    __rtentry2.o(.ARM.exidx) refers to __rtentry2.o(.ARM.Collect$$rtentry$$00000001) for .ARM.Collect$$rtentry$$00000001
    __rtentry2.o(.ARM.exidx) refers to __rtentry2.o(.ARM.Collect$$rtentry$$00000008) for .ARM.Collect$$rtentry$$00000008
    __rtentry2.o(.ARM.exidx) refers to __rtentry2.o(.ARM.Collect$$rtentry$$0000000A) for .ARM.Collect$$rtentry$$0000000A
    __rtentry2.o(.ARM.exidx) refers to __rtentry2.o(.ARM.Collect$$rtentry$$0000000B) for .ARM.Collect$$rtentry$$0000000B
    __rtentry2.o(.ARM.exidx) refers to __rtentry2.o(.ARM.Collect$$rtentry$$0000000D) for .ARM.Collect$$rtentry$$0000000D
    __rtentry4.o(.ARM.Collect$$rtentry$$00000004) refers to sys_stackheap_outer.o(.text) for __user_setup_stackheap
    __rtentry4.o(.ARM.exidx) refers to __rtentry4.o(.ARM.Collect$$rtentry$$00000004) for .ARM.Collect$$rtentry$$00000004
    sys_stackheap_outer.o(.text) refers to libspace.o(.text) for __user_perproc_libspace
    sys_stackheap_outer.o(.text) refers to startup_stm32f411xe.o(.text) for __user_initial_stackheap
    exit.o(.text) refers to rtexit.o(.ARM.Collect$$rtexit$$00000000) for __rt_exit
    libinit.o(.ARM.Collect$$libinit$$00000000) refers (Special) to libinit2.o(.ARM.Collect$$libinit$$00000030) for __rt_lib_init_alloca_1
    libinit.o(.ARM.Collect$$libinit$$00000000) refers (Special) to libinit2.o(.ARM.Collect$$libinit$$0000002E) for __rt_lib_init_argv_1
    libinit.o(.ARM.Collect$$libinit$$00000000) refers (Special) to libinit2.o(.ARM.Collect$$libinit$$0000001D) for __rt_lib_init_atexit_1
    libinit.o(.ARM.Collect$$libinit$$00000000) refers (Special) to libinit2.o(.ARM.Collect$$libinit$$00000023) for __rt_lib_init_clock_1
    libinit.o(.ARM.Collect$$libinit$$00000000) refers (Special) to libinit2.o(.ARM.Collect$$libinit$$00000034) for __rt_lib_init_cpp_1
    libinit.o(.ARM.Collect$$libinit$$00000000) refers (Special) to libinit2.o(.ARM.Collect$$libinit$$00000032) for __rt_lib_init_exceptions_1
    libinit.o(.ARM.Collect$$libinit$$00000000) refers (Special) to libinit2.o(.ARM.Collect$$libinit$$00000001) for __rt_lib_init_fp_1
    libinit.o(.ARM.Collect$$libinit$$00000000) refers (Special) to libinit2.o(.ARM.Collect$$libinit$$00000021) for __rt_lib_init_fp_trap_1
    libinit.o(.ARM.Collect$$libinit$$00000000) refers (Special) to libinit2.o(.ARM.Collect$$libinit$$00000025) for __rt_lib_init_getenv_1
    libinit.o(.ARM.Collect$$libinit$$00000000) refers (Special) to libinit2.o(.ARM.Collect$$libinit$$0000000C) for __rt_lib_init_heap_1
    libinit.o(.ARM.Collect$$libinit$$00000000) refers (Special) to libinit2.o(.ARM.Collect$$libinit$$00000013) for __rt_lib_init_lc_collate_1
    libinit.o(.ARM.Collect$$libinit$$00000000) refers (Special) to libinit2.o(.ARM.Collect$$libinit$$00000015) for __rt_lib_init_lc_ctype_1
    libinit.o(.ARM.Collect$$libinit$$00000000) refers (Special) to libinit2.o(.ARM.Collect$$libinit$$00000017) for __rt_lib_init_lc_monetary_1
    libinit.o(.ARM.Collect$$libinit$$00000000) refers (Special) to libinit2.o(.ARM.Collect$$libinit$$00000019) for __rt_lib_init_lc_numeric_1
    libinit.o(.ARM.Collect$$libinit$$00000000) refers (Special) to libinit2.o(.ARM.Collect$$libinit$$0000001B) for __rt_lib_init_lc_time_1
    libinit.o(.ARM.Collect$$libinit$$00000000) refers (Special) to libinit2.o(.ARM.Collect$$libinit$$00000006) for __rt_lib_init_preinit_1
    libinit.o(.ARM.Collect$$libinit$$00000000) refers (Special) to libinit2.o(.ARM.Collect$$libinit$$00000010) for __rt_lib_init_rand_1
    libinit.o(.ARM.Collect$$libinit$$00000000) refers (Special) to libinit2.o(.ARM.Collect$$libinit$$00000004) for __rt_lib_init_relocate_pie_1
    libinit.o(.ARM.Collect$$libinit$$00000000) refers (Special) to libinit2.o(.ARM.Collect$$libinit$$00000035) for __rt_lib_init_return
    libinit.o(.ARM.Collect$$libinit$$00000000) refers (Special) to libinit2.o(.ARM.Collect$$libinit$$0000001F) for __rt_lib_init_signal_1
    libinit.o(.ARM.Collect$$libinit$$00000000) refers (Special) to libinit2.o(.ARM.Collect$$libinit$$00000027) for __rt_lib_init_stdio_1
    libinit.o(.ARM.Collect$$libinit$$00000000) refers (Special) to libinit2.o(.ARM.Collect$$libinit$$0000000E) for __rt_lib_init_user_alloc_1
    libspace.o(.text) refers to libspace.o(.bss) for __libspace_start
    rtexit.o(.ARM.Collect$$rtexit$$00000000) refers (Special) to rtexit2.o(.ARM.Collect$$rtexit$$00000004) for __rt_exit_exit
    rtexit.o(.ARM.Collect$$rtexit$$00000000) refers (Special) to rtexit2.o(.ARM.Collect$$rtexit$$00000003) for __rt_exit_ls
    rtexit.o(.ARM.Collect$$rtexit$$00000000) refers (Special) to rtexit2.o(.ARM.Collect$$rtexit$$00000002) for __rt_exit_prels_1
    rtexit.o(.ARM.exidx) refers (Special) to rtexit2.o(.ARM.Collect$$rtexit$$00000004) for __rt_exit_exit
    rtexit.o(.ARM.exidx) refers (Special) to rtexit2.o(.ARM.Collect$$rtexit$$00000003) for __rt_exit_ls
    rtexit.o(.ARM.exidx) refers (Special) to rtexit2.o(.ARM.Collect$$rtexit$$00000002) for __rt_exit_prels_1
    rtexit.o(.ARM.exidx) refers to rtexit.o(.ARM.Collect$$rtexit$$00000000) for .ARM.Collect$$rtexit$$00000000
    libinit2.o(.ARM.Collect$$libinit$$00000001) refers to fpinit.o(x$fpl$fpinit) for _fp_init
    libinit2.o(.ARM.Collect$$libinit$$00000012) refers to libinit2.o(.ARM.Collect$$libinit$$00000011) for .ARM.Collect$$libinit$$00000011
    libinit2.o(.ARM.Collect$$libinit$$00000014) refers to libinit2.o(.ARM.Collect$$libinit$$00000011) for .ARM.Collect$$libinit$$00000011
    libinit2.o(.ARM.Collect$$libinit$$00000016) refers to libinit2.o(.ARM.Collect$$libinit$$00000011) for .ARM.Collect$$libinit$$00000011
    libinit2.o(.ARM.Collect$$libinit$$00000018) refers to libinit2.o(.ARM.Collect$$libinit$$00000011) for .ARM.Collect$$libinit$$00000011
    libinit2.o(.ARM.Collect$$libinit$$0000001A) refers to libinit2.o(.ARM.Collect$$libinit$$00000011) for .ARM.Collect$$libinit$$00000011
    libinit2.o(.ARM.Collect$$libinit$$00000028) refers to argv_veneer.o(.emb_text) for __ARM_argv_veneer
    libinit2.o(.ARM.Collect$$libinit$$00000029) refers to argv_veneer.o(.emb_text) for __ARM_argv_veneer
    rtexit2.o(.ARM.Collect$$rtexit$$00000003) refers to libshutdown.o(.ARM.Collect$$libshutdown$$00000000) for __rt_lib_shutdown
    rtexit2.o(.ARM.Collect$$rtexit$$00000004) refers to sys_exit.o(.text) for _sys_exit
    rtexit2.o(.ARM.exidx) refers to rtexit2.o(.ARM.Collect$$rtexit$$00000001) for .ARM.Collect$$rtexit$$00000001
    rtexit2.o(.ARM.exidx) refers to rtexit2.o(.ARM.Collect$$rtexit$$00000003) for .ARM.Collect$$rtexit$$00000003
    rtexit2.o(.ARM.exidx) refers to rtexit2.o(.ARM.Collect$$rtexit$$00000004) for .ARM.Collect$$rtexit$$00000004
    argv_veneer.o(.emb_text) refers to no_argv.o(.text) for __ARM_get_argv
    sys_exit.o(.text) refers (Special) to use_no_semi.o(.text) for __I$use$semihosting
    sys_exit.o(.text) refers (Special) to indicate_semi.o(.text) for __semihosting_library_function
    sys_exit_hlt.o(.text) refers (Special) to use_no_semi.o(.text) for __I$use$semihosting
    sys_exit_hlt.o(.text) refers (Special) to indicate_semi.o(.text) for __semihosting_library_function
    _get_argv_nomalloc.o(.text) refers (Special) to hrguard.o(.text) for __heap_region$guard
    _get_argv_nomalloc.o(.text) refers to defsig_rtmem_outer.o(.text) for __rt_SIGRTMEM
    _get_argv_nomalloc.o(.text) refers to sys_command.o(.text) for _sys_command_string
    libshutdown.o(.ARM.Collect$$libshutdown$$00000000) refers (Special) to libshutdown2.o(.ARM.Collect$$libshutdown$$00000002) for __rt_lib_shutdown_cpp_1
    libshutdown.o(.ARM.Collect$$libshutdown$$00000000) refers (Special) to libshutdown2.o(.ARM.Collect$$libshutdown$$00000007) for __rt_lib_shutdown_fp_trap_1
    libshutdown.o(.ARM.Collect$$libshutdown$$00000000) refers (Special) to libshutdown2.o(.ARM.Collect$$libshutdown$$0000000F) for __rt_lib_shutdown_heap_1
    libshutdown.o(.ARM.Collect$$libshutdown$$00000000) refers (Special) to libshutdown2.o(.ARM.Collect$$libshutdown$$00000010) for __rt_lib_shutdown_return
    libshutdown.o(.ARM.Collect$$libshutdown$$00000000) refers (Special) to libshutdown2.o(.ARM.Collect$$libshutdown$$0000000A) for __rt_lib_shutdown_signal_1
    libshutdown.o(.ARM.Collect$$libshutdown$$00000000) refers (Special) to libshutdown2.o(.ARM.Collect$$libshutdown$$00000004) for __rt_lib_shutdown_stdio_1
    libshutdown.o(.ARM.Collect$$libshutdown$$00000000) refers (Special) to libshutdown2.o(.ARM.Collect$$libshutdown$$0000000C) for __rt_lib_shutdown_user_alloc_1
    sys_command.o(.text) refers (Special) to use_no_semi.o(.text) for __I$use$semihosting
    sys_command.o(.text) refers (Special) to indicate_semi.o(.text) for __semihosting_library_function
    sys_command_hlt.o(.text) refers (Special) to use_no_semi.o(.text) for __I$use$semihosting
    sys_command_hlt.o(.text) refers (Special) to indicate_semi.o(.text) for __semihosting_library_function
    defsig_rtmem_outer.o(.text) refers to defsig_rtmem_inner.o(.text) for __rt_SIGRTMEM_inner
    defsig_rtmem_outer.o(.text) refers to defsig_exit.o(.text) for __sig_exit
    defsig_rtmem_formal.o(.text) refers to rt_raise.o(.text) for __rt_raise
    rt_raise.o(.text) refers to __raise.o(.text) for __raise
    rt_raise.o(.text) refers to sys_exit.o(.text) for _sys_exit
    defsig_exit.o(.text) refers to sys_exit.o(.text) for _sys_exit
    defsig_rtmem_inner.o(.text) refers to defsig_general.o(.text) for __default_signal_display
    __raise.o(.text) refers to defsig.o(CL$$defsig) for __default_signal_handler
    defsig_general.o(.text) refers to sys_wrch.o(.text) for _ttywrch
    sys_wrch.o(.text) refers (Special) to use_no_semi.o(.text) for __I$use$semihosting
    sys_wrch.o(.text) refers (Special) to indicate_semi.o(.text) for __semihosting_library_function
    sys_wrch_hlt.o(.text) refers (Special) to use_no_semi.o(.text) for __I$use$semihosting
    sys_wrch_hlt.o(.text) refers (Special) to indicate_semi.o(.text) for __semihosting_library_function
    defsig.o(CL$$defsig) refers to defsig_rtmem_inner.o(.text) for __rt_SIGRTMEM_inner
    defsig_abrt_inner.o(.text) refers to defsig_general.o(.text) for __default_signal_display
    defsig_fpe_inner.o(.text) refers to defsig_general.o(.text) for __default_signal_display
    defsig_rtred_inner.o(.text) refers to defsig_general.o(.text) for __default_signal_display
    defsig_stak_inner.o(.text) refers to defsig_general.o(.text) for __default_signal_display
    defsig_pvfn_inner.o(.text) refers to defsig_general.o(.text) for __default_signal_display
    defsig_cppl_inner.o(.text) refers to defsig_general.o(.text) for __default_signal_display
    defsig_segv_inner.o(.text) refers to defsig_general.o(.text) for __default_signal_display
    defsig_other.o(.text) refers to defsig_general.o(.text) for __default_signal_display


==============================================================================

Removing Unused input sections from the image.

    Removing mid2022.o(.text), (0 bytes).
    Removing mid2022.o(.ARM.exidx.text.main), (8 bytes).
    Removing mid2022.o(.ARM.exidx.text.setup), (8 bytes).
    Removing mid2022.o(.ARM.exidx.text.sevensegment_decoder_pause), (8 bytes).
    Removing mid2022.o(.ARM.exidx.text.TIM2_IRQHandler), (8 bytes).
    Removing mid2022.o(.ARM.exidx.text.EXTI15_10_IRQHandler), (8 bytes).
    Removing mid2022.o(.rodata.cst16), (16 bytes).
    Removing mid2022.o(.ARM.use_no_argv), (4 bytes).
    Removing ecexti2.o(.text), (0 bytes).
    Removing ecexti2.o(.ARM.exidx.text.EXTI_init), (8 bytes).
    Removing ecexti2.o(.ARM.exidx.text.__NVIC_SetPriority), (8 bytes).
    Removing ecexti2.o(.ARM.exidx.text.__NVIC_EnableIRQ), (8 bytes).
    Removing ecexti2.o(.text.EXTI_enable), (46 bytes).
    Removing ecexti2.o(.ARM.exidx.text.EXTI_enable), (8 bytes).
    Removing ecexti2.o(.text.EXTI_disable), (46 bytes).
    Removing ecexti2.o(.ARM.exidx.text.EXTI_disable), (8 bytes).
    Removing ecexti2.o(.ARM.exidx.text.is_pending_EXTI), (8 bytes).
    Removing ecexti2.o(.ARM.exidx.text.clear_pending_EXTI), (8 bytes).
    Removing ecgpio2_student.o(.text), (0 bytes).
    Removing ecgpio2_student.o(.ARM.exidx.text.GPIO_init), (8 bytes).
    Removing ecgpio2_student.o(.ARM.exidx.text.GPIO_mode), (8 bytes).
    Removing ecgpio2_student.o(.ARM.exidx.text.GPIO_ospeed), (8 bytes).
    Removing ecgpio2_student.o(.ARM.exidx.text.GPIO_otype), (8 bytes).
    Removing ecgpio2_student.o(.ARM.exidx.text.GPIO_pupd), (8 bytes).
    Removing ecgpio2_student.o(.text.GPIO_read), (36 bytes).
    Removing ecgpio2_student.o(.ARM.exidx.text.GPIO_read), (8 bytes).
    Removing ecgpio2_student.o(.ARM.exidx.text.GPIO_write), (8 bytes).
    Removing ecgpio2_student.o(.ARM.exidx.text.GPIO_toggle), (8 bytes).
    Removing ecgpio2_student.o(.text.sevensegment_display_init), (134 bytes).
    Removing ecgpio2_student.o(.ARM.exidx.text.sevensegment_display_init), (8 bytes).
    Removing ecgpio2_student.o(.text.sevensegment_display), (148 bytes).
    Removing ecgpio2_student.o(.ARM.exidx.text.sevensegment_display), (8 bytes).
    Removing ecgpio2_student.o(.ARM.exidx.text.sevensegment_decoder_init), (8 bytes).
    Removing ecgpio2_student.o(.ARM.exidx.text.sevensegment_decoder), (8 bytes).
    Removing ecgpio2_student.o(.bss.pinName1), (1 bytes).
    Removing ecgpio2_student.o(.bss.pinName2), (1 bytes).
    Removing ecgpio2_student.o(.bss.pinName3), (1 bytes).
    Removing ecgpio2_student.o(.bss.pinName4), (1 bytes).
    Removing ecgpio2_student.o(.rodata..L__const.sevensegment_display.pattern_map), (10 bytes).
    Removing ecgpio2_student.o(.rodata..L__const.sevensegment_decoder.segment_bit), (10 bytes).
    Removing ecpinnames.o(.text), (0 bytes).
    Removing ecpinnames.o(.ARM.exidx.text.ecPinmap), (8 bytes).
    Removing ecpwm2.o(.text), (0 bytes).
    Removing ecpwm2.o(.text.PWM_init), (676 bytes).
    Removing ecpwm2.o(.ARM.exidx.text.PWM_init), (8 bytes).
    Removing ecpwm2.o(.text.PWM_pinmap), (538 bytes).
    Removing ecpwm2.o(.ARM.exidx.text.PWM_pinmap), (8 bytes).
    Removing ecpwm2.o(.text.PWM_period_ms), (46 bytes).
    Removing ecpwm2.o(.ARM.exidx.text.PWM_period_ms), (8 bytes).
    Removing ecpwm2.o(.text.PWM_period), (24 bytes).
    Removing ecpwm2.o(.ARM.exidx.text.PWM_period), (8 bytes).
    Removing ecpwm2.o(.text.PWM_period_us), (46 bytes).
    Removing ecpwm2.o(.ARM.exidx.text.PWM_period_us), (8 bytes).
    Removing ecpwm2.o(.text.PWM_pulsewidth), (214 bytes).
    Removing ecpwm2.o(.ARM.exidx.text.PWM_pulsewidth), (8 bytes).
    Removing ecpwm2.o(.text.PWM_pulsewidth_ms), (24 bytes).
    Removing ecpwm2.o(.ARM.exidx.text.PWM_pulsewidth_ms), (8 bytes).
    Removing ecpwm2.o(.text.PWM_pulsewidth_us), (206 bytes).
    Removing ecpwm2.o(.ARM.exidx.text.PWM_pulsewidth_us), (8 bytes).
    Removing ecpwm2.o(.text.PWM_duty), (180 bytes).
    Removing ecpwm2.o(.ARM.exidx.text.PWM_duty), (8 bytes).
    Removing ecrcc2.o(.text), (0 bytes).
    Removing ecrcc2.o(.text.RCC_HSI_init), (100 bytes).
    Removing ecrcc2.o(.ARM.exidx.text.RCC_HSI_init), (8 bytes).
    Removing ecrcc2.o(.ARM.exidx.text.RCC_PLL_init), (8 bytes).
    Removing ecrcc2.o(.ARM.exidx.text.RCC_GPIOA_enable), (8 bytes).
    Removing ecrcc2.o(.ARM.exidx.text.RCC_GPIOB_enable), (8 bytes).
    Removing ecrcc2.o(.ARM.exidx.text.RCC_GPIOC_enable), (8 bytes).
    Removing ecsystick2.o(.text), (0 bytes).
    Removing ecsystick2.o(.ARM.exidx.text.SysTick_init), (8 bytes).
    Removing ecsystick2.o(.ARM.exidx.text.__NVIC_SetPriority), (8 bytes).
    Removing ecsystick2.o(.ARM.exidx.text.__NVIC_EnableIRQ), (8 bytes).
    Removing ecsystick2.o(.ARM.exidx.text.SysTick_Handler), (8 bytes).
    Removing ecsystick2.o(.ARM.exidx.text.SysTick_counter), (8 bytes).
    Removing ecsystick2.o(.ARM.exidx.text.delay_ms), (8 bytes).
    Removing ecsystick2.o(.text.SysTick_reset), (14 bytes).
    Removing ecsystick2.o(.ARM.exidx.text.SysTick_reset), (8 bytes).
    Removing ecsystick2.o(.text.SysTick_val), (12 bytes).
    Removing ecsystick2.o(.ARM.exidx.text.SysTick_val), (8 bytes).
    Removing ecsystick2.o(.text.SysTick_enable), (18 bytes).
    Removing ecsystick2.o(.ARM.exidx.text.SysTick_enable), (8 bytes).
    Removing ecsystick2.o(.text.SysTick_disable), (14 bytes).
    Removing ecsystick2.o(.ARM.exidx.text.SysTick_disable), (8 bytes).
    Removing ectim2.o(.text), (0 bytes).
    Removing ectim2.o(.ARM.exidx.text.TIM_init), (8 bytes).
    Removing ectim2.o(.ARM.exidx.text.TIM_period_ms), (8 bytes).
    Removing ectim2.o(.text.TIM_period_us), (224 bytes).
    Removing ectim2.o(.ARM.exidx.text.TIM_period_us), (8 bytes).
    Removing ectim2.o(.text.TIM_period), (20 bytes).
    Removing ectim2.o(.ARM.exidx.text.TIM_period), (8 bytes).
    Removing ectim2.o(.ARM.exidx.text.TIM_UI_init), (8 bytes).
    Removing ectim2.o(.ARM.exidx.text.TIM_UI_enable), (8 bytes).
    Removing ectim2.o(.ARM.exidx.text.__NVIC_EnableIRQ), (8 bytes).
    Removing ectim2.o(.ARM.exidx.text.__NVIC_SetPriority), (8 bytes).
    Removing ectim2.o(.text.TIM_UI_disable), (18 bytes).
    Removing ectim2.o(.ARM.exidx.text.TIM_UI_disable), (8 bytes).
    Removing ectim2.o(.ARM.exidx.text.is_UIF), (8 bytes).
    Removing ectim2.o(.ARM.exidx.text.clear_UIF), (8 bytes).
    Removing ectim2.o(.ARM.exidx.text.TIM_CountDIR), (8 bytes).
    Removing system_stm32f4xx.o(.text), (0 bytes).
    Removing system_stm32f4xx.o(.ARM.exidx.text.SystemInit), (8 bytes).
    Removing system_stm32f4xx.o(.text.SystemCoreClockUpdate), (302 bytes).
    Removing system_stm32f4xx.o(.ARM.exidx.text.SystemCoreClockUpdate), (8 bytes).
    Removing system_stm32f4xx.o(.data.SystemCoreClock), (4 bytes).
    Removing system_stm32f4xx.o(.rodata.AHBPrescTable), (16 bytes).
    Removing system_stm32f4xx.o(.rodata.APBPrescTable), (8 bytes).

106 unused section(s) (total 3662 bytes) removed from the image.

==============================================================================

Image Symbol Table

    Local Symbols

    Symbol Name                              Value     Ov Type        Size  Object(Section)

    ../clib/angel/boardlib.s                 0x00000000   Number         0  boardinit1.o ABSOLUTE
    ../clib/angel/boardlib.s                 0x00000000   Number         0  boardinit2.o ABSOLUTE
    ../clib/angel/boardlib.s                 0x00000000   Number         0  boardinit3.o ABSOLUTE
    ../clib/angel/boardlib.s                 0x00000000   Number         0  boardshut.o ABSOLUTE
    ../clib/angel/handlers.s                 0x00000000   Number         0  __scatter_copy.o ABSOLUTE
    ../clib/angel/handlers.s                 0x00000000   Number         0  __scatter_zi.o ABSOLUTE
    ../clib/angel/kernel.s                   0x00000000   Number         0  __rtentry.o ABSOLUTE
    ../clib/angel/kernel.s                   0x00000000   Number         0  __rtentry2.o ABSOLUTE
    ../clib/angel/kernel.s                   0x00000000   Number         0  __rtentry4.o ABSOLUTE
    ../clib/angel/kernel.s                   0x00000000   Number         0  rtexit.o ABSOLUTE
    ../clib/angel/kernel.s                   0x00000000   Number         0  rtexit2.o ABSOLUTE
    ../clib/angel/rt.s                       0x00000000   Number         0  rt_raise.o ABSOLUTE
    ../clib/angel/scatter.s                  0x00000000   Number         0  __scatter.o ABSOLUTE
    ../clib/angel/startup.s                  0x00000000   Number         0  __main.o ABSOLUTE
    ../clib/angel/sys.s                      0x00000000   Number         0  sys_stackheap_outer.o ABSOLUTE
    ../clib/angel/sys.s                      0x00000000   Number         0  libspace.o ABSOLUTE
    ../clib/angel/sys.s                      0x00000000   Number         0  use_no_semi.o ABSOLUTE
    ../clib/angel/sys.s                      0x00000000   Number         0  indicate_semi.o ABSOLUTE
    ../clib/angel/sysapp.c                   0x00000000   Number         0  sys_exit.o ABSOLUTE
    ../clib/angel/sysapp.c                   0x00000000   Number         0  sys_exit_hlt.o ABSOLUTE
    ../clib/angel/sysapp.c                   0x00000000   Number         0  sys_command.o ABSOLUTE
    ../clib/angel/sysapp.c                   0x00000000   Number         0  sys_command_hlt.o ABSOLUTE
    ../clib/angel/sysapp.c                   0x00000000   Number         0  sys_wrch.o ABSOLUTE
    ../clib/angel/sysapp.c                   0x00000000   Number         0  sys_wrch_hlt.o ABSOLUTE
    ../clib/armsys.c                         0x00000000   Number         0  argv_veneer.o ABSOLUTE
    ../clib/armsys.c                         0x00000000   Number         0  argv_veneer.o ABSOLUTE
    ../clib/armsys.c                         0x00000000   Number         0  _get_argv_nomalloc.o ABSOLUTE
    ../clib/armsys.c                         0x00000000   Number         0  no_argv.o ABSOLUTE
    ../clib/heapalloc.c                      0x00000000   Number         0  hrguard.o ABSOLUTE
    ../clib/heapaux.c                        0x00000000   Number         0  heapauxi.o ABSOLUTE
    ../clib/libinit.s                        0x00000000   Number         0  libinit.o ABSOLUTE
    ../clib/libinit.s                        0x00000000   Number         0  libinit2.o ABSOLUTE
    ../clib/libinit.s                        0x00000000   Number         0  libshutdown.o ABSOLUTE
    ../clib/libinit.s                        0x00000000   Number         0  libshutdown2.o ABSOLUTE
    ../clib/signal.c                         0x00000000   Number         0  defsig_rtmem_outer.o ABSOLUTE
    ../clib/signal.c                         0x00000000   Number         0  defsig_rtmem_formal.o ABSOLUTE
    ../clib/signal.c                         0x00000000   Number         0  defsig_exit.o ABSOLUTE
    ../clib/signal.c                         0x00000000   Number         0  defsig_rtmem_inner.o ABSOLUTE
    ../clib/signal.c                         0x00000000   Number         0  __raise.o ABSOLUTE
    ../clib/signal.c                         0x00000000   Number         0  defsig_general.o ABSOLUTE
    ../clib/signal.c                         0x00000000   Number         0  defsig_abrt_inner.o ABSOLUTE
    ../clib/signal.c                         0x00000000   Number         0  defsig_fpe_inner.o ABSOLUTE
    ../clib/signal.c                         0x00000000   Number         0  defsig_rtred_inner.o ABSOLUTE
    ../clib/signal.c                         0x00000000   Number         0  defsig_stak_inner.o ABSOLUTE
    ../clib/signal.c                         0x00000000   Number         0  defsig_pvfn_inner.o ABSOLUTE
    ../clib/signal.c                         0x00000000   Number         0  defsig_cppl_inner.o ABSOLUTE
    ../clib/signal.c                         0x00000000   Number         0  defsig_segv_inner.o ABSOLUTE
    ../clib/signal.c                         0x00000000   Number         0  defsig_other.o ABSOLUTE
    ../clib/signal.s                         0x00000000   Number         0  defsig.o ABSOLUTE
    ../clib/stdlib.c                         0x00000000   Number         0  exit.o ABSOLUTE
    ../fplib/fpinit.s                        0x00000000   Number         0  fpinit.o ABSOLUTE
    MID2022.c                                0x00000000   Number         0  mid2022.o ABSOLUTE
    RTE/Device/STM32F411RETx/startup_stm32f411xe.s 0x00000000   Number         0  startup_stm32f411xe.o ABSOLUTE
    dc.s                                     0x00000000   Number         0  dc.o ABSOLUTE
    ecEXTI2.c                                0x00000000   Number         0  ecexti2.o ABSOLUTE
    ecGPIO2_student.c                        0x00000000   Number         0  ecgpio2_student.o ABSOLUTE
    ecPWM2.c                                 0x00000000   Number         0  ecpwm2.o ABSOLUTE
    ecPinNames.c                             0x00000000   Number         0  ecpinnames.o ABSOLUTE
    ecRCC2.c                                 0x00000000   Number         0  ecrcc2.o ABSOLUTE
    ecSysTick2.c                             0x00000000   Number         0  ecsystick2.o ABSOLUTE
    ecTIM2.c                                 0x00000000   Number         0  ectim2.o ABSOLUTE
    system_stm32f4xx.c                       0x00000000   Number         0  system_stm32f4xx.o ABSOLUTE
    RESET                                    0x08000000   Section      408  startup_stm32f411xe.o(RESET)
    !!!main                                  0x08000198   Section        8  __main.o(!!!main)
    !!!scatter                               0x080001a0   Section       92  __scatter.o(!!!scatter)
    !!handler_copy                           0x080001fc   Section       26  __scatter_copy.o(!!handler_copy)
    !!handler_null                           0x08000218   Section        2  __scatter.o(!!handler_null)
    !!handler_zi                             0x0800021c   Section       28  __scatter_zi.o(!!handler_zi)
    .ARM.Collect$$libinit$$00000000          0x08000238   Section        2  libinit.o(.ARM.Collect$$libinit$$00000000)
    .ARM.Collect$$libinit$$00000001          0x0800023a   Section        4  libinit2.o(.ARM.Collect$$libinit$$00000001)
    .ARM.Collect$$libinit$$00000004          0x0800023e   Section        0  libinit2.o(.ARM.Collect$$libinit$$00000004)
    .ARM.Collect$$libinit$$00000006          0x0800023e   Section        0  libinit2.o(.ARM.Collect$$libinit$$00000006)
    .ARM.Collect$$libinit$$0000000C          0x0800023e   Section        0  libinit2.o(.ARM.Collect$$libinit$$0000000C)
    .ARM.Collect$$libinit$$0000000E          0x0800023e   Section        0  libinit2.o(.ARM.Collect$$libinit$$0000000E)
    .ARM.Collect$$libinit$$00000010          0x0800023e   Section        0  libinit2.o(.ARM.Collect$$libinit$$00000010)
    .ARM.Collect$$libinit$$00000013          0x0800023e   Section        0  libinit2.o(.ARM.Collect$$libinit$$00000013)
    .ARM.Collect$$libinit$$00000015          0x0800023e   Section        0  libinit2.o(.ARM.Collect$$libinit$$00000015)
    .ARM.Collect$$libinit$$00000017          0x0800023e   Section        0  libinit2.o(.ARM.Collect$$libinit$$00000017)
    .ARM.Collect$$libinit$$00000019          0x0800023e   Section        0  libinit2.o(.ARM.Collect$$libinit$$00000019)
    .ARM.Collect$$libinit$$0000001B          0x0800023e   Section        0  libinit2.o(.ARM.Collect$$libinit$$0000001B)
    .ARM.Collect$$libinit$$0000001D          0x0800023e   Section        0  libinit2.o(.ARM.Collect$$libinit$$0000001D)
    .ARM.Collect$$libinit$$0000001F          0x0800023e   Section        0  libinit2.o(.ARM.Collect$$libinit$$0000001F)
    .ARM.Collect$$libinit$$00000021          0x0800023e   Section        0  libinit2.o(.ARM.Collect$$libinit$$00000021)
    .ARM.Collect$$libinit$$00000023          0x0800023e   Section        0  libinit2.o(.ARM.Collect$$libinit$$00000023)
    .ARM.Collect$$libinit$$00000025          0x0800023e   Section        0  libinit2.o(.ARM.Collect$$libinit$$00000025)
    .ARM.Collect$$libinit$$00000027          0x0800023e   Section        0  libinit2.o(.ARM.Collect$$libinit$$00000027)
    .ARM.Collect$$libinit$$0000002E          0x0800023e   Section        0  libinit2.o(.ARM.Collect$$libinit$$0000002E)
    .ARM.Collect$$libinit$$00000030          0x0800023e   Section        0  libinit2.o(.ARM.Collect$$libinit$$00000030)
    .ARM.Collect$$libinit$$00000032          0x0800023e   Section        0  libinit2.o(.ARM.Collect$$libinit$$00000032)
    .ARM.Collect$$libinit$$00000034          0x0800023e   Section        0  libinit2.o(.ARM.Collect$$libinit$$00000034)
    .ARM.Collect$$libinit$$00000035          0x0800023e   Section        2  libinit2.o(.ARM.Collect$$libinit$$00000035)
    .ARM.Collect$$libshutdown$$00000000      0x08000240   Section        2  libshutdown.o(.ARM.Collect$$libshutdown$$00000000)
    .ARM.Collect$$libshutdown$$00000002      0x08000242   Section        0  libshutdown2.o(.ARM.Collect$$libshutdown$$00000002)
    .ARM.Collect$$libshutdown$$00000004      0x08000242   Section        0  libshutdown2.o(.ARM.Collect$$libshutdown$$00000004)
    .ARM.Collect$$libshutdown$$00000007      0x08000242   Section        0  libshutdown2.o(.ARM.Collect$$libshutdown$$00000007)
    .ARM.Collect$$libshutdown$$0000000A      0x08000242   Section        0  libshutdown2.o(.ARM.Collect$$libshutdown$$0000000A)
    .ARM.Collect$$libshutdown$$0000000C      0x08000242   Section        0  libshutdown2.o(.ARM.Collect$$libshutdown$$0000000C)
    .ARM.Collect$$libshutdown$$0000000F      0x08000242   Section        0  libshutdown2.o(.ARM.Collect$$libshutdown$$0000000F)
    .ARM.Collect$$libshutdown$$00000010      0x08000242   Section        2  libshutdown2.o(.ARM.Collect$$libshutdown$$00000010)
    .ARM.Collect$$rtentry$$00000000          0x08000244   Section        0  __rtentry.o(.ARM.Collect$$rtentry$$00000000)
    .ARM.Collect$$rtentry$$00000002          0x08000244   Section        0  __rtentry2.o(.ARM.Collect$$rtentry$$00000002)
    .ARM.Collect$$rtentry$$00000004          0x08000244   Section        6  __rtentry4.o(.ARM.Collect$$rtentry$$00000004)
    .ARM.Collect$$rtentry$$00000009          0x0800024a   Section        0  __rtentry2.o(.ARM.Collect$$rtentry$$00000009)
    .ARM.Collect$$rtentry$$0000000A          0x0800024a   Section        4  __rtentry2.o(.ARM.Collect$$rtentry$$0000000A)
    .ARM.Collect$$rtentry$$0000000C          0x0800024e   Section        0  __rtentry2.o(.ARM.Collect$$rtentry$$0000000C)
    .ARM.Collect$$rtentry$$0000000D          0x0800024e   Section        8  __rtentry2.o(.ARM.Collect$$rtentry$$0000000D)
    .ARM.Collect$$rtexit$$00000000           0x08000256   Section        2  rtexit.o(.ARM.Collect$$rtexit$$00000000)
    .ARM.Collect$$rtexit$$00000002           0x08000258   Section        0  rtexit2.o(.ARM.Collect$$rtexit$$00000002)
    .ARM.Collect$$rtexit$$00000003           0x08000258   Section        4  rtexit2.o(.ARM.Collect$$rtexit$$00000003)
    .ARM.Collect$$rtexit$$00000004           0x0800025c   Section        6  rtexit2.o(.ARM.Collect$$rtexit$$00000004)
    $v0                                      0x08000264   Number         0  startup_stm32f411xe.o(.text)
    .text                                    0x08000264   Section       64  startup_stm32f411xe.o(.text)
    .text                                    0x080002a4   Section        0  heapauxi.o(.text)
    .text                                    0x080002aa   Section       74  sys_stackheap_outer.o(.text)
    .text                                    0x080002f4   Section        0  exit.o(.text)
    .text                                    0x08000308   Section        8  libspace.o(.text)
    .text                                    0x08000310   Section        0  sys_exit.o(.text)
    .text                                    0x0800031c   Section        2  use_no_semi.o(.text)
    .text                                    0x0800031e   Section        0  indicate_semi.o(.text)
    [Anonymous Symbol]                       0x08000320   Section        0  mid2022.o(.text.EXTI15_10_IRQHandler)
    [Anonymous Symbol]                       0x08000348   Section        0  ecexti2.o(.text.EXTI_init)
    [Anonymous Symbol]                       0x080004d8   Section        0  ecgpio2_student.o(.text.GPIO_init)
    [Anonymous Symbol]                       0x0800053c   Section        0  ecgpio2_student.o(.text.GPIO_mode)
    [Anonymous Symbol]                       0x0800057c   Section        0  ecgpio2_student.o(.text.GPIO_ospeed)
    [Anonymous Symbol]                       0x080005bc   Section        0  ecgpio2_student.o(.text.GPIO_otype)
    [Anonymous Symbol]                       0x080005f8   Section        0  ecgpio2_student.o(.text.GPIO_pupd)
    [Anonymous Symbol]                       0x08000638   Section        0  ecgpio2_student.o(.text.GPIO_toggle)
    [Anonymous Symbol]                       0x08000660   Section        0  ecgpio2_student.o(.text.GPIO_write)
    [Anonymous Symbol]                       0x0800069c   Section        0  ecrcc2.o(.text.RCC_GPIOA_enable)
    [Anonymous Symbol]                       0x080006b0   Section        0  ecrcc2.o(.text.RCC_GPIOB_enable)
    [Anonymous Symbol]                       0x080006c4   Section        0  ecrcc2.o(.text.RCC_GPIOC_enable)
    [Anonymous Symbol]                       0x080006d8   Section        0  ecrcc2.o(.text.RCC_PLL_init)
    [Anonymous Symbol]                       0x080007ec   Section        0  ecsystick2.o(.text.SysTick_Handler)
    [Anonymous Symbol]                       0x080007f4   Section        0  ecsystick2.o(.text.SysTick_counter)
    [Anonymous Symbol]                       0x08000804   Section        0  ecsystick2.o(.text.SysTick_init)
    [Anonymous Symbol]                       0x08000860   Section        0  system_stm32f4xx.o(.text.SystemInit)
    [Anonymous Symbol]                       0x08000874   Section        0  mid2022.o(.text.TIM2_IRQHandler)
    [Anonymous Symbol]                       0x080008e0   Section        0  ectim2.o(.text.TIM_CountDIR)
    [Anonymous Symbol]                       0x08000900   Section        0  ectim2.o(.text.TIM_UI_enable)
    [Anonymous Symbol]                       0x08000914   Section        0  ectim2.o(.text.TIM_UI_init)
    [Anonymous Symbol]                       0x080009fc   Section        0  ectim2.o(.text.TIM_init)
    [Anonymous Symbol]                       0x08000b3c   Section        0  ectim2.o(.text.TIM_period_ms)
    __NVIC_EnableIRQ                         0x08000c05   Thumb Code    48  ecexti2.o(.text.__NVIC_EnableIRQ)
    [Anonymous Symbol]                       0x08000c04   Section        0  ecexti2.o(.text.__NVIC_EnableIRQ)
    __NVIC_EnableIRQ                         0x08000c35   Thumb Code    48  ecsystick2.o(.text.__NVIC_EnableIRQ)
    [Anonymous Symbol]                       0x08000c34   Section        0  ecsystick2.o(.text.__NVIC_EnableIRQ)
    __NVIC_EnableIRQ                         0x08000c65   Thumb Code    48  ectim2.o(.text.__NVIC_EnableIRQ)
    [Anonymous Symbol]                       0x08000c64   Section        0  ectim2.o(.text.__NVIC_EnableIRQ)
    __NVIC_SetPriority                       0x08000c95   Thumb Code    66  ecexti2.o(.text.__NVIC_SetPriority)
    [Anonymous Symbol]                       0x08000c94   Section        0  ecexti2.o(.text.__NVIC_SetPriority)
    __NVIC_SetPriority                       0x08000cd9   Thumb Code    66  ecsystick2.o(.text.__NVIC_SetPriority)
    [Anonymous Symbol]                       0x08000cd8   Section        0  ecsystick2.o(.text.__NVIC_SetPriority)
    __NVIC_SetPriority                       0x08000d1d   Thumb Code    66  ectim2.o(.text.__NVIC_SetPriority)
    [Anonymous Symbol]                       0x08000d1c   Section        0  ectim2.o(.text.__NVIC_SetPriority)
    [Anonymous Symbol]                       0x08000d60   Section        0  ectim2.o(.text.clear_UIF)
    [Anonymous Symbol]                       0x08000d74   Section        0  ecexti2.o(.text.clear_pending_EXTI)
    [Anonymous Symbol]                       0x08000da4   Section        0  ecsystick2.o(.text.delay_ms)
    [Anonymous Symbol]                       0x08000de0   Section        0  ecpinnames.o(.text.ecPinmap)
    [Anonymous Symbol]                       0x08000e84   Section        0  ectim2.o(.text.is_UIF)
    [Anonymous Symbol]                       0x08000e94   Section        0  ecexti2.o(.text.is_pending_EXTI)
    [Anonymous Symbol]                       0x08000ecc   Section        0  mid2022.o(.text.main)
    [Anonymous Symbol]                       0x08000f90   Section        0  mid2022.o(.text.setup)
    [Anonymous Symbol]                       0x080010d4   Section        0  ecgpio2_student.o(.text.sevensegment_decoder)
    [Anonymous Symbol]                       0x0800119c   Section        0  ecgpio2_student.o(.text.sevensegment_decoder_init)
    [Anonymous Symbol]                       0x080011e8   Section        0  mid2022.o(.text.sevensegment_decoder_pause)
    $v0                                      0x08001238   Number         0  fpinit.o(x$fpl$fpinit)
    x$fpl$fpinit                             0x08001238   Section       26  fpinit.o(x$fpl$fpinit)
    .bss                                     0x20000020   Section       96  libspace.o(.bss)
    Heap_Mem                                 0x20000090   Data         512  startup_stm32f411xe.o(HEAP)
    HEAP                                     0x20000090   Section      512  startup_stm32f411xe.o(HEAP)
    Stack_Mem                                0x20000290   Data        1024  startup_stm32f411xe.o(STACK)
    STACK                                    0x20000290   Section     1024  startup_stm32f411xe.o(STACK)
    __initial_sp                             0x20000690   Data           0  startup_stm32f411xe.o(STACK)

    Global Symbols

    Symbol Name                              Value     Ov Type        Size  Object(Section)

    BuildAttributes$$THM_ISAv4$E$P$D$K$B$S$7EM$VFPi3$EXTD16$VFPS$VFMA$PE$A:L22UL41UL21$X:L11$S22US41US21$IEEE1$IW$~IW$USESV6$~STKCKD$USESV7$~SHL$OSPACE$ROPI$EBA8$UX$STANDARDLIB$REQ8$PRES8$EABIv2 0x00000000   Number         0  anon$$obj.o ABSOLUTE
    __ARM_exceptions_init                     - Undefined Weak Reference
    __alloca_initialize                       - Undefined Weak Reference
    __arm_preinit_                            - Undefined Weak Reference
    __arm_relocate_pie_                       - Undefined Weak Reference
    __cpp_initialize__aeabi_                  - Undefined Weak Reference
    __cxa_finalize                            - Undefined Weak Reference
    __rt_locale                               - Undefined Weak Reference
    __sigvec_lookup                           - Undefined Weak Reference
    _atexit_init                              - Undefined Weak Reference
    _call_atexit_fns                          - Undefined Weak Reference
    _clock_init                               - Undefined Weak Reference
    _fp_trap_init                             - Undefined Weak Reference
    _fp_trap_shutdown                         - Undefined Weak Reference
    _get_lc_collate                           - Undefined Weak Reference
    _get_lc_ctype                             - Undefined Weak Reference
    _get_lc_monetary                          - Undefined Weak Reference
    _get_lc_numeric                           - Undefined Weak Reference
    _get_lc_time                              - Undefined Weak Reference
    _getenv_init                              - Undefined Weak Reference
    _handle_redirection                       - Undefined Weak Reference
    _init_alloc                               - Undefined Weak Reference
    _init_user_alloc                          - Undefined Weak Reference
    _initio                                   - Undefined Weak Reference
    _rand_init                                - Undefined Weak Reference
    _signal_finish                            - Undefined Weak Reference
    _signal_init                              - Undefined Weak Reference
    _terminate_alloc                          - Undefined Weak Reference
    _terminate_user_alloc                     - Undefined Weak Reference
    _terminateio                              - Undefined Weak Reference
    __Vectors_Size                           0x00000198   Number         0  startup_stm32f411xe.o ABSOLUTE
    __Vectors                                0x08000000   Data           4  startup_stm32f411xe.o(RESET)
    __Vectors_End                            0x08000198   Data           0  startup_stm32f411xe.o(RESET)
    __main                                   0x08000199   Thumb Code     8  __main.o(!!!main)
    __scatterload                            0x080001a1   Thumb Code     0  __scatter.o(!!!scatter)
    __scatterload_rt2                        0x080001a1   Thumb Code    84  __scatter.o(!!!scatter)
    __scatterload_rt2_thumb_only             0x080001a1   Thumb Code     0  __scatter.o(!!!scatter)
    __scatterload_loop                       0x080001ab   Thumb Code     0  __scatter.o(!!!scatter)
    __scatterload_copy                       0x080001fd   Thumb Code    26  __scatter_copy.o(!!handler_copy)
    __scatterload_null                       0x08000219   Thumb Code     2  __scatter.o(!!handler_null)
    __scatterload_zeroinit                   0x0800021d   Thumb Code    28  __scatter_zi.o(!!handler_zi)
    __rt_lib_init                            0x08000239   Thumb Code     0  libinit.o(.ARM.Collect$$libinit$$00000000)
    __rt_lib_init_fp_1                       0x0800023b   Thumb Code     0  libinit2.o(.ARM.Collect$$libinit$$00000001)
    __rt_lib_init_alloca_1                   0x0800023f   Thumb Code     0  libinit2.o(.ARM.Collect$$libinit$$00000030)
    __rt_lib_init_argv_1                     0x0800023f   Thumb Code     0  libinit2.o(.ARM.Collect$$libinit$$0000002E)
    __rt_lib_init_atexit_1                   0x0800023f   Thumb Code     0  libinit2.o(.ARM.Collect$$libinit$$0000001D)
    __rt_lib_init_clock_1                    0x0800023f   Thumb Code     0  libinit2.o(.ARM.Collect$$libinit$$00000023)
    __rt_lib_init_cpp_1                      0x0800023f   Thumb Code     0  libinit2.o(.ARM.Collect$$libinit$$00000034)
    __rt_lib_init_exceptions_1               0x0800023f   Thumb Code     0  libinit2.o(.ARM.Collect$$libinit$$00000032)
    __rt_lib_init_fp_trap_1                  0x0800023f   Thumb Code     0  libinit2.o(.ARM.Collect$$libinit$$00000021)
    __rt_lib_init_getenv_1                   0x0800023f   Thumb Code     0  libinit2.o(.ARM.Collect$$libinit$$00000025)
    __rt_lib_init_heap_1                     0x0800023f   Thumb Code     0  libinit2.o(.ARM.Collect$$libinit$$0000000C)
    __rt_lib_init_lc_collate_1               0x0800023f   Thumb Code     0  libinit2.o(.ARM.Collect$$libinit$$00000013)
    __rt_lib_init_lc_ctype_1                 0x0800023f   Thumb Code     0  libinit2.o(.ARM.Collect$$libinit$$00000015)
    __rt_lib_init_lc_monetary_1              0x0800023f   Thumb Code     0  libinit2.o(.ARM.Collect$$libinit$$00000017)
    __rt_lib_init_lc_numeric_1               0x0800023f   Thumb Code     0  libinit2.o(.ARM.Collect$$libinit$$00000019)
    __rt_lib_init_lc_time_1                  0x0800023f   Thumb Code     0  libinit2.o(.ARM.Collect$$libinit$$0000001B)
    __rt_lib_init_preinit_1                  0x0800023f   Thumb Code     0  libinit2.o(.ARM.Collect$$libinit$$00000006)
    __rt_lib_init_rand_1                     0x0800023f   Thumb Code     0  libinit2.o(.ARM.Collect$$libinit$$00000010)
    __rt_lib_init_relocate_pie_1             0x0800023f   Thumb Code     0  libinit2.o(.ARM.Collect$$libinit$$00000004)
    __rt_lib_init_return                     0x0800023f   Thumb Code     0  libinit2.o(.ARM.Collect$$libinit$$00000035)
    __rt_lib_init_signal_1                   0x0800023f   Thumb Code     0  libinit2.o(.ARM.Collect$$libinit$$0000001F)
    __rt_lib_init_stdio_1                    0x0800023f   Thumb Code     0  libinit2.o(.ARM.Collect$$libinit$$00000027)
    __rt_lib_init_user_alloc_1               0x0800023f   Thumb Code     0  libinit2.o(.ARM.Collect$$libinit$$0000000E)
    __rt_lib_shutdown                        0x08000241   Thumb Code     0  libshutdown.o(.ARM.Collect$$libshutdown$$00000000)
    __rt_lib_shutdown_cpp_1                  0x08000243   Thumb Code     0  libshutdown2.o(.ARM.Collect$$libshutdown$$00000002)
    __rt_lib_shutdown_fp_trap_1              0x08000243   Thumb Code     0  libshutdown2.o(.ARM.Collect$$libshutdown$$00000007)
    __rt_lib_shutdown_heap_1                 0x08000243   Thumb Code     0  libshutdown2.o(.ARM.Collect$$libshutdown$$0000000F)
    __rt_lib_shutdown_return                 0x08000243   Thumb Code     0  libshutdown2.o(.ARM.Collect$$libshutdown$$00000010)
    __rt_lib_shutdown_signal_1               0x08000243   Thumb Code     0  libshutdown2.o(.ARM.Collect$$libshutdown$$0000000A)
    __rt_lib_shutdown_stdio_1                0x08000243   Thumb Code     0  libshutdown2.o(.ARM.Collect$$libshutdown$$00000004)
    __rt_lib_shutdown_user_alloc_1           0x08000243   Thumb Code     0  libshutdown2.o(.ARM.Collect$$libshutdown$$0000000C)
    __rt_entry                               0x08000245   Thumb Code     0  __rtentry.o(.ARM.Collect$$rtentry$$00000000)
    __rt_entry_presh_1                       0x08000245   Thumb Code     0  __rtentry2.o(.ARM.Collect$$rtentry$$00000002)
    __rt_entry_sh                            0x08000245   Thumb Code     0  __rtentry4.o(.ARM.Collect$$rtentry$$00000004)
    __rt_entry_li                            0x0800024b   Thumb Code     0  __rtentry2.o(.ARM.Collect$$rtentry$$0000000A)
    __rt_entry_postsh_1                      0x0800024b   Thumb Code     0  __rtentry2.o(.ARM.Collect$$rtentry$$00000009)
    __rt_entry_main                          0x0800024f   Thumb Code     0  __rtentry2.o(.ARM.Collect$$rtentry$$0000000D)
    __rt_entry_postli_1                      0x0800024f   Thumb Code     0  __rtentry2.o(.ARM.Collect$$rtentry$$0000000C)
    __rt_exit                                0x08000257   Thumb Code     0  rtexit.o(.ARM.Collect$$rtexit$$00000000)
    __rt_exit_ls                             0x08000259   Thumb Code     0  rtexit2.o(.ARM.Collect$$rtexit$$00000003)
    __rt_exit_prels_1                        0x08000259   Thumb Code     0  rtexit2.o(.ARM.Collect$$rtexit$$00000002)
    __rt_exit_exit                           0x0800025d   Thumb Code     0  rtexit2.o(.ARM.Collect$$rtexit$$00000004)
    Reset_Handler                            0x08000265   Thumb Code     8  startup_stm32f411xe.o(.text)
    NMI_Handler                              0x0800026d   Thumb Code     2  startup_stm32f411xe.o(.text)
    HardFault_Handler                        0x0800026f   Thumb Code     2  startup_stm32f411xe.o(.text)
    MemManage_Handler                        0x08000271   Thumb Code     2  startup_stm32f411xe.o(.text)
    BusFault_Handler                         0x08000273   Thumb Code     2  startup_stm32f411xe.o(.text)
    UsageFault_Handler                       0x08000275   Thumb Code     2  startup_stm32f411xe.o(.text)
    SVC_Handler                              0x08000277   Thumb Code     2  startup_stm32f411xe.o(.text)
    DebugMon_Handler                         0x08000279   Thumb Code     2  startup_stm32f411xe.o(.text)
    PendSV_Handler                           0x0800027b   Thumb Code     2  startup_stm32f411xe.o(.text)
    ADC_IRQHandler                           0x0800027f   Thumb Code     0  startup_stm32f411xe.o(.text)
    DMA1_Stream0_IRQHandler                  0x0800027f   Thumb Code     0  startup_stm32f411xe.o(.text)
    DMA1_Stream1_IRQHandler                  0x0800027f   Thumb Code     0  startup_stm32f411xe.o(.text)
    DMA1_Stream2_IRQHandler                  0x0800027f   Thumb Code     0  startup_stm32f411xe.o(.text)
    DMA1_Stream3_IRQHandler                  0x0800027f   Thumb Code     0  startup_stm32f411xe.o(.text)
    DMA1_Stream4_IRQHandler                  0x0800027f   Thumb Code     0  startup_stm32f411xe.o(.text)
    DMA1_Stream5_IRQHandler                  0x0800027f   Thumb Code     0  startup_stm32f411xe.o(.text)
    DMA1_Stream6_IRQHandler                  0x0800027f   Thumb Code     0  startup_stm32f411xe.o(.text)
    DMA1_Stream7_IRQHandler                  0x0800027f   Thumb Code     0  startup_stm32f411xe.o(.text)
    DMA2_Stream0_IRQHandler                  0x0800027f   Thumb Code     0  startup_stm32f411xe.o(.text)
    DMA2_Stream1_IRQHandler                  0x0800027f   Thumb Code     0  startup_stm32f411xe.o(.text)
    DMA2_Stream2_IRQHandler                  0x0800027f   Thumb Code     0  startup_stm32f411xe.o(.text)
    DMA2_Stream3_IRQHandler                  0x0800027f   Thumb Code     0  startup_stm32f411xe.o(.text)
    DMA2_Stream4_IRQHandler                  0x0800027f   Thumb Code     0  startup_stm32f411xe.o(.text)
    DMA2_Stream5_IRQHandler                  0x0800027f   Thumb Code     0  startup_stm32f411xe.o(.text)
    DMA2_Stream6_IRQHandler                  0x0800027f   Thumb Code     0  startup_stm32f411xe.o(.text)
    DMA2_Stream7_IRQHandler                  0x0800027f   Thumb Code     0  startup_stm32f411xe.o(.text)
    EXTI0_IRQHandler                         0x0800027f   Thumb Code     0  startup_stm32f411xe.o(.text)
    EXTI1_IRQHandler                         0x0800027f   Thumb Code     0  startup_stm32f411xe.o(.text)
    EXTI2_IRQHandler                         0x0800027f   Thumb Code     0  startup_stm32f411xe.o(.text)
    EXTI3_IRQHandler                         0x0800027f   Thumb Code     0  startup_stm32f411xe.o(.text)
    EXTI4_IRQHandler                         0x0800027f   Thumb Code     0  startup_stm32f411xe.o(.text)
    EXTI9_5_IRQHandler                       0x0800027f   Thumb Code     0  startup_stm32f411xe.o(.text)
    FLASH_IRQHandler                         0x0800027f   Thumb Code     0  startup_stm32f411xe.o(.text)
    FPU_IRQHandler                           0x0800027f   Thumb Code     0  startup_stm32f411xe.o(.text)
    I2C1_ER_IRQHandler                       0x0800027f   Thumb Code     0  startup_stm32f411xe.o(.text)
    I2C1_EV_IRQHandler                       0x0800027f   Thumb Code     0  startup_stm32f411xe.o(.text)
    I2C2_ER_IRQHandler                       0x0800027f   Thumb Code     0  startup_stm32f411xe.o(.text)
    I2C2_EV_IRQHandler                       0x0800027f   Thumb Code     0  startup_stm32f411xe.o(.text)
    I2C3_ER_IRQHandler                       0x0800027f   Thumb Code     0  startup_stm32f411xe.o(.text)
    I2C3_EV_IRQHandler                       0x0800027f   Thumb Code     0  startup_stm32f411xe.o(.text)
    OTG_FS_IRQHandler                        0x0800027f   Thumb Code     0  startup_stm32f411xe.o(.text)
    OTG_FS_WKUP_IRQHandler                   0x0800027f   Thumb Code     0  startup_stm32f411xe.o(.text)
    PVD_IRQHandler                           0x0800027f   Thumb Code     0  startup_stm32f411xe.o(.text)
    RCC_IRQHandler                           0x0800027f   Thumb Code     0  startup_stm32f411xe.o(.text)
    RTC_Alarm_IRQHandler                     0x0800027f   Thumb Code     0  startup_stm32f411xe.o(.text)
    RTC_WKUP_IRQHandler                      0x0800027f   Thumb Code     0  startup_stm32f411xe.o(.text)
    SDIO_IRQHandler                          0x0800027f   Thumb Code     0  startup_stm32f411xe.o(.text)
    SPI1_IRQHandler                          0x0800027f   Thumb Code     0  startup_stm32f411xe.o(.text)
    SPI2_IRQHandler                          0x0800027f   Thumb Code     0  startup_stm32f411xe.o(.text)
    SPI3_IRQHandler                          0x0800027f   Thumb Code     0  startup_stm32f411xe.o(.text)
    SPI4_IRQHandler                          0x0800027f   Thumb Code     0  startup_stm32f411xe.o(.text)
    SPI5_IRQHandler                          0x0800027f   Thumb Code     0  startup_stm32f411xe.o(.text)
    TAMP_STAMP_IRQHandler                    0x0800027f   Thumb Code     0  startup_stm32f411xe.o(.text)
    TIM1_BRK_TIM9_IRQHandler                 0x0800027f   Thumb Code     0  startup_stm32f411xe.o(.text)
    TIM1_CC_IRQHandler                       0x0800027f   Thumb Code     0  startup_stm32f411xe.o(.text)
    TIM1_TRG_COM_TIM11_IRQHandler            0x0800027f   Thumb Code     0  startup_stm32f411xe.o(.text)
    TIM1_UP_TIM10_IRQHandler                 0x0800027f   Thumb Code     0  startup_stm32f411xe.o(.text)
    TIM3_IRQHandler                          0x0800027f   Thumb Code     0  startup_stm32f411xe.o(.text)
    TIM4_IRQHandler                          0x0800027f   Thumb Code     0  startup_stm32f411xe.o(.text)
    TIM5_IRQHandler                          0x0800027f   Thumb Code     0  startup_stm32f411xe.o(.text)
    USART1_IRQHandler                        0x0800027f   Thumb Code     0  startup_stm32f411xe.o(.text)
    USART2_IRQHandler                        0x0800027f   Thumb Code     0  startup_stm32f411xe.o(.text)
    USART6_IRQHandler                        0x0800027f   Thumb Code     0  startup_stm32f411xe.o(.text)
    WWDG_IRQHandler                          0x0800027f   Thumb Code     0  startup_stm32f411xe.o(.text)
    __user_initial_stackheap                 0x08000281   Thumb Code     0  startup_stm32f411xe.o(.text)
    __use_two_region_memory                  0x080002a5   Thumb Code     2  heapauxi.o(.text)
    __rt_heap_escrow$2region                 0x080002a7   Thumb Code     2  heapauxi.o(.text)
    __rt_heap_expand$2region                 0x080002a9   Thumb Code     2  heapauxi.o(.text)
    __user_setup_stackheap                   0x080002ab   Thumb Code    74  sys_stackheap_outer.o(.text)
    exit                                     0x080002f5   Thumb Code    18  exit.o(.text)
    __user_libspace                          0x08000309   Thumb Code     8  libspace.o(.text)
    __user_perproc_libspace                  0x08000309   Thumb Code     0  libspace.o(.text)
    __user_perthread_libspace                0x08000309   Thumb Code     0  libspace.o(.text)
    _sys_exit                                0x08000311   Thumb Code     8  sys_exit.o(.text)
    __I$use$semihosting                      0x0800031d   Thumb Code     0  use_no_semi.o(.text)
    __use_no_semihosting_swi                 0x0800031d   Thumb Code     2  use_no_semi.o(.text)
    __semihosting_library_function           0x0800031f   Thumb Code     0  indicate_semi.o(.text)
    EXTI15_10_IRQHandler                     0x08000321   Thumb Code    40  mid2022.o(.text.EXTI15_10_IRQHandler)
    EXTI_init                                0x08000349   Thumb Code   398  ecexti2.o(.text.EXTI_init)
    GPIO_init                                0x080004d9   Thumb Code   100  ecgpio2_student.o(.text.GPIO_init)
    GPIO_mode                                0x0800053d   Thumb Code    62  ecgpio2_student.o(.text.GPIO_mode)
    GPIO_ospeed                              0x0800057d   Thumb Code    62  ecgpio2_student.o(.text.GPIO_ospeed)
    GPIO_otype                               0x080005bd   Thumb Code    58  ecgpio2_student.o(.text.GPIO_otype)
    GPIO_pupd                                0x080005f9   Thumb Code    62  ecgpio2_student.o(.text.GPIO_pupd)
    GPIO_toggle                              0x08000639   Thumb Code    40  ecgpio2_student.o(.text.GPIO_toggle)
    GPIO_write                               0x08000661   Thumb Code    58  ecgpio2_student.o(.text.GPIO_write)
    RCC_GPIOA_enable                         0x0800069d   Thumb Code    18  ecrcc2.o(.text.RCC_GPIOA_enable)
    RCC_GPIOB_enable                         0x080006b1   Thumb Code    18  ecrcc2.o(.text.RCC_GPIOB_enable)
    RCC_GPIOC_enable                         0x080006c5   Thumb Code    18  ecrcc2.o(.text.RCC_GPIOC_enable)
    RCC_PLL_init                             0x080006d9   Thumb Code   276  ecrcc2.o(.text.RCC_PLL_init)
    SysTick_Handler                          0x080007ed   Thumb Code     8  ecsystick2.o(.text.SysTick_Handler)
    SysTick_counter                          0x080007f5   Thumb Code    16  ecsystick2.o(.text.SysTick_counter)
    SysTick_init                             0x08000805   Thumb Code    90  ecsystick2.o(.text.SysTick_init)
    SystemInit                               0x08000861   Thumb Code    18  system_stm32f4xx.o(.text.SystemInit)
    TIM2_IRQHandler                          0x08000875   Thumb Code   106  mid2022.o(.text.TIM2_IRQHandler)
    TIM_CountDIR                             0x080008e1   Thumb Code    32  ectim2.o(.text.TIM_CountDIR)
    TIM_UI_enable                            0x08000901   Thumb Code    18  ectim2.o(.text.TIM_UI_enable)
    TIM_UI_init                              0x08000915   Thumb Code   230  ectim2.o(.text.TIM_UI_init)
    TIM_init                                 0x080009fd   Thumb Code   318  ectim2.o(.text.TIM_init)
    TIM_period_ms                            0x08000b3d   Thumb Code   200  ectim2.o(.text.TIM_period_ms)
    clear_UIF                                0x08000d61   Thumb Code    18  ectim2.o(.text.clear_UIF)
    clear_pending_EXTI                       0x08000d75   Thumb Code    46  ecexti2.o(.text.clear_pending_EXTI)
    delay_ms                                 0x08000da5   Thumb Code    58  ecsystick2.o(.text.delay_ms)
    ecPinmap                                 0x08000de1   Thumb Code   164  ecpinnames.o(.text.ecPinmap)
    is_UIF                                   0x08000e85   Thumb Code    16  ectim2.o(.text.is_UIF)
    is_pending_EXTI                          0x08000e95   Thumb Code    54  ecexti2.o(.text.is_pending_EXTI)
    main                                     0x08000ecd   Thumb Code   196  mid2022.o(.text.main)
    setup                                    0x08000f91   Thumb Code   322  mid2022.o(.text.setup)
    sevensegment_decoder                     0x080010d5   Thumb Code   198  ecgpio2_student.o(.text.sevensegment_decoder)
    sevensegment_decoder_init                0x0800119d   Thumb Code    74  ecgpio2_student.o(.text.sevensegment_decoder_init)
    sevensegment_decoder_pause               0x080011e9   Thumb Code    80  mid2022.o(.text.sevensegment_decoder_pause)
    _fp_init                                 0x08001239   Thumb Code    26  fpinit.o(x$fpl$fpinit)
    __fplib_config_fpu_vfp                   0x08001251   Thumb Code     0  fpinit.o(x$fpl$fpinit)
    __fplib_config_pureend_doubles           0x08001251   Thumb Code     0  fpinit.o(x$fpl$fpinit)
    Region$$Table$$Base                      0x08001254   Number         0  anon$$obj.o(Region$$Table)
    Region$$Table$$Limit                     0x08001274   Number         0  anon$$obj.o(Region$$Table)
    EC_SYSCLK                                0x20000000   Data           4  ecrcc2.o(.data.EC_SYSCLK)
    LED                                      0x20000004   Data           8  mid2022.o(.data.LED)
    ledpattern_map                           0x2000000c   Data          16  mid2022.o(.data.ledpattern_map)
    __libspace_start                         0x20000020   Data          96  libspace.o(.bss)
    __temporary_stack_top$libspace           0x20000080   Data           0  libspace.o(.bss)
    led_cnt                                  0x20000080   Data           4  mid2022.o(.bss.led_cnt)
    msTicks                                  0x20000084   Data           4  ecsystick2.o(.bss.msTicks)
    segment_cnt                              0x20000088   Data           4  mid2022.o(.bss.segment_cnt)
    state                                    0x2000008c   Data           4  mid2022.o(.bss.state)



==============================================================================

Memory Map of the image

  Image Entry point : 0x08000199

  Load Region LR_IROM1 (Base: 0x08000000, Size: 0x00001298, Max: 0x00080000, ABSOLUTE)

    Execution Region ER_IROM1 (Exec base: 0x08000000, Load base: 0x08000000, Size: 0x00001274, Max: 0x00080000, ABSOLUTE)

    Exec Addr    Load Addr    Size         Type   Attr      Idx    E Section Name        Object

    0x08000000   0x08000000   0x00000198   Data   RO          195    RESET               startup_stm32f411xe.o
    0x08000198   0x08000198   0x00000008   Code   RO          220  * !!!main             c_w.l(__main.o)
    0x080001a0   0x080001a0   0x0000005c   Code   RO          385    !!!scatter          c_w.l(__scatter.o)
    0x080001fc   0x080001fc   0x0000001a   Code   RO          389    !!handler_copy      c_w.l(__scatter_copy.o)
    0x08000216   0x08000216   0x00000002   PAD
    0x08000218   0x08000218   0x00000002   Code   RO          386    !!handler_null      c_w.l(__scatter.o)
    0x0800021a   0x0800021a   0x00000002   PAD
    0x0800021c   0x0800021c   0x0000001c   Code   RO          391    !!handler_zi        c_w.l(__scatter_zi.o)
    0x08000238   0x08000238   0x00000002   Code   RO          247    .ARM.Collect$$libinit$$00000000  c_w.l(libinit.o)
    0x0800023a   0x0800023a   0x00000004   Code   RO          253    .ARM.Collect$$libinit$$00000001  c_w.l(libinit2.o)
    0x0800023e   0x0800023e   0x00000000   Code   RO          256    .ARM.Collect$$libinit$$00000004  c_w.l(libinit2.o)
    0x0800023e   0x0800023e   0x00000000   Code   RO          258    .ARM.Collect$$libinit$$00000006  c_w.l(libinit2.o)
    0x0800023e   0x0800023e   0x00000000   Code   RO          261    .ARM.Collect$$libinit$$0000000C  c_w.l(libinit2.o)
    0x0800023e   0x0800023e   0x00000000   Code   RO          263    .ARM.Collect$$libinit$$0000000E  c_w.l(libinit2.o)
    0x0800023e   0x0800023e   0x00000000   Code   RO          265    .ARM.Collect$$libinit$$00000010  c_w.l(libinit2.o)
    0x0800023e   0x0800023e   0x00000000   Code   RO          268    .ARM.Collect$$libinit$$00000013  c_w.l(libinit2.o)
    0x0800023e   0x0800023e   0x00000000   Code   RO          270    .ARM.Collect$$libinit$$00000015  c_w.l(libinit2.o)
    0x0800023e   0x0800023e   0x00000000   Code   RO          272    .ARM.Collect$$libinit$$00000017  c_w.l(libinit2.o)
    0x0800023e   0x0800023e   0x00000000   Code   RO          274    .ARM.Collect$$libinit$$00000019  c_w.l(libinit2.o)
    0x0800023e   0x0800023e   0x00000000   Code   RO          276    .ARM.Collect$$libinit$$0000001B  c_w.l(libinit2.o)
    0x0800023e   0x0800023e   0x00000000   Code   RO          278    .ARM.Collect$$libinit$$0000001D  c_w.l(libinit2.o)
    0x0800023e   0x0800023e   0x00000000   Code   RO          280    .ARM.Collect$$libinit$$0000001F  c_w.l(libinit2.o)
    0x0800023e   0x0800023e   0x00000000   Code   RO          282    .ARM.Collect$$libinit$$00000021  c_w.l(libinit2.o)
    0x0800023e   0x0800023e   0x00000000   Code   RO          284    .ARM.Collect$$libinit$$00000023  c_w.l(libinit2.o)
    0x0800023e   0x0800023e   0x00000000   Code   RO          286    .ARM.Collect$$libinit$$00000025  c_w.l(libinit2.o)
    0x0800023e   0x0800023e   0x00000000   Code   RO          288    .ARM.Collect$$libinit$$00000027  c_w.l(libinit2.o)
    0x0800023e   0x0800023e   0x00000000   Code   RO          292    .ARM.Collect$$libinit$$0000002E  c_w.l(libinit2.o)
    0x0800023e   0x0800023e   0x00000000   Code   RO          294    .ARM.Collect$$libinit$$00000030  c_w.l(libinit2.o)
    0x0800023e   0x0800023e   0x00000000   Code   RO          296    .ARM.Collect$$libinit$$00000032  c_w.l(libinit2.o)
    0x0800023e   0x0800023e   0x00000000   Code   RO          298    .ARM.Collect$$libinit$$00000034  c_w.l(libinit2.o)
    0x0800023e   0x0800023e   0x00000002   Code   RO          299    .ARM.Collect$$libinit$$00000035  c_w.l(libinit2.o)
    0x08000240   0x08000240   0x00000002   Code   RO          321    .ARM.Collect$$libshutdown$$00000000  c_w.l(libshutdown.o)
    0x08000242   0x08000242   0x00000000   Code   RO          336    .ARM.Collect$$libshutdown$$00000002  c_w.l(libshutdown2.o)
    0x08000242   0x08000242   0x00000000   Code   RO          338    .ARM.Collect$$libshutdown$$00000004  c_w.l(libshutdown2.o)
    0x08000242   0x08000242   0x00000000   Code   RO          341    .ARM.Collect$$libshutdown$$00000007  c_w.l(libshutdown2.o)
    0x08000242   0x08000242   0x00000000   Code   RO          344    .ARM.Collect$$libshutdown$$0000000A  c_w.l(libshutdown2.o)
    0x08000242   0x08000242   0x00000000   Code   RO          346    .ARM.Collect$$libshutdown$$0000000C  c_w.l(libshutdown2.o)
    0x08000242   0x08000242   0x00000000   Code   RO          349    .ARM.Collect$$libshutdown$$0000000F  c_w.l(libshutdown2.o)
    0x08000242   0x08000242   0x00000002   Code   RO          350    .ARM.Collect$$libshutdown$$00000010  c_w.l(libshutdown2.o)
    0x08000244   0x08000244   0x00000000   Code   RO          222    .ARM.Collect$$rtentry$$00000000  c_w.l(__rtentry.o)
    0x08000244   0x08000244   0x00000000   Code   RO          224    .ARM.Collect$$rtentry$$00000002  c_w.l(__rtentry2.o)
    0x08000244   0x08000244   0x00000006   Code   RO          236    .ARM.Collect$$rtentry$$00000004  c_w.l(__rtentry4.o)
    0x0800024a   0x0800024a   0x00000000   Code   RO          226    .ARM.Collect$$rtentry$$00000009  c_w.l(__rtentry2.o)
    0x0800024a   0x0800024a   0x00000004   Code   RO          227    .ARM.Collect$$rtentry$$0000000A  c_w.l(__rtentry2.o)
    0x0800024e   0x0800024e   0x00000000   Code   RO          229    .ARM.Collect$$rtentry$$0000000C  c_w.l(__rtentry2.o)
    0x0800024e   0x0800024e   0x00000008   Code   RO          230    .ARM.Collect$$rtentry$$0000000D  c_w.l(__rtentry2.o)
    0x08000256   0x08000256   0x00000002   Code   RO          251    .ARM.Collect$$rtexit$$00000000  c_w.l(rtexit.o)
    0x08000258   0x08000258   0x00000000   Code   RO          301    .ARM.Collect$$rtexit$$00000002  c_w.l(rtexit2.o)
    0x08000258   0x08000258   0x00000004   Code   RO          302    .ARM.Collect$$rtexit$$00000003  c_w.l(rtexit2.o)
    0x0800025c   0x0800025c   0x00000006   Code   RO          303    .ARM.Collect$$rtexit$$00000004  c_w.l(rtexit2.o)
    0x08000262   0x08000262   0x00000002   PAD
    0x08000264   0x08000264   0x00000040   Code   RO          196    .text               startup_stm32f411xe.o
    0x080002a4   0x080002a4   0x00000006   Code   RO          218    .text               c_w.l(heapauxi.o)
    0x080002aa   0x080002aa   0x0000004a   Code   RO          238    .text               c_w.l(sys_stackheap_outer.o)
    0x080002f4   0x080002f4   0x00000012   Code   RO          240    .text               c_w.l(exit.o)
    0x08000306   0x08000306   0x00000002   PAD
    0x08000308   0x08000308   0x00000008   Code   RO          248    .text               c_w.l(libspace.o)
    0x08000310   0x08000310   0x0000000c   Code   RO          311    .text               c_w.l(sys_exit.o)
    0x0800031c   0x0800031c   0x00000002   Code   RO          326    .text               c_w.l(use_no_semi.o)
    0x0800031e   0x0800031e   0x00000000   Code   RO          328    .text               c_w.l(indicate_semi.o)
    0x0800031e   0x0800031e   0x00000002   PAD
    0x08000320   0x08000320   0x00000028   Code   RO           10    .text.EXTI15_10_IRQHandler  mid2022.o
    0x08000348   0x08000348   0x0000018e   Code   RO           26    .text.EXTI_init     ecexti2.o
    0x080004d6   0x080004d6   0x00000002   PAD
    0x080004d8   0x080004d8   0x00000064   Code   RO           47    .text.GPIO_init     ecgpio2_student.o
    0x0800053c   0x0800053c   0x0000003e   Code   RO           49    .text.GPIO_mode     ecgpio2_student.o
    0x0800057a   0x0800057a   0x00000002   PAD
    0x0800057c   0x0800057c   0x0000003e   Code   RO           51    .text.GPIO_ospeed   ecgpio2_student.o
    0x080005ba   0x080005ba   0x00000002   PAD
    0x080005bc   0x080005bc   0x0000003a   Code   RO           53    .text.GPIO_otype    ecgpio2_student.o
    0x080005f6   0x080005f6   0x00000002   PAD
    0x080005f8   0x080005f8   0x0000003e   Code   RO           55    .text.GPIO_pupd     ecgpio2_student.o
    0x08000636   0x08000636   0x00000002   PAD
    0x08000638   0x08000638   0x00000028   Code   RO           61    .text.GPIO_toggle   ecgpio2_student.o
    0x08000660   0x08000660   0x0000003a   Code   RO           59    .text.GPIO_write    ecgpio2_student.o
    0x0800069a   0x0800069a   0x00000002   PAD
    0x0800069c   0x0800069c   0x00000012   Code   RO          121    .text.RCC_GPIOA_enable  ecrcc2.o
    0x080006ae   0x080006ae   0x00000002   PAD
    0x080006b0   0x080006b0   0x00000012   Code   RO          123    .text.RCC_GPIOB_enable  ecrcc2.o
    0x080006c2   0x080006c2   0x00000002   PAD
    0x080006c4   0x080006c4   0x00000012   Code   RO          125    .text.RCC_GPIOC_enable  ecrcc2.o
    0x080006d6   0x080006d6   0x00000002   PAD
    0x080006d8   0x080006d8   0x00000114   Code   RO          119    .text.RCC_PLL_init  ecrcc2.o
    0x080007ec   0x080007ec   0x00000008   Code   RO          141    .text.SysTick_Handler  ecsystick2.o
    0x080007f4   0x080007f4   0x00000010   Code   RO          143    .text.SysTick_counter  ecsystick2.o
    0x08000804   0x08000804   0x0000005a   Code   RO          135    .text.SysTick_init  ecsystick2.o
    0x0800085e   0x0800085e   0x00000002   PAD
    0x08000860   0x08000860   0x00000012   Code   RO          203    .text.SystemInit    system_stm32f4xx.o
    0x08000872   0x08000872   0x00000002   PAD
    0x08000874   0x08000874   0x0000006a   Code   RO            8    .text.TIM2_IRQHandler  mid2022.o
    0x080008de   0x080008de   0x00000002   PAD
    0x080008e0   0x080008e0   0x00000020   Code   RO          185    .text.TIM_CountDIR  ectim2.o
    0x08000900   0x08000900   0x00000012   Code   RO          173    .text.TIM_UI_enable  ectim2.o
    0x08000912   0x08000912   0x00000002   PAD
    0x08000914   0x08000914   0x000000e6   Code   RO          171    .text.TIM_UI_init   ectim2.o
    0x080009fa   0x080009fa   0x00000002   PAD
    0x080009fc   0x080009fc   0x0000013e   Code   RO          163    .text.TIM_init      ectim2.o
    0x08000b3a   0x08000b3a   0x00000002   PAD
    0x08000b3c   0x08000b3c   0x000000c8   Code   RO          165    .text.TIM_period_ms  ectim2.o
    0x08000c04   0x08000c04   0x00000030   Code   RO           30    .text.__NVIC_EnableIRQ  ecexti2.o
    0x08000c34   0x08000c34   0x00000030   Code   RO          139    .text.__NVIC_EnableIRQ  ecsystick2.o
    0x08000c64   0x08000c64   0x00000030   Code   RO          175    .text.__NVIC_EnableIRQ  ectim2.o
    0x08000c94   0x08000c94   0x00000042   Code   RO           28    .text.__NVIC_SetPriority  ecexti2.o
    0x08000cd6   0x08000cd6   0x00000002   PAD
    0x08000cd8   0x08000cd8   0x00000042   Code   RO          137    .text.__NVIC_SetPriority  ecsystick2.o
    0x08000d1a   0x08000d1a   0x00000002   PAD
    0x08000d1c   0x08000d1c   0x00000042   Code   RO          177    .text.__NVIC_SetPriority  ectim2.o
    0x08000d5e   0x08000d5e   0x00000002   PAD
    0x08000d60   0x08000d60   0x00000012   Code   RO          183    .text.clear_UIF     ectim2.o
    0x08000d72   0x08000d72   0x00000002   PAD
    0x08000d74   0x08000d74   0x0000002e   Code   RO           38    .text.clear_pending_EXTI  ecexti2.o
    0x08000da2   0x08000da2   0x00000002   PAD
    0x08000da4   0x08000da4   0x0000003a   Code   RO          145    .text.delay_ms      ecsystick2.o
    0x08000dde   0x08000dde   0x00000002   PAD
    0x08000de0   0x08000de0   0x000000a4   Code   RO           84    .text.ecPinmap      ecpinnames.o
    0x08000e84   0x08000e84   0x00000010   Code   RO          181    .text.is_UIF        ectim2.o
    0x08000e94   0x08000e94   0x00000036   Code   RO           36    .text.is_pending_EXTI  ecexti2.o
    0x08000eca   0x08000eca   0x00000002   PAD
    0x08000ecc   0x08000ecc   0x000000c4   Code   RO            2    .text.main          mid2022.o
    0x08000f90   0x08000f90   0x00000142   Code   RO            4    .text.setup         mid2022.o
    0x080010d2   0x080010d2   0x00000002   PAD
    0x080010d4   0x080010d4   0x000000c6   Code   RO           69    .text.sevensegment_decoder  ecgpio2_student.o
    0x0800119a   0x0800119a   0x00000002   PAD
    0x0800119c   0x0800119c   0x0000004a   Code   RO           67    .text.sevensegment_decoder_init  ecgpio2_student.o
    0x080011e6   0x080011e6   0x00000002   PAD
    0x080011e8   0x080011e8   0x00000050   Code   RO            6    .text.sevensegment_decoder_pause  mid2022.o
    0x08001238   0x08001238   0x0000001a   Code   RO          309    x$fpl$fpinit        fz_wm.l(fpinit.o)
    0x08001252   0x08001252   0x00000002   PAD
    0x08001254   0x08001254   0x00000020   Data   RO          384    Region$$Table       anon$$obj.o


    Execution Region RW_IRAM1 (Exec base: 0x20000000, Load base: 0x08001278, Size: 0x00000690, Max: 0x00020000, ABSOLUTE)

    Exec Addr    Load Addr    Size         Type   Attr      Idx    E Section Name        Object

    0x20000000   0x08001278   0x00000004   Data   RW          127    .data.EC_SYSCLK     ecrcc2.o
    0x20000004   0x0800127c   0x00000008   Data   RW           12    .data.LED           mid2022.o
    0x2000000c   0x08001284   0x00000010   Data   RW           16    .data.ledpattern_map  mid2022.o
    0x2000001c   0x08001294   0x00000004   PAD
    0x20000020        -       0x00000060   Zero   RW          249    .bss                c_w.l(libspace.o)
    0x20000080        -       0x00000004   Zero   RW           14    .bss.led_cnt        mid2022.o
    0x20000084        -       0x00000004   Zero   RW          155    .bss.msTicks        ecsystick2.o
    0x20000088        -       0x00000004   Zero   RW           15    .bss.segment_cnt    mid2022.o
    0x2000008c        -       0x00000004   Zero   RW           13    .bss.state          mid2022.o
    0x20000090        -       0x00000200   Zero   RW          194    HEAP                startup_stm32f411xe.o
    0x20000290        -       0x00000400   Zero   RW          193    STACK               startup_stm32f411xe.o


==============================================================================

Image component sizes


      Code (inc. data)   RO Data    RW Data    ZI Data      Debug   Object Name

       612          0          0          0          0       6770   ecexti2.o
       714          0          0          0          0       4469   ecgpio2_student.o
       164          0          0          0          0       2102   ecpinnames.o
       330          0          0          4          0       2228   ecrcc2.o
       286          0          0          0          4       4511   ecsystick2.o
       946          0          0          0          0       6784   ectim2.o
       744          0          0         24         12       3364   mid2022.o
        64         26        408          0       1536        892   startup_stm32f411xe.o
        18          0          0          0          0       2818   system_stm32f4xx.o

    ----------------------------------------------------------------------
      3928         26        440         28       1556      33938   Object Totals
         0          0         32          0          0          0   (incl. Generated)
        50          0          0          0          4          0   (incl. Padding)

    ----------------------------------------------------------------------

      Code (inc. data)   RO Data    RW Data    ZI Data      Debug   Library Member Name

         8          0          0          0          0         68   __main.o
         0          0          0          0          0          0   __rtentry.o
        12          0          0          0          0          0   __rtentry2.o
         6          0          0          0          0          0   __rtentry4.o
        94          8          0          0          0          0   __scatter.o
        26          0          0          0          0          0   __scatter_copy.o
        28          0          0          0          0          0   __scatter_zi.o
        18          0          0          0          0         80   exit.o
         6          0          0          0          0        152   heapauxi.o
         0          0          0          0          0          0   indicate_semi.o
         2          0          0          0          0          0   libinit.o
         6          0          0          0          0          0   libinit2.o
         2          0          0          0          0          0   libshutdown.o
         2          0          0          0          0          0   libshutdown2.o
         8          4          0          0         96         68   libspace.o
         2          0          0          0          0          0   rtexit.o
        10          0          0          0          0          0   rtexit2.o
        12          4          0          0          0         68   sys_exit.o
        74          0          0          0          0         80   sys_stackheap_outer.o
         2          0          0          0          0         68   use_no_semi.o
        26          0          0          0          0        116   fpinit.o

    ----------------------------------------------------------------------
       356         16          0          0         96        700   Library Totals
        12          0          0          0          0          0   (incl. Padding)

    ----------------------------------------------------------------------

      Code (inc. data)   RO Data    RW Data    ZI Data      Debug   Library Name

       318         16          0          0         96        584   c_w.l
        26          0          0          0          0        116   fz_wm.l

    ----------------------------------------------------------------------
       356         16          0          0         96        700   Library Totals

    ----------------------------------------------------------------------

==============================================================================


      Code (inc. data)   RO Data    RW Data    ZI Data      Debug   

      4284         42        440         28       1652      34410   Grand Totals
      4284         42        440         28       1652      34410   ELF Image Totals
      4284         42        440         28          0          0   ROM Totals

==============================================================================

    Total RO  Size (Code + RO Data)                 4724 (   4.61kB)
    Total RW  Size (RW Data + ZI Data)              1680 (   1.64kB)
    Total ROM Size (Code + RO Data + RW Data)       4752 (   4.64kB)

==============================================================================

